<html>
<body>
<pre>
<h1>µVision Build Log</h1>
<h2>Project:</h2>
D:\Studies\Courses\EE500_embedded Systems\Project\hello\keil\I2C\I2C.uvproj
Project File Date:  11/16/2010

<h2>Output:</h2>
Rebuild target 'FLASH'
assembling startup_LPC17xx.s...
compiling system_LPC17xx.c...
compiling i2cmst.c...
compiling i2c.c...
linking...
Program Size: Code=3004 RO-data=268 RW-data=28 ZI-data=1052  
FromELF: creating hex file...
".\FLASH\I2C.axf" - 0 Error(s), 0 Warning(s).
Load "D:\\Studies\\Courses\\EE500_embedded Systems\\Project\\hello\\keil\\I2C\\FLASH\\I2C.axf" 
Internal DLL Error
Error: Flash Download failed  -  Target DLL has been cancelled
</pre>
</body>
</html>
