<html>
<body>
<pre>
<h1>µVision Build Log</h1>
<h2>Project:</h2>
D:\Studies\Courses\EE500_embedded Systems\Project\hello\keil\PWM\PWM.uvproj
Project File Date:  11/30/2010

<h2>Output:</h2>
Rebuild target 'FLASH'
assembling startup_LPC17xx.s...
compiling system_LPC17xx.c...
compiling pwm.c...
compiling pwmtest.c...
linking...
Program Size: Code=1340 RO-data=236 RW-data=12 ZI-data=612  
FromELF: creating hex file...
".\FLASH\PWM.axf" - 0 Error(s), 0 Warning(s).
Load "D:\\Studies\\Courses\\EE500_embedded Systems\\Project\\hello\\keil\\PWM\\FLASH\\PWM.axf" 
Internal DLL Error
Error: Flash Download failed  -  Target DLL has been cancelled
Load "D:\\Studies\\Courses\\EE500_embedded Systems\\Project\\hello\\keil\\PWM\\FLASH\\PWM.axf" 
RDDI-DAP Error
Error: Flash Download failed  -  Target DLL has been cancelled
</pre>
</body>
</html>
