<html>
<body>
<pre>
<h1>µVision Build Log</h1>
<h2>Project:</h2>
C:\Users\Arunkumar\Desktop\EE500LLB\Project (1)\Project\bALANCING boT\final code\hello.uvproj
Project File Date:  11/22/2013

<h2>Output:</h2>
Rebuild target 'mbed NXP LPC1768'
compiling main.cpp...
compiling I2Cdev.cpp...
linking...
Program Size: Code=35546 RO-data=1754 RW-data=248 ZI-data=676  
After Build - User command #1: fromelf --bin -o build\hello_LPC1768.bin build\hello.axf
".\build\firmware.axf" - 0 Error(s), 0 Warning(s).
</pre>
</body>
</html>
