ARM Linker, 5.03 [Build 76] [MDK-ARM Standard]

==============================================================================

Section Cross References

    main.o(.text) refers to fflt_clz.o(x$fpl$fflt) for __aeabi_i2f
    main.o(.text) refers to fmul.o(x$fpl$fmul) for __aeabi_fmul
    main.o(.text) refers to ffix.o(x$fpl$ffix) for __aeabi_f2iz
    main.o(.text) refers to fdiv.o(x$fpl$fdiv) for __aeabi_fdiv
    main.o(.text) refers to main.o(i._ZN4mbed6PwmOutaSEf) for mbed::PwmOut::operator =(float)
    main.o(.text) refers to i2cdev.o(.text) for I2Cdev::readTimeout()
    main.o(.text) refers to Serial.o(i._ZN4mbed6SerialC1E7PinNameS1_PKc) for mbed::Serial::Serial(PinName, PinName, const char*)
    main.o(.text) refers to Timer.o(i._ZN4mbed5Timer5startEv) for mbed::Timer::start()
    main.o(.text) refers to dflt_clz.o(x$fpl$dflt) for __aeabi_i2d
    main.o(.text) refers to daddsub_clz.o(x$fpl$dadd) for __aeabi_dadd
    main.o(.text) refers to dfix.o(x$fpl$dfix) for __aeabi_d2iz
    main.o(.text) refers to ddiv.o(x$fpl$ddiv) for __aeabi_ddiv
    main.o(.text) refers to atan2.o(i.atan2) for atan2
    main.o(.text) refers to dmul.o(x$fpl$dmul) for __aeabi_dmul
    main.o(.text) refers to main.o(.data) for temp
    main.o(.text) refers to main.o(.bss) for t
    main.o(.text) refers to main.o(i._ZN6Kalman8setAngleEd) for Kalman::setAngle(double)
    main.o(.text) refers to Timer.o(i._ZN4mbed5Timer7read_usEv) for mbed::Timer::read_us()
    main.o(.text) refers to daddsub_clz.o(x$fpl$dsub) for __aeabi_dsub
    main.o(.text) refers to main.o(i._ZN6Kalman8getAngleEddd) for Kalman::getAngle(double, double, double)
    main.o(.text) refers to f2d.o(x$fpl$f2d) for __aeabi_f2d
    main.o(.text) refers to Stream.o(i._ZN4mbed6Stream6printfEPKcz) for mbed::Stream::printf(const char*, ...)
    main.o(.text) refers to wait_api.o(i.wait_ms) for wait_ms
    main.o(.text) refers to h1_alloc.o(.text) for malloc
    main.o(.text) refers to memcmp.o(.text) for memcmp
    main.o(.text) refers to h1_free.o(.text) for free
    main.o(.text) refers to h1_realloc.o(.text) for realloc
    main.o(.text) refers to aeabi_atexit.o(i.__aeabi_atexit) for __aeabi_atexit
    main.o(.text) refers to Timer.o(i._ZN4mbed5TimerC1Ev) for mbed::Timer::Timer()
    main.o(.text) refers to main.o(i._ZN4mbed6PwmOutC1E7PinName) for mbed::PwmOut::PwmOut(PinName)
    main.o(.text) refers to main.o(i._ZN6KalmanC1Ev) for Kalman::Kalman()
    main.o(.text) refers to main.o(i._ZN4mbed6SerialD1Ev) for mbed::Serial::~Serial()
    main.o(.ARM.exidx) refers to main.o(.text) for .text
    main.o(.init_array) refers to main.o(.text) for __sti___8_main_cpp
    main.o(.init_array) refers to init_aeabi.o(.text) for __cpp_initialize__aeabi_
    i2cdev.o(.text) refers to I2C.o(i._ZN4mbed3I2CC1E7PinNameS1_) for mbed::I2C::I2C(PinName, PinName)
    i2cdev.o(.text) refers to Serial.o(i._ZN4mbed6SerialC1E7PinNameS1_PKc) for mbed::Serial::Serial(PinName, PinName, const char*)
    i2cdev.o(.text) refers to h1_alloc.o(.text) for malloc
    i2cdev.o(.text) refers to I2C.o(i._ZN4mbed3I2C5writeEiPKcib) for mbed::I2C::write(int, const char*, int, bool)
    i2cdev.o(.text) refers to I2C.o(i._ZN4mbed3I2C4readEiPcib) for mbed::I2C::read(int, char*, int, bool)
    i2cdev.o(.text) refers to h1_free.o(.text) for free
    i2cdev.o(.text) refers to I2C.o(i._ZN4mbed3I2C5startEv) for mbed::I2C::start()
    i2cdev.o(.text) refers to I2C.o(i._ZN4mbed3I2C5writeEi) for mbed::I2C::write(int)
    i2cdev.o(.text) refers to I2C.o(i._ZN4mbed3I2C4stopEv) for mbed::I2C::stop()
    i2cdev.o(.ARM.exidx) refers to i2cdev.o(.text) for .text
    sys.o(.ARM.exidx) refers to sys.o(i.__user_setup_stackheap) for i.__user_setup_stackheap
    system_LPC17xx.o(i.SystemCoreClockUpdate) refers to lludivv7m.o(.text) for __aeabi_uldivmod
    system_LPC17xx.o(i.SystemCoreClockUpdate) refers to system_LPC17xx.o(.data) for .data
    startup_LPC17xx.o(RESET) refers to startup_LPC17xx.o(.text) for Reset_Handler
    startup_LPC17xx.o(.text) refers to system_LPC17xx.o(i.SystemInit) for SystemInit
    startup_LPC17xx.o(.text) refers to __main.o(!!!main) for __main
    retarget.o(i.$Sub$$main) refers to retarget.o(i.mbed_main) for mbed_main
    retarget.o(i.$Sub$$main) refers to main.o(.text) for $Super$$main
    retarget.o(i._Z11init_serialv) refers to serial_api.o(i.serial_init) for serial_init
    retarget.o(i._Z11init_serialv) refers to serial_api.o(.data) for stdio_uart_inited
    retarget.o(i._ZN4mbed10FileHandleD0Ev) refers to retarget.o(i._ZN4mbed10FileHandleD2Ev) for mbed::FileHandle::~FileHandle__sub_object()
    retarget.o(i._ZN4mbed10FileHandleD0Ev) refers to delete.o(i._ZdlPv) for operator delete (void*)
    retarget.o(i._ZN4mbed10FileHandleD2Ev) refers to retarget.o(.constdata__ZTVN4mbed10FileHandleE) for vtable for mbed::FileHandle
    retarget.o(i._ZN4mbed10FileHandleD2Ev) refers to retarget.o(.bss) for .bss
[...]
    I2Cdev::writeBits(unsigned char, unsigned char, unsigned char, unsigned char, unsigned char) 0x0000356b   Thumb Code   102  i2cdev.o(.text)
    I2Cdev::writeBitsW(unsigned char, unsigned char, unsigned char, unsigned char, unsigned short) 0x000035d1   Thumb Code   108  i2cdev.o(.text)
    realloc                                  0x0000363d   Thumb Code   184  h1_realloc.o(.text)
    __2fprintf                               0x000036f5   Thumb Code    20  __2fprintf.o(.text)
    __2sprintf                               0x00003709   Thumb Code    38  __2sprintf.o(.text)
    _printf_int_dec                          0x00003735   Thumb Code   102  _printf_dec.o(.text)
    _printf_longlong_hex                     0x000037ad   Thumb Code    92  _printf_hex_int_ll_ptr.o(.text)
    _printf_int_hex                          0x00003809   Thumb Code    28  _printf_hex_int_ll_ptr.o(.text)
    _printf_ll_hex                           0x00003825   Thumb Code    12  _printf_hex_int_ll_ptr.o(.text)
    _printf_hex_ptr                          0x00003831   Thumb Code    18  _printf_hex_int_ll_ptr.o(.text)
    __printf                                 0x00003849   Thumb Code   390  __printf_flags_ss_wp.o(.text)
    __0sscanf                                0x000039d5   Thumb Code    52  __0sscanf.o(.text)
    _scanf_int                               0x00003a11   Thumb Code   336  _scanf_int.o(.text)
    _do_fflush                               0x00003b61   Thumb Code    54  fflush.o(.text)
    fflush                                   0x00003b97   Thumb Code    42  fflush.o(.text)
    freopen                                  0x00003bc5   Thumb Code   158  fopen.o(.text)
    fopen                                    0x00003c63   Thumb Code    74  fopen.o(.text)
    setbuf                                   0x00003cb1   Thumb Code    20  setbuf.o(.text)
    _fclose_internal                         0x00003cc5   Thumb Code    76  fclose.o(.text)
    fclose                                   0x00003cc5   Thumb Code     0  fclose.o(.text)
    memcmp                                   0x00003d11   Thumb Code    88  memcmp.o(.text)
    strlen                                   0x00003d69   Thumb Code    62  strlen.o(.text)
    strncmp                                  0x00003da7   Thumb Code   150  strncmp.o(.text)
    __aeabi_memcpy4                          0x00003e3d   Thumb Code     0  rt_memcpy_w.o(.text)
    __aeabi_memcpy8                          0x00003e3d   Thumb Code     0  rt_memcpy_w.o(.text)
    __rt_memcpy_w                            0x00003e3d   Thumb Code   100  rt_memcpy_w.o(.text)
    _memcpy_lastbytes_aligned                0x00003e85   Thumb Code     0  rt_memcpy_w.o(.text)
    memset                                   0x00003ea1   Thumb Code    22  memset.o(.text)
    strcmp                                   0x00003eb9   Thumb Code   128  strcmpv7m.o(.text)
    __cpp_initialize__aeabi_                 0x00003f39   Thumb Code    26  init_aeabi.o(.text)
    __aeabi_vec_dtor                         0x00003f5d   Thumb Code    34  aeabi_vec_dtor_noexceptions.o(.text)
    __rt_ddtor_pointer_addr                  0x00003f81   Thumb Code     8  rt_ddtor_pointer_addr.o(.text)
    __use_no_heap                            0x00003f89   Thumb Code     2  hguard.o(.text)
    __heap$guard                             0x00003f8b   Thumb Code     2  hguard.o(.text)
    _terminate_user_alloc                    0x00003f8d   Thumb Code     2  init_alloc.o(.text)
    _init_user_alloc                         0x00003f8f   Thumb Code     2  init_alloc.o(.text)
    __Heap_Full                              0x00003f91   Thumb Code    34  init_alloc.o(.text)
    __Heap_Broken                            0x00003fb3   Thumb Code     6  init_alloc.o(.text)
    _init_alloc                              0x00003fb9   Thumb Code    94  init_alloc.o(.text)
    __Heap_Initialize                        0x00004017   Thumb Code    10  h1_init.o(.text)
    __Heap_DescSize                          0x00004021   Thumb Code     4  h1_init.o(.text)
    _printf_pre_padding                      0x00004025   Thumb Code    46  _printf_pad.o(.text)
    _printf_post_padding                     0x00004053   Thumb Code    36  _printf_pad.o(.text)
    _printf_truncate_signed                  0x00004077   Thumb Code    18  _printf_truncate.o(.text)
    _printf_truncate_unsigned                0x00004089   Thumb Code    18  _printf_truncate.o(.text)
    _printf_str                              0x0000409b   Thumb Code    82  _printf_str.o(.text)
    _printf_int_common                       0x000040ed   Thumb Code   184  _printf_intcommon.o(.text)
    _printf_charcount                        0x000041a5   Thumb Code    42  _printf_charcount.o(.text)
    _printf_char_common                      0x000041db   Thumb Code    32  _printf_char_common.o(.text)
    _sputc                                   0x00004201   Thumb Code    10  _sputc.o(.text)
    _printf_char_file                        0x0000420d   Thumb Code    32  _printf_char_file.o(.text)
    _printf_wctomb                           0x00004231   Thumb Code   182  _printf_wctomb.o(.text)
    _printf_longlong_dec                     0x000042ed   Thumb Code   104  _printf_longlong_dec.o(.text)
    _printf_longlong_oct                     0x00004365   Thumb Code    76  _printf_oct_int_ll.o(.text)
    _printf_int_oct                          0x000043b1   Thumb Code    24  _printf_oct_int_ll.o(.text)
    _printf_ll_oct                           0x000043c9   Thumb Code    12  _printf_oct_int_ll.o(.text)
    _chval                                   0x000043dd   Thumb Code    28  _chval.o(.text)
    __vfscanf_char                           0x00004405   Thumb Code    24  scanf_char.o(.text)
    _sgetc                                   0x00004425   Thumb Code    30  _sgetc.o(.text)
    _sbackspace                              0x00004443   Thumb Code    34  _sgetc.o(.text)
    ferror                                   0x00004465   Thumb Code     8  ferror.o(.text)
    __flsbuf                                 0x0000446d   Thumb Code   478  flsbuf.o(.text)
    __flsbuf_byte                            0x0000446d   Thumb Code     0  flsbuf.o(.text)
    __flsbuf_wide                            0x0000446d   Thumb Code     0  flsbuf.o(.text)
    _fseek                                   0x0000464d   Thumb Code   242  fseek.o(.text)
    fseek                                    0x0000464d   Thumb Code     0  fseek.o(.text)
    setvbuf                                  0x00004745   Thumb Code    70  setvbuf.o(.text)
    _seterr                                  0x0000478d   Thumb Code    20  stdio.o(.text)
    _writebuf                                0x000047a1   Thumb Code    84  stdio.o(.text)
    _fflush                                  0x000047f5   Thumb Code    70  stdio.o(.text)
    _deferredlazyseek                        0x0000483b   Thumb Code    60  stdio.o(.text)
    _initio                                  0x0000487d   Thumb Code   210  initio.o(.text)
    _terminateio                             0x0000494f   Thumb Code    56  initio.o(.text)
    __rt_SIGPVFN                             0x000049b5   Thumb Code    14  defsig_pvfn_outer.o(.text)
    __aeabi_memclr                           0x000049c3   Thumb Code     0  rt_memclr.o(.text)
    __rt_memclr                              0x000049c3   Thumb Code    68  rt_memclr.o(.text)
    _memset                                  0x000049c7   Thumb Code     0  rt_memclr.o(.text)
    __aeabi_memclr4                          0x00004a07   Thumb Code     0  rt_memclr_w.o(.text)
    __aeabi_memclr8                          0x00004a07   Thumb Code     0  rt_memclr_w.o(.text)
    __rt_memclr_w                            0x00004a07   Thumb Code    78  rt_memclr_w.o(.text)
    _memset_w                                0x00004a0b   Thumb Code     0  rt_memclr_w.o(.text)
    __default_new_handler()                  0x00004a55   Thumb Code     4  arm_newhandler_noexceptions.o(.text)
    __aeabi_errno_addr                       0x00004a59   Thumb Code     8  rt_errno_addr.o(.text)
    __errno                                  0x00004a59   Thumb Code     0  rt_errno_addr.o(.text)
    __rt_errno_addr                          0x00004a59   Thumb Code     0  rt_errno_addr.o(.text)
    __Heap_ProvideMemory                     0x00004a61   Thumb Code    52  h1_extend.o(.text)
    _ll_udiv10                               0x00004a95   Thumb Code   138  lludiv10.o(.text)
    isspace                                  0x00004b1f   Thumb Code    18  isspace.o(.text)
    __lib_sel_fp_printf                      0x00004b31   Thumb Code     2  _printf_fp_dec.o(.text)
    _printf_fp_dec_real                      0x00004cdd   Thumb Code   628  _printf_fp_dec.o(.text)
    _printf_cs_common                        0x00004f51   Thumb Code    20  _printf_char.o(.text)
    _printf_char                             0x00004f65   Thumb Code    16  _printf_char.o(.text)
    _printf_string                           0x00004f75   Thumb Code     8  _printf_char.o(.text)
    _printf_lcs_common                       0x00004f7d   Thumb Code    20  _printf_wchar.o(.text)
    _printf_wchar                            0x00004f91   Thumb Code    16  _printf_wchar.o(.text)
    _printf_wstring                          0x00004fa1   Thumb Code     8  _printf_wchar.o(.text)
    __vfscanf                                0x00004fa9   Thumb Code   876  _scanf.o(.text)
    _ftell_internal                          0x00005319   Thumb Code    70  ftell.o(.text)
    ftell                                    0x00005319   Thumb Code     0  ftell.o(.text)
    _wcrtomb                                 0x0000535f   Thumb Code    64  _wcrtomb.o(.text)
    __sig_exit                               0x0000539f   Thumb Code    10  defsig_exit.o(.text)
    __rt_SIGRTRED                            0x000053a9   Thumb Code    14  defsig_rtred_outer.o(.text)
    __rt_SIGRTMEM                            0x000053b7   Thumb Code    14  defsig_rtmem_outer.o(.text)
    __rt_SIGPVFN_inner                       0x000053c5   Thumb Code    14  defsig_pvfn_inner.o(.text)
    __rt_heap_escrow                         0x000053f5   Thumb Code    22  heapauxa.o(.text)
    __rt_heap_expand                         0x0000540b   Thumb Code    52  heapauxa.o(.text)
    std::terminate()                         0x00005445   Thumb Code    26  arm_exceptions_terminate.o(.text)
    _sys_exit                                0x00005461   Thumb Code     8  sys_exit.o(.text)
    __rt_ctype_table                         0x0000546d   Thumb Code    16  rt_ctype_table.o(.text)
    __rt_locale                              0x0000547d   Thumb Code     8  rt_locale.o(.text)
    _printf_fp_infnan                        0x00005485   Thumb Code   112  _printf_fp_infnan.o(.text)
    _btod_etento                             0x00005505   Thumb Code   222  bigflt0.o(.text)
    abort                                    0x000055e9   Thumb Code    16  abort.o(.text)
    __default_signal_display                 0x000055f9   Thumb Code    50  defsig_general.o(.text)
    __rt_SIGRTRED_inner                      0x0000562d   Thumb Code    14  defsig_rtred_inner.o(.text)
    __rt_SIGRTMEM_inner                      0x00005661   Thumb Code    22  defsig_rtmem_inner.o(.text)
    __cxa_get_globals                        0x000056b7   Thumb Code    62  arm_exceptions_globs.o(.text)
    _ttywrch                                 0x00005701   Thumb Code    14  sys_wrch.o(.text)
    __I$use$semihosting                      0x0000570f   Thumb Code     0  use_no_semi.o(.text)
    __use_no_semihosting_swi                 0x0000570f   Thumb Code     2  use_no_semi.o(.text)
    __rt_eh_globals_addr                     0x00005711   Thumb Code     8  rt_eh_globals_addr.o(.text)
    __semihosting_library_function           0x00005711   Thumb Code     0  indicate_semi.o(.text)
    __rt_SIGABRT                             0x00005719   Thumb Code    14  defsig_abrt_outer.o(.text)
    __ARM_exceptions_buffer_init             0x00005727   Thumb Code    18  arm_exceptions_mem.o(.text)
    __ARM_exceptions_buffer_allocate         0x00005739   Thumb Code    22  arm_exceptions_mem.o(.text)
    __ARM_exceptions_buffer_free             0x0000574f   Thumb Code    20  arm_exceptions_mem.o(.text)
    __rt_SIGABRT_inner                       0x00005765   Thumb Code    14  defsig_abrt_inner.o(.text)
    _btod_d2e                                0x00005795   Thumb Code    62  btod.o(CL$$btod_d2e)
    _d2e_denorm_low                          0x000057d3   Thumb Code    70  btod.o(CL$$btod_d2e_denorm_low)
    _d2e_norm_op1                            0x00005819   Thumb Code    96  btod.o(CL$$btod_d2e_norm_op1)
    __btod_div_common                        0x00005879   Thumb Code   696  btod.o(CL$$btod_div_common)
    _e2e                                     0x00005bb1   Thumb Code   198  btod.o(CL$$btod_e2e)
    _btod_ediv                               0x00005c77   Thumb Code    40  btod.o(CL$$btod_ediv)
    _btod_emul                               0x00005c9f   Thumb Code    40  btod.o(CL$$btod_emul)
    __btod_mult_common                       0x00005cc7   Thumb Code   580  btod.o(CL$$btod_mult_common)
    main                                     0x00005f0b   Thumb Code    14  retarget.o(i.$Sub$$main)
    NVIC_SetVector                           0x00005f21   Thumb Code    42  cmsis_nvic.o(i.NVIC_SetVector)
    SystemInit                               0x00005f51   Thumb Code   146  system_LPC17xx.o(i.SystemInit)
    mbed::FileHandle::flen()                 0x0000600d   Thumb Code    58  retarget.o(i._ZN4mbed10FileHandle4flenEv)
    mbed::FileHandle::~FileHandle()          0x00006049   Thumb Code     0  retarget.o(i._ZN4mbed10FileHandleD2Ev)
    mbed::FileHandle::~FileHandle__sub_object() 0x00006049   Thumb Code    32  retarget.o(i._ZN4mbed10FileHandleD2Ev)
    mbed::FunctionPointer::call()            0x00006071   Thumb Code    24  FunctionPointer.o(i._ZN4mbed15FunctionPointer4callEv)
    mbed::I2C::read(int, char*, int, bool)   0x00006089   Thumb Code    50  I2C.o(i._ZN4mbed3I2C4readEiPcib)
    mbed::I2C::stop()                        0x000060bb   Thumb Code     4  I2C.o(i._ZN4mbed3I2C4stopEv)
    mbed::I2C::start()                       0x000060bf   Thumb Code     4  I2C.o(i._ZN4mbed3I2C5startEv)
    mbed::I2C::write(int)                    0x000060c3   Thumb Code     4  I2C.o(i._ZN4mbed3I2C5writeEi)
    mbed::I2C::write(int, const char*, int, bool) 0x000060c7   Thumb Code    50  I2C.o(i._ZN4mbed3I2C5writeEiPKcib)
    mbed::I2C::aquire()                      0x000060f9   Thumb Code    24  I2C.o(i._ZN4mbed3I2C6aquireEv)
    mbed::I2C::I2C(PinName, PinName)         0x00006115   Thumb Code    20  I2C.o(i._ZN4mbed3I2CC1E7PinNameS1_)
    mbed::I2C::I2C__sub_object(PinName, PinName) 0x00006115   Thumb Code     0  I2C.o(i._ZN4mbed3I2CC1E7PinNameS1_)
    mbed::Timer::reset()                     0x00006131   Thumb Code    16  Timer.o(i._ZN4mbed5Timer5resetEv)
    mbed::Timer::start()                     0x00006141   Thumb Code    16  Timer.o(i._ZN4mbed5Timer5startEv)
    mbed::Timer::read_us()                   0x00006151   Thumb Code    14  Timer.o(i._ZN4mbed5Timer7read_usEv)
    mbed::Timer::slicetime()                 0x0000615f   Thumb Code    20  Timer.o(i._ZN4mbed5Timer9slicetimeEv)
    mbed::Timer::Timer()                     0x00006173   Thumb Code    12  Timer.o(i._ZN4mbed5TimerC1Ev)
    mbed::Timer::Timer__sub_object()         0x00006173   Thumb Code     0  Timer.o(i._ZN4mbed5TimerC1Ev)
    mbed::PwmOut::PwmOut(PinName)            0x0000617f   Thumb Code    18  main.o(i._ZN4mbed6PwmOutC1E7PinName)
    mbed::PwmOut::PwmOut__sub_object(PinName) 0x0000617f   Thumb Code     0  main.o(i._ZN4mbed6PwmOutC1E7PinName)
    mbed::PwmOut::operator =(float)          0x00006191   Thumb Code    22  main.o(i._ZN4mbed6PwmOutaSEf)
    mbed::Serial::_irq_handler(unsigned, SerialIrq) 0x000061a7   Thumb Code    10  Serial.o(i._ZN4mbed6Serial12_irq_handlerEj9SerialIrq)
    mbed::Serial::_putc(int)                 0x000061b1   Thumb Code    14  Serial.o(i._ZN4mbed6Serial5_putcEi)
    mbed::Serial::Serial(PinName, PinName, const char*) 0x000061c1   Thumb Code    68  Serial.o(i._ZN4mbed6SerialC1E7PinNameS1_PKc)
    mbed::Serial::Serial__sub_object(PinName, PinName, const char*) 0x000061c1   Thumb Code     0  Serial.o(i._ZN4mbed6SerialC1E7PinNameS1_PKc)
    mbed::Serial::~Serial()                  0x00006211   Thumb Code    36  main.o(i._ZN4mbed6SerialD1Ev)
    mbed::Serial::~Serial__sub_object()      0x00006211   Thumb Code     0  main.o(i._ZN4mbed6SerialD1Ev)
    mbed::Stream::flen()                     0x0000623d   Thumb Code     4  Stream.o(i._ZN4mbed6Stream4flenEv)
    mbed::Stream::close()                    0x00006241   Thumb Code     4  Stream.o(i._ZN4mbed6Stream5closeEv)
    mbed::Stream::lseek(long, int)           0x00006245   Thumb Code     4  Stream.o(i._ZN4mbed6Stream5lseekEli)
    mbed::Stream::write(const void*, unsigned) 0x00006249   Thumb Code    40  Stream.o(i._ZN4mbed6Stream5writeEPKvj)
    mbed::Stream::isatty()                   0x00006271   Thumb Code     4  Stream.o(i._ZN4mbed6Stream6isattyEv)
    mbed::Stream::printf(const char*, ...)   0x00006275   Thumb Code    30  Stream.o(i._ZN4mbed6Stream6printfEPKcz)
    mbed::Stream::Stream__sub_object(const char*) 0x00006295   Thumb Code    46  Stream.o(i._ZN4mbed6StreamC2EPKc)
    mbed::Stream::~Stream()                  0x000062d1   Thumb Code     0  Stream.o(i._ZN4mbed6StreamD2Ev)
    mbed::Stream::~Stream__sub_object()      0x000062d1   Thumb Code    28  Stream.o(i._ZN4mbed6StreamD2Ev)
    mbed::FileBase::getPathType()            0x000062f1   Thumb Code     4  FileBase.o(i._ZN4mbed8FileBase11getPathTypeEv)
    mbed::FileBase::lookup(const char*, unsigned) 0x000062f5   Thumb Code    50  FileBase.o(i._ZN4mbed8FileBase6lookupEPKcj)
    mbed::FileBase::FileBase(const char*, mbed::PathType) 0x0000632d   Thumb Code    26  FileBase.o(i._ZN4mbed8FileBaseC1EPKcNS_8PathTypeE)
    mbed::FileBase::FileBase__sub_object(const char*, mbed::PathType) 0x0000632d   Thumb Code     0  FileBase.o(i._ZN4mbed8FileBaseC1EPKcNS_8PathTypeE)
    mbed::FileBase::~FileBase()              0x00006351   Thumb Code    38  FileBase.o(i._ZN4mbed8FileBaseD1Ev)
    mbed::FileBase::~FileBase__sub_object()  0x00006351   Thumb Code     0  FileBase.o(i._ZN4mbed8FileBaseD1Ev)
    mbed::FileLike::FileLike__sub_object(const char*) 0x00006381   Thumb Code    24  FileLike.o(i._ZN4mbed8FileLikeC2EPKc)
    mbed::FileLike::~FileLike()              0x000063a1   Thumb Code     0  FileLike.o(i._ZN4mbed8FileLikeD2Ev)
    mbed::FileLike::~FileLike__sub_object()  0x000063a1   Thumb Code    18  FileLike.o(i._ZN4mbed8FileLikeD2Ev)
    mbed::FilePath::fileSystem()             0x000063b3   Thumb Code    16  FilePath.o(i._ZN4mbed8FilePath10fileSystemEv)
    mbed::FilePath::isFileSystem()           0x000063c3   Thumb Code    20  FilePath.o(i._ZN4mbed8FilePath12isFileSystemEv)
    mbed::FilePath::file()                   0x000063d7   Thumb Code    22  FilePath.o(i._ZN4mbed8FilePath4fileEv)
    mbed::FilePath::exists()                 0x000063ed   Thumb Code    10  FilePath.o(i._ZN4mbed8FilePath6existsEv)
    mbed::FilePath::isFile()                 0x000063f7   Thumb Code    22  FilePath.o(i._ZN4mbed8FilePath6isFileEv)
    mbed::FilePath::fileName()               0x0000640d   Thumb Code     4  FilePath.o(i._ZN4mbed8FilePath8fileNameEv)
    mbed::FilePath::FilePath(const char*)    0x00006411   Thumb Code    62  FilePath.o(i._ZN4mbed8FilePathC1EPKc)
    mbed::FilePath::FilePath__sub_object(const char*) 0x00006411   Thumb Code     0  FilePath.o(i._ZN4mbed8FilePathC1EPKc)
    mbed::CallChain::call()                  0x0000644f   Thumb Code    28  CallChain.o(i._ZN4mbed9CallChain4callEv)
    mbed::CallChain::clear()                 0x0000646b   Thumb Code    42  CallChain.o(i._ZN4mbed9CallChain5clearEv)
    mbed::CallChain::CallChain(int)          0x00006495   Thumb Code    36  CallChain.o(i._ZN4mbed9CallChainC1Ei)
    mbed::CallChain::CallChain__sub_object(int) 0x00006495   Thumb Code     0  CallChain.o(i._ZN4mbed9CallChainC1Ei)
    mbed::CallChain::~CallChain()            0x000064bd   Thumb Code    24  CallChain.o(i._ZN4mbed9CallChainD1Ev)
    mbed::CallChain::~CallChain__sub_object() 0x000064bd   Thumb Code     0  CallChain.o(i._ZN4mbed9CallChainD1Ev)
    Kalman::getAngle(double, double, double) 0x000064d9   Thumb Code   540  main.o(i._ZN6Kalman8getAngleEddd)
    Kalman::setAngle(double)                 0x000066f5   Thumb Code     6  main.o(i._ZN6Kalman8setAngleEd)
    Kalman::Kalman()                         0x000066fd   Thumb Code    56  main.o(i._ZN6KalmanC1Ev)
    Kalman::Kalman__sub_object()             0x000066fd   Thumb Code     0  main.o(i._ZN6KalmanC1Ev)
    operator delete (void*)                  0x0000674d   Thumb Code     8  delete.o(i._ZdlPv)
    operator new[] (unsigned)                0x00006755   Thumb Code     8  array_new.o(i._Znaj)
    operator new(unsigned)                   0x0000675d   Thumb Code    34  new.o(i._Znwj)
    __ARM_fpclassify                         0x00006785   Thumb Code    40  fpclassify.o(i.__ARM_fpclassify)
    __aeabi_atexit                           0x000067ad   Thumb Code    50  aeabi_atexit.o(i.__aeabi_atexit)
    __aeabi_vec_ctor_nocookie_nodtor         0x000067df   Thumb Code    34  aeabi_vec_ctor_nocookie_nodtor.o(i.__aeabi_vec_ctor_nocookie_nodtor)
    __cxa_finalize                           0x00006801   Thumb Code    66  cxa_finalize.o(i.__cxa_finalize)
    __cxa_pure_virtual                       0x00006843   Thumb Code     6  pure_virt.o(i.__cxa_pure_virtual)
    __kernel_poly                            0x00006849   Thumb Code   170  poly.o(i.__kernel_poly)
    __mathlib_dbl_underflow                  0x000068f5   Thumb Code    10  dunder.o(i.__mathlib_dbl_underflow)
    __user_setup_stackheap                   0x00006905   Thumb Code    10  sys.o(i.__user_setup_stackheap)
    _is_digit                                0x00006915   Thumb Code    14  __printf_wp.o(i._is_digit)
    _sys_close                               0x00006925   Thumb Code    36  retarget.o(i._sys_close)
    _sys_flen                                0x0000694d   Thumb Code    32  retarget.o(i._sys_flen)
    _sys_istty                               0x00006971   Thumb Code    32  retarget.o(i._sys_istty)
    _sys_open                                0x00006995   Thumb Code   232  retarget.o(i._sys_open)
    _sys_seek                                0x00006a89   Thumb Code    34  retarget.o(i._sys_seek)
    _sys_write                               0x00006ab1   Thumb Code    72  retarget.o(i._sys_write)
    atan                                     0x00006b05   Thumb Code   478  atan.o(i.atan)
    atan2                                    0x00006d29   Thumb Code   346  atan2.o(i.atan2)
    exit                                     0x00006ea9   Thumb Code    20  exit.o(i.exit)
    fputc                                    0x00006ebd   Thumb Code    26  fputc.o(i.fputc)
    gpio_dir                                 0x00006ed7   Thumb Code    28  gpio_api.o(i.gpio_dir)
    gpio_init                                0x00006ef3   Thumb Code    74  gpio_api.o(i.gpio_init)
    gpio_set                                 0x00006f3d   Thumb Code    20  gpio_api.o(i.gpio_set)
    i2c_byte_write                           0x00006f5f   Thumb Code    34  i2c_api.o(i.i2c_byte_write)
    i2c_frequency                            0x0000700d   Thumb Code    22  i2c_api.o(i.i2c_frequency)
    i2c_init                                 0x00007029   Thumb Code   160  i2c_api.o(i.i2c_init)
    i2c_read                                 0x000070f5   Thumb Code   158  i2c_api.o(i.i2c_read)
    i2c_start                                0x00007193   Thumb Code    62  i2c_api.o(i.i2c_start)
    i2c_stop                                 0x000071d1   Thumb Code    50  i2c_api.o(i.i2c_stop)
    i2c_write                                0x0000722d   Thumb Code   114  i2c_api.o(i.i2c_write)
    mbed_die                                 0x000072a1   Thumb Code   126  board.o(i.mbed_die)
    mbed_interface_connected                 0x00007325   Thumb Code     4  mbed_interface.o(i.mbed_interface_connected)
    mbed_main                                0x00007329   Thumb Code     2  retarget.o(i.mbed_main)
    pin_function                             0x0000732d   Thumb Code    42  pinmap.o(i.pin_function)
    pin_mode                                 0x00007361   Thumb Code    76  pinmap.o(i.pin_mode)
    pinmap_merge                             0x000073b5   Thumb Code    32  pinmap_common.o(i.pinmap_merge)
    pinmap_peripheral                        0x000073ed   Thumb Code    40  pinmap_common.o(i.pinmap_peripheral)
    pinmap_pinout                            0x00007439   Thumb Code    58  pinmap_common.o(i.pinmap_pinout)
    pwmout_init                              0x0000748d   Thumb Code   130  pwmout_api.o(i.pwmout_init)
    pwmout_period_ms                         0x00007549   Thumb Code    10  pwmout_api.o(i.pwmout_period_ms)
    pwmout_period_us                         0x00007555   Thumb Code    46  pwmout_api.o(i.pwmout_period_us)
    pwmout_write                             0x0000758d   Thumb Code    70  pwmout_api.o(i.pwmout_write)
    semihost_connected                       0x000075d9   Thumb Code    10  semihost_api.o(i.semihost_connected)
    semihost_exit                            0x000075e9   Thumb Code    12  semihost_api.o(i.semihost_exit)
    serial_baud                              0x000075f5   Thumb Code   396  serial_api.o(i.serial_baud)
    serial_format                            0x000077a1   Thumb Code   110  serial_api.o(i.serial_format)
    serial_init                              0x00007891   Thumb Code   266  serial_api.o(i.serial_init)
    serial_irq_handler                       0x000079d1   Thumb Code    14  serial_api.o(i.serial_irq_handler)
    serial_putc                              0x000079e9   Thumb Code    14  serial_api.o(i.serial_putc)
    us_ticker_clear_interrupt                0x000079f9   Thumb Code     8  us_ticker.o(i.us_ticker_clear_interrupt)
    us_ticker_disable_interrupt              0x00007a05   Thumb Code    12  us_ticker.o(i.us_ticker_disable_interrupt)
    us_ticker_init                           0x00007a15   Thumb Code    72  us_ticker.o(i.us_ticker_init)
    us_ticker_irq_handler                    0x00007a75   Thumb Code    60  us_ticker_api.o(i.us_ticker_irq_handler)
    us_ticker_read                           0x00007ab5   Thumb Code    18  us_ticker.o(i.us_ticker_read)
    us_ticker_set_interrupt                  0x00007ad1   Thumb Code    14  us_ticker.o(i.us_ticker_set_interrupt)
    wait_ms                                  0x00007ae5   Thumb Code    10  wait_api.o(i.wait_ms)
    wait_us                                  0x00007aef   Thumb Code    22  wait_api.o(i.wait_us)
    _get_lc_numeric                          0x00007b05   Thumb Code    44  lc_numeric_c.o(locale$$code)
    _get_lc_ctype                            0x00007b31   Thumb Code    44  lc_ctype_c.o(locale$$code)
    __aeabi_dadd                             0x00007b5d   Thumb Code     0  daddsub_clz.o(x$fpl$dadd)
    _dadd                                    0x00007b5d   Thumb Code   332  daddsub_clz.o(x$fpl$dadd)
    __fpl_dcheck_NaN1                        0x00007cad   Thumb Code    10  dcheck1.o(x$fpl$dcheck1)
    __aeabi_ddiv                             0x00007cbd   Thumb Code     0  ddiv.o(x$fpl$ddiv)
    _ddiv                                    0x00007cbd   Thumb Code   552  ddiv.o(x$fpl$ddiv)
    __aeabi_d2iz                             0x00007f6d   Thumb Code     0  dfix.o(x$fpl$dfix)
    _dfix                                    0x00007f6d   Thumb Code    94  dfix.o(x$fpl$dfix)
    __aeabi_i2d                              0x00007fcb   Thumb Code     0  dflt_clz.o(x$fpl$dflt)
    _dflt                                    0x00007fcb   Thumb Code    46  dflt_clz.o(x$fpl$dflt)
    __aeabi_dmul                             0x00007ff9   Thumb Code     0  dmul.o(x$fpl$dmul)
    _dmul                                    0x00007ff9   Thumb Code   332  dmul.o(x$fpl$dmul)
    __fpl_dnaninf                            0x0000814d   Thumb Code   156  dnaninf.o(x$fpl$dnaninf)
    __fpl_dretinf                            0x000081e9   Thumb Code    12  dretinf.o(x$fpl$dretinf)
    __aeabi_drsub                            0x000081f5   Thumb Code     0  daddsub_clz.o(x$fpl$drsb)
    _drsb                                    0x000081f5   Thumb Code    22  daddsub_clz.o(x$fpl$drsb)
    __aeabi_dsub                             0x0000820d   Thumb Code     0  daddsub_clz.o(x$fpl$dsub)
    _dsub                                    0x0000820d   Thumb Code   464  daddsub_clz.o(x$fpl$dsub)
    __aeabi_f2d                              0x000083e1   Thumb Code     0  f2d.o(x$fpl$f2d)
    _f2d                                     0x000083e1   Thumb Code    86  f2d.o(x$fpl$f2d)
    __aeabi_fadd                             0x00008439   Thumb Code     0  faddsub_clz.o(x$fpl$fadd)
    _fadd                                    0x00008439   Thumb Code   196  faddsub_clz.o(x$fpl$fadd)
    __fpl_fcheck_NaN1                        0x000084fd   Thumb Code     6  fcheck1.o(x$fpl$fcheck1)
    __fpl_fcmp_Inf                           0x00008509   Thumb Code    24  fcmpi.o(x$fpl$fcmpinf)
    __aeabi_fdiv                             0x00008521   Thumb Code     0  fdiv.o(x$fpl$fdiv)
    _fdiv                                    0x00008521   Thumb Code   384  fdiv.o(x$fpl$fdiv)
    __aeabi_f2iz                             0x000086a5   Thumb Code     0  ffix.o(x$fpl$ffix)
    _ffix                                    0x000086a5   Thumb Code    54  ffix.o(x$fpl$ffix)
    __aeabi_f2uiz                            0x000086dd   Thumb Code     0  ffixu.o(x$fpl$ffixu)
    _ffixu                                   0x000086dd   Thumb Code    62  ffixu.o(x$fpl$ffixu)
    __aeabi_i2f                              0x0000871d   Thumb Code     0  fflt_clz.o(x$fpl$fflt)
    _fflt                                    0x0000871d   Thumb Code    48  fflt_clz.o(x$fpl$fflt)
    __aeabi_ui2f                             0x0000874d   Thumb Code     0  fflt_clz.o(x$fpl$ffltu)
    _ffltu                                   0x0000874d   Thumb Code    38  fflt_clz.o(x$fpl$ffltu)
    __aeabi_cfcmple                          0x00008775   Thumb Code     0  fleqf.o(x$fpl$fleqf)
    _fcmple                                  0x00008775   Thumb Code   104  fleqf.o(x$fpl$fleqf)
    __fpl_fcmple_InfNaN                      0x000087c7   Thumb Code     0  fleqf.o(x$fpl$fleqf)
    __aeabi_fmul                             0x000087dd   Thumb Code     0  fmul.o(x$fpl$fmul)
    _fmul                                    0x000087dd   Thumb Code   258  fmul.o(x$fpl$fmul)
    __fpl_fnaninf                            0x000088df   Thumb Code   140  fnaninf.o(x$fpl$fnaninf)
    __fpl_fretinf                            0x0000896b   Thumb Code    10  fretinf.o(x$fpl$fretinf)
    __aeabi_fsub                             0x00008975   Thumb Code     0  faddsub_clz.o(x$fpl$fsub)
    _fsub                                    0x00008975   Thumb Code   234  faddsub_clz.o(x$fpl$fsub)
    _printf_fp_dec                           0x00008a5f   Thumb Code     4  printf1.o(x$fpl$printf1)
    __fpl_return_NaN                         0x00008a63   Thumb Code   100  retnan.o(x$fpl$retnan)
    __ARM_scalbn                             0x00008ac7   Thumb Code    92  scalbn.o(x$fpl$scalbn)
    __ARM_scalbnf                            0x00008b23   Thumb Code    76  scalbnf.o(x$fpl$scalbnf)
    __fpl_cmpreturn                          0x00008b6f   Thumb Code    48  trapv.o(x$fpl$trapveneer)
    __I$use$fp                               0x00008b9e   Number         0  usenofp.o(x$fpl$usenofp)
    __stdin_name                             0x00008b9e   Data           7  retarget.o(.constdata)
    __stdout_name                            0x00008ba5   Data           8  retarget.o(.constdata)
    __stderr_name                            0x00008bad   Data           8  retarget.o(.constdata)
    __mathlib_zero                           0x00008eb8   Data           8  qnan.o(.constdata)
    vtable for mbed::FileHandle              0x00008f54   Data          44  retarget.o(.constdata__ZTVN4mbed10FileHandleE)
    vtable for mbed::Serial                  0x00008f80   Data          68  Serial.o(.constdata__ZTVN4mbed6SerialE)
    vtable for mbed::Stream                  0x00008fc4   Data          68  Stream.o(.constdata__ZTVN4mbed6StreamE)
    vtable for mbed::FileBase                0x00009008   Data          16  FileBase.o(.constdata__ZTVN4mbed8FileBaseE)
    vtable for mbed::FileLike                0x00009018   Data          60  FileLike.o(.constdata__ZTVN4mbed8FileLikeE)
    vtable for mbed::CallChain               0x00009054   Data          16  CallChain.o(.constdata__ZTVN4mbed9CallChainE)
    Region$$Table$$Base                      0x00009064   Number         0  anon$$obj.o(Region$$Table)
    Region$$Table$$Limit                     0x00009084   Number         0  anon$$obj.o(Region$$Table)
    __ctype                                  0x000090ad   Data           0  lc_ctype_c.o(locale$$data)
    SHT$$INIT_ARRAY$$Base                    0x000091b0   Number         0  main.o(.init_array)
    SHT$$INIT_ARRAY$$Limit                   0x000091b4   Number         0  main.o(.init_array)
    K                                        0x100000c8   Data           4  main.o(.data)
    Kp                                       0x100000cc   Data           4  main.o(.data)
    Ki                                       0x100000d0   Data           4  main.o(.data)
    Kd                                       0x100000d4   Data           4  main.o(.data)
    last_error                               0x100000d8   Data           4  main.o(.data)
    integrated_error                         0x100000dc   Data           4  main.o(.data)
    pTerm                                    0x100000e0   Data           4  main.o(.data)
    iTerm                                    0x100000e4   Data           4  main.o(.data)
    dTerm                                    0x100000e8   Data           4  main.o(.data)
    setPoint                                 0x100000ec   Data           4  main.o(.data)
    drive                                    0x100000f0   Data           4  main.o(.data)
    timer                                    0x100000f8   Data           8  main.o(.data)
    forward                                  0x10000100   Data           8  main.o(.data)
    reverse                                  0x10000108   Data           8  main.o(.data)
    finaldrive                               0x10000110   Data           4  main.o(.data)
    temp                                     0x10000114   Data           4  main.o(.data)
    kalAngleX                                0x10000118   Data           8  main.o(.data)
    kalAngleY                                0x10000120   Data           8  main.o(.data)
    accXangle                                0x10000128   Data           8  main.o(.data)
    accYangle                                0x10000130   Data           8  main.o(.data)
    accZangle                                0x10000138   Data           8  main.o(.data)
    gyroXangle                               0x10000140   Data           8  main.o(.data)
    gyroYangle                               0x10000148   Data           8  main.o(.data)
    gyroZangle                               0x10000150   Data           8  main.o(.data)
    compAngleX                               0x10000158   Data           8  main.o(.data)
    compAngleY                               0x10000160   Data           8  main.o(.data)
    SystemCoreClock                          0x10000168   Data           4  system_LPC17xx.o(.data)
    PWM_MATCH                                0x10000170   Data          28  pwmout_api.o(.data)
    stdio_uart_inited                        0x1000018c   Data           4  serial_api.o(.data)
    stdio_uart                               0x10000194   Data           8  serial_api.o(.data)
    mbed::I2C::_owner                        0x1000019c   Data           4  I2C.o(.data)
    us_ticker_inited                         0x100001a0   Data           4  us_ticker.o(.data)
    mbed::FileBase::_head                    0x100001a4   Data           4  FileBase.o(.data)
    __aeabi_stdin                            0x100001b0   Data           4  stdio_streams.o(.data)
    __aeabi_stdout                           0x100001b4   Data           4  stdio_streams.o(.data)
    __aeabi_stderr                           0x100001b8   Data           4  stdio_streams.o(.data)
    pc                                       0x100001c0   Data          68  main.o(.bss)
    t                                        0x10000204   Data          12  main.o(.bss)
    kalmanX                                  0x10000210   Data         112  main.o(.bss)
    kalmanY                                  0x10000280   Data         112  main.o(.bss)
    __stdin                                  0x10000340   Data          84  stdio_streams.o(.bss)
    __stdout                                 0x10000394   Data          84  stdio_streams.o(.bss)
    __stderr                                 0x100003e8   Data          84  stdio_streams.o(.bss)
    Image$$RW_IRAM1$$ZI$$Limit               0x10000464   Number         0  rt_eh_globals_addr.o(.bss)



==============================================================================

Memory Map of the image

  Image Entry point : 0x000000c5

  Load Region LR_IROM1 (Base: 0x00000000, Size: 0x000092ac, Max: 0x00080000, ABSOLUTE)

    Execution Region ER_IROM1 (Base: 0x00000000, Size: 0x000091b4, Max: 0x00080000, ABSOLUTE)

    Base Addr    Size         Type   Attr      Idx    E Section Name        Object

    0x00000000   0x000000c4   Data   RO          399    RESET               startup_LPC17xx.o
    0x000000c4   0x00000008   Code   RO         1331  * !!!main             c_w.l(__main.o)
    0x000000cc   0x00000034   Code   RO         2103    !!!scatter          c_w.l(__scatter.o)
    0x00000100   0x0000001a   Code   RO         2105    !!handler_copy      c_w.l(__scatter_copy.o)
    0x0000011a   0x00000002   PAD
    0x0000011c   0x0000001c   Code   RO         2107    !!handler_zi        c_w.l(__scatter_zi.o)
    0x00000138   0x00000000   Code   RO         1269    .ARM.Collect$$_printf_percent$$00000000  c_w.l(_printf_percent.o)
    0x00000138   0x00000006   Code   RO         1597    .ARM.Collect$$_printf_percent$$00000001  c_w.l(_printf_n.o)
    0x0000013e   0x00000006   Code   RO         1267    .ARM.Collect$$_printf_percent$$00000002  c_w.l(_printf_p.o)
    0x00000144   0x00000006   Code   RO         1602    .ARM.Collect$$_printf_percent$$00000003  c_w.l(_printf_f.o)
    0x0000014a   0x00000006   Code   RO         1603    .ARM.Collect$$_printf_percent$$00000004  c_w.l(_printf_e.o)
    0x00000150   0x00000006   Code   RO         1604    .ARM.Collect$$_printf_percent$$00000005  c_w.l(_printf_g.o)
    0x00000156   0x00000006   Code   RO         1605    .ARM.Collect$$_printf_percent$$00000006  c_w.l(_printf_a.o)
    0x0000015c   0x0000000a   Code   RO         1610    .ARM.Collect$$_printf_percent$$00000007  c_w.l(_printf_ll.o)
    0x00000166   0x00000006   Code   RO         1600    .ARM.Collect$$_printf_percent$$00000008  c_w.l(_printf_i.o)
    0x0000016c   0x00000006   Code   RO         1268    .ARM.Collect$$_printf_percent$$00000009  c_w.l(_printf_d.o)
    0x00000172   0x00000006   Code   RO         1601    .ARM.Collect$$_printf_percent$$0000000A  c_w.l(_printf_u.o)
    0x00000178   0x00000006   Code   RO         1599    .ARM.Collect$$_printf_percent$$0000000B  c_w.l(_printf_o.o)
    0x0000017e   0x00000006   Code   RO         1598    .ARM.Collect$$_printf_percent$$0000000C  c_w.l(_printf_x.o)
    0x00000184   0x00000006   Code   RO         1607    .ARM.Collect$$_printf_percent$$0000000D  c_w.l(_printf_lli.o)
    0x0000018a   0x00000006   Code   RO         1608    .ARM.Collect$$_printf_percent$$0000000E  c_w.l(_printf_lld.o)
    0x00000190   0x00000006   Code   RO         1609    .ARM.Collect$$_printf_percent$$0000000F  c_w.l(_printf_llu.o)
    0x00000196   0x00000006   Code   RO         1614    .ARM.Collect$$_printf_percent$$00000010  c_w.l(_printf_llo.o)
    0x0000019c   0x00000006   Code   RO         1615    .ARM.Collect$$_printf_percent$$00000011  c_w.l(_printf_llx.o)
    0x000001a2   0x0000000a   Code   RO         1611    .ARM.Collect$$_printf_percent$$00000012  c_w.l(_printf_l.o)
    0x000001ac   0x00000006   Code   RO         1595    .ARM.Collect$$_printf_percent$$00000013  c_w.l(_printf_c.o)
    0x000001b2   0x00000006   Code   RO         1596    .ARM.Collect$$_printf_percent$$00000014  c_w.l(_printf_s.o)
    0x000001b8   0x00000006   Code   RO         1612    .ARM.Collect$$_printf_percent$$00000015  c_w.l(_printf_lc.o)
    0x000001be   0x00000006   Code   RO         1613    .ARM.Collect$$_printf_percent$$00000016  c_w.l(_printf_ls.o)
    0x000001c4   0x00000004   Code   RO         1606    .ARM.Collect$$_printf_percent$$00000017  c_w.l(_printf_percent_end.o)
    0x000001c8   0x00000002   Code   RO         1995    .ARM.Collect$$libinit$$00000000  c_w.l(libinit.o)
    0x000001ca   0x00000000   Code   RO         1666    .ARM.Collect$$libinit$$00000002  c_w.l(libinit2.o)
    0x000001ca   0x00000008   Code   RO         1667    .ARM.Collect$$libinit$$00000003  c_w.l(libinit2.o)
    0x000001d2   0x00000000   Code   RO         1669    .ARM.Collect$$libinit$$00000008  c_w.l(libinit2.o)
    0x000001d2   0x00000000   Code   RO         1671    .ARM.Collect$$libinit$$0000000A  c_w.l(libinit2.o)
    0x000001d2   0x00000000   Code   RO         1673    .ARM.Collect$$libinit$$0000000C  c_w.l(libinit2.o)
    0x000001d2   0x00000006   Code   RO         1674    .ARM.Collect$$libinit$$0000000D  c_w.l(libinit2.o)
    0x000001d8   0x00000000   Code   RO         1676    .ARM.Collect$$libinit$$0000000F  c_w.l(libinit2.o)
    0x000001d8   0x0000000c   Code   RO         1677    .ARM.Collect$$libinit$$00000010  c_w.l(libinit2.o)
    0x000001e4   0x00000000   Code   RO         1678    .ARM.Collect$$libinit$$00000011  c_w.l(libinit2.o)
    0x000001e4   0x00000000   Code   RO         1680    .ARM.Collect$$libinit$$00000013  c_w.l(libinit2.o)
    0x000001e4   0x0000000a   Code   RO         1681    .ARM.Collect$$libinit$$00000014  c_w.l(libinit2.o)
    0x000001ee   0x00000000   Code   RO         1682    .ARM.Collect$$libinit$$00000015  c_w.l(libinit2.o)
    0x000001ee   0x00000000   Code   RO         1684    .ARM.Collect$$libinit$$00000017  c_w.l(libinit2.o)
    0x000001ee   0x00000000   Code   RO         1686    .ARM.Collect$$libinit$$00000019  c_w.l(libinit2.o)
    0x000001ee   0x00000000   Code   RO         1688    .ARM.Collect$$libinit$$0000001B  c_w.l(libinit2.o)
    0x000001ee   0x00000000   Code   RO         1690    .ARM.Collect$$libinit$$0000001D  c_w.l(libinit2.o)
    0x000001ee   0x00000000   Code   RO         1692    .ARM.Collect$$libinit$$0000001F  c_w.l(libinit2.o)
    0x000001ee   0x00000000   Code   RO         1694    .ARM.Collect$$libinit$$00000021  c_w.l(libinit2.o)
    0x000001ee   0x00000004   Code   RO         1695    .ARM.Collect$$libinit$$00000022  c_w.l(libinit2.o)
    0x000001f2   0x00000000   Code   RO         1696    .ARM.Collect$$libinit$$00000023  c_w.l(libinit2.o)
    0x000001f2   0x00000000   Code   RO         1700    .ARM.Collect$$libinit$$0000002A  c_w.l(libinit2.o)
    0x000001f2   0x00000000   Code   RO         1702    .ARM.Collect$$libinit$$0000002C  c_w.l(libinit2.o)
    0x000001f2   0x00000000   Code   RO         1704    .ARM.Collect$$libinit$$0000002E  c_w.l(libinit2.o)
    0x000001f2   0x00000004   Code   RO         1705    .ARM.Collect$$libinit$$0000002F  c_w.l(libinit2.o)
    0x000001f6   0x00000000   Code   RO         1706    .ARM.Collect$$libinit$$00000030  c_w.l(libinit2.o)
    0x000001f6   0x00000002   Code   RO         1707    .ARM.Collect$$libinit$$00000031  c_w.l(libinit2.o)
    0x000001f8   0x00000006   Code   RO         1708    .ARM.Collect$$libshutdown$$00000001  c_w.l(libshutdown2.o)
    0x000001fe   0x00000000   Code   RO         1710    .ARM.Collect$$libshutdown$$00000003  c_w.l(libshutdown2.o)
    0x000001fe   0x00000000   Code   RO         1526    .ARM.Collect$$rtentry$$00000000  c_w.l(rtentry.o)
    0x000001fe   0x00000000   Code   RO         1793    .ARM.Collect$$rtentry$$00000002  c_w.l(rtentry2.o)
    0x000001fe   0x00000006   Code   RO         1805    .ARM.Collect$$rtentry$$00000004  c_w.l(rtentry4.o)
    0x00000204   0x00000000   Code   RO         1795    .ARM.Collect$$rtentry$$00000009  c_w.l(rtentry2.o)
    0x00000204   0x00000004   Code   RO         1796    .ARM.Collect$$rtentry$$0000000A  c_w.l(rtentry2.o)
    0x00000208   0x00000000   Code   RO         1798    .ARM.Collect$$rtentry$$0000000C  c_w.l(rtentry2.o)
    0x00000208   0x00000008   Code   RO         1799    .ARM.Collect$$rtentry$$0000000D  c_w.l(rtentry2.o)
    0x00000210   0x00000000   Code   RO         1818    .emb_text           c_w.l(maybetermalloc1.o)
    0x00000210   0x00000024   Code   RO          401    .text               startup_LPC17xx.o
    0x00000234   0x0000005e   Code   RO         1148    .text               c_w.l(h1_alloc.o)
    0x00000292   0x0000004e   Code   RO         1150    .text               c_w.l(h1_free.o)
    0x000002e0   0x0000000a   Code   RO         1212    .text               c_w.l(c89vfprintf.o)
    0x000002ea   0x00000002   PAD
    0x000002ec   0x00000008   Code   RO         1531    .text               c_w.l(rt_heap_descriptor.o)
    0x000002f4   0x00000008   Code   RO         1536    .text               c_w.l(rt_new_handler_addr.o)
    0x000002fc   0x00000004   Code   RO          400    .ARM.__at_0x02FC    startup_LPC17xx.o
    0x00000300   0x00002efc   Code   RO            3    .text               main.o
    0x000031fc   0x00000440   Code   RO          321    .text               i2cdev.o
    0x0000363c   0x000000b8   Code   RO         1152    .text               c_w.l(h1_realloc.o)
    0x000036f4   0x00000014   Code   RO         1214    .text               c_w.l(__2fprintf.o)
    0x00003708   0x0000002c   Code   RO         1216    .text               c_w.l(__2sprintf.o)
    0x00003734   0x00000078   Code   RO         1224    .text               c_w.l(_printf_dec.o)
    0x000037ac   0x0000009c   Code   RO         1244    .text               c_w.l(_printf_hex_int_ll_ptr.o)
    0x00003848   0x0000018c   Code   RO         1264    .text               c_w.l(__printf_flags_ss_wp.o)
    0x000039d4   0x0000003c   Code   RO         1272    .text               c_w.l(__0sscanf.o)
    0x00003a10   0x00000150   Code   RO         1274    .text               c_w.l(_scanf_int.o)
    0x00003b60   0x00000064   Code   RO         1276    .text               c_w.l(fflush.o)
    0x00003bc4   0x000000ec   Code   RO         1290    .text               c_w.l(fopen.o)
    0x00003cb0   0x00000014   Code   RO         1292    .text               c_w.l(setbuf.o)
    0x00003cc4   0x0000004c   Code   RO         1300    .text               c_w.l(fclose.o)
    0x00003d10   0x00000058   Code   RO         1315    .text               c_w.l(memcmp.o)
    0x00003d68   0x0000003e   Code   RO         1317    .text               c_w.l(strlen.o)
    0x00003da6   0x00000096   Code   RO         1319    .text               c_w.l(strncmp.o)
    0x00003e3c   0x00000064   Code   RO         1321    .text               c_w.l(rt_memcpy_w.o)
    0x00003ea0   0x00000016   Code   RO         1325    .text               c_w.l(memset.o)
    0x00003eb6   0x00000002   PAD
    0x00003eb8   0x00000080   Code   RO         1329    .text               c_w.l(strcmpv7m.o)
    0x00003f38   0x00000024   Code   RO         1336    .text               c_w.l(init_aeabi.o)
    0x00003f5c   0x00000022   Code   RO         1359    .text               cpprt_w.l(aeabi_vec_dtor_noexceptions.o)
    0x00003f7e   0x00000002   PAD
    0x00003f80   0x00000008   Code   RO         1541    .text               c_w.l(rt_ddtor_pointer_addr.o)
    0x00003f88   0x00000004   Code   RO         1546    .text               c_w.l(hguard.o)
    0x00003f8c   0x0000008a   Code   RO         1548    .text               c_w.l(init_alloc.o)
    0x00004016   0x0000000e   Code   RO         1552    .text               c_w.l(h1_init.o)
    0x00004024   0x00000052   Code   RO         1568    .text               c_w.l(_printf_pad.o)
    0x00004076   0x00000024   Code   RO         1570    .text               c_w.l(_printf_truncate.o)
    0x0000409a   0x00000052   Code   RO         1572    .text               c_w.l(_printf_str.o)
    0x000040ec   0x000000b8   Code   RO         1574    .text               c_w.l(_printf_intcommon.o)
    0x000041a4   0x0000002a   Code   RO         1576    .text               c_w.l(_printf_charcount.o)
    0x000041ce   0x00000002   PAD
    0x000041d0   0x00000030   Code   RO         1578    .text               c_w.l(_printf_char_common.o)
    0x00004200   0x0000000a   Code   RO         1580    .text               c_w.l(_sputc.o)
    0x0000420a   0x00000002   PAD
    0x0000420c   0x00000024   Code   RO         1582    .text               c_w.l(_printf_char_file.o)
    0x00004230   0x000000bc   Code   RO         1584    .text               c_w.l(_printf_wctomb.o)
    0x000042ec   0x00000078   Code   RO         1587    .text               c_w.l(_printf_longlong_dec.o)
    0x00004364   0x00000078   Code   RO         1593    .text               c_w.l(_printf_oct_int_ll.o)
    0x000043dc   0x0000001c   Code   RO         1616    .text               c_w.l(_chval.o)
    0x000043f8   0x0000002c   Code   RO         1622    .text               c_w.l(scanf_char.o)
    0x00004424   0x00000040   Code   RO         1624    .text               c_w.l(_sgetc.o)
    0x00004464   0x00000008   Code   RO         1634    .text               c_w.l(ferror.o)
    0x0000446c   0x000001de   Code   RO         1638    .text               c_w.l(flsbuf.o)
    0x0000464a   0x00000002   PAD
    0x0000464c   0x000000f8   Code   RO         1640    .text               c_w.l(fseek.o)
    0x00004744   0x00000046   Code   RO         1642    .text               c_w.l(setvbuf.o)
    0x0000478a   0x00000002   PAD
    0x0000478c   0x000000f0   Code   RO         1644    .text               c_w.l(stdio.o)
    0x0000487c   0x00000138   Code   RO         1647    .text               c_w.l(initio.o)
    0x000049b4   0x0000000e   Code   RO         1655    .text               c_w.l(defsig_pvfn_outer.o)
    0x000049c2   0x00000044   Code   RO         1659    .text               c_w.l(rt_memclr.o)
    0x00004a06   0x0000004e   Code   RO         1661    .text               c_w.l(rt_memclr_w.o)
    0x00004a54   0x00000004   Code   RO         1732    .text               cpprt_w.l(arm_newhandler_noexceptions.o)
    0x00004a58   0x00000008   Code   RO         1811    .text               c_w.l(rt_errno_addr.o)
    0x00004a60   0x00000034   Code   RO         1820    .text               c_w.l(h1_extend.o)
    0x00004a94   0x0000008a   Code   RO         1824    .text               c_w.l(lludiv10.o)
    0x00004b1e   0x00000012   Code   RO         1826    .text               c_w.l(isspace.o)
    0x00004b30   0x00000420   Code   RO         1828    .text               c_w.l(_printf_fp_dec.o)
    0x00004f50   0x0000002c   Code   RO         1832    .text               c_w.l(_printf_char.o)
    0x00004f7c   0x0000002c   Code   RO         1836    .text               c_w.l(_printf_wchar.o)
    0x00004fa8   0x00000370   Code   RO         1838    .text               c_w.l(_scanf.o)
    0x00005318   0x00000046   Code   RO         1848    .text               c_w.l(ftell.o)
    0x0000535e   0x00000040   Code   RO         1874    .text               c_w.l(_wcrtomb.o)
    0x0000539e   0x0000000a   Code   RO         1876    .text               c_w.l(defsig_exit.o)
    0x000053a8   0x0000000e   Code   RO         1878    .text               c_w.l(defsig_rtred_outer.o)
    0x000053b6   0x0000000e   Code   RO         1882    .text               c_w.l(defsig_rtmem_outer.o)
    0x000053c4   0x00000030   Code   RO         1886    .text               c_w.l(defsig_pvfn_inner.o)
    0x000053f4   0x00000050   Code   RO         1890    .text               c_w.l(heapauxa.o)
    0x00005444   0x0000001a   Code   RO         1899    .text               cpprt_w.l(arm_exceptions_terminate.o)
    0x0000545e   0x00000002   PAD
    0x00005460   0x0000000c   Code   RO         1927    .text               c_w.l(sys_exit.o)
    0x0000546c   0x00000010   Code   RO         1929    .text               c_w.l(rt_ctype_table.o)
    0x0000547c   0x00000008   Code   RO         1931    .text               c_w.l(rt_locale.o)
    0x00005484   0x00000080   Code   RO         1938    .text               c_w.l(_printf_fp_infnan.o)
    0x00005504   0x000000e4   Code   RO         1940    .text               c_w.l(bigflt0.o)
    0x000055e8   0x00000010   Code   RO         1970    .text               c_w.l(abort.o)
    0x000055f8   0x00000032   Code   RO         1974    .text               c_w.l(defsig_general.o)
    0x0000562a   0x00000002   PAD
    0x0000562c   0x00000034   Code   RO         1980    .text               c_w.l(defsig_rtred_inner.o)
    0x00005660   0x00000050   Code   RO         1982    .text               c_w.l(defsig_rtmem_inner.o)
    0x000056b0   0x00000050   Code   RO         2002    .text               cpprt_w.l(arm_exceptions_globs.o)
    0x00005700   0x0000000e   Code   RO         2029    .text               c_w.l(sys_wrch.o)
    0x0000570e   0x00000002   Code   RO         2031    .text               c_w.l(use_no_semi.o)
    0x00005710   0x00000000   Code   RO         2033    .text               c_w.l(indicate_semi.o)
    0x00005710   0x00000008   Code   RO         2034    .text               c_w.l(rt_eh_globals_addr.o)
    0x00005718   0x0000000e   Code   RO         2052    .text               c_w.l(defsig_abrt_outer.o)
    0x00005726   0x0000003c   Code   RO         2060    .text               cpprt_w.l(arm_exceptions_mem.o)
    0x00005762   0x00000002   PAD
    0x00005764   0x00000030   Code   RO         2075    .text               c_w.l(defsig_abrt_inner.o)
    0x00005794   0x0000003e   Code   RO         1943    CL$$btod_d2e        c_w.l(btod.o)
    0x000057d2   0x00000046   Code   RO         1945    CL$$btod_d2e_denorm_low  c_w.l(btod.o)
    0x00005818   0x00000060   Code   RO         1944    CL$$btod_d2e_norm_op1  c_w.l(btod.o)
    0x00005878   0x00000338   Code   RO         1953    CL$$btod_div_common  c_w.l(btod.o)
    0x00005bb0   0x000000c6   Code   RO         1950    CL$$btod_e2e        c_w.l(btod.o)
    0x00005c76   0x00000028   Code   RO         1947    CL$$btod_ediv       c_w.l(btod.o)
    0x00005c9e   0x00000028   Code   RO         1946    CL$$btod_emul       c_w.l(btod.o)
    0x00005cc6   0x00000244   Code   RO         1952    CL$$btod_mult_common  c_w.l(btod.o)
    0x00005f0a   0x0000000e   Code   RO          405    i.$Sub$$main        retarget.o
    0x00005f18   0x00000006   Code   RO          754    i.<Func1>           mbed.ar(Serial.o)
    0x00005f1e   0x00000002   PAD
    0x00005f20   0x00000030   Code   RO          385    i.NVIC_SetVector    cmsis_nvic.o
    0x00005f50   0x0000009c   Code   RO          393    i.SystemInit        system_LPC17xx.o
    0x00005fec   0x00000020   Code   RO          406    i._Z11init_serialv  retarget.o
    0x0000600c   0x0000003a   Code   RO          502    i._ZN4mbed10FileHandle4flenEv  retarget.o
    0x00006046   0x00000002   PAD
    0x00006048   0x00000028   Code   RO          408    i._ZN4mbed10FileHandleD2Ev  retarget.o
    0x00006070   0x00000018   Code   RO         1040    i._ZN4mbed15FunctionPointer4callEv  mbed.ar(FunctionPointer.o)
    0x00006088   0x00000032   Code   RO          723    i._ZN4mbed3I2C4readEiPcib  mbed.ar(I2C.o)
    0x000060ba   0x00000004   Code   RO          724    i._ZN4mbed3I2C4stopEv  mbed.ar(I2C.o)
    0x000060be   0x00000004   Code   RO          725    i._ZN4mbed3I2C5startEv  mbed.ar(I2C.o)
    0x000060c2   0x00000004   Code   RO          726    i._ZN4mbed3I2C5writeEi  mbed.ar(I2C.o)
    0x000060c6   0x00000032   Code   RO          727    i._ZN4mbed3I2C5writeEiPKcib  mbed.ar(I2C.o)
    0x000060f8   0x0000001c   Code   RO          728    i._ZN4mbed3I2C6aquireEv  mbed.ar(I2C.o)
    0x00006114   0x0000001c   Code   RO          730    i._ZN4mbed3I2CC1E7PinNameS1_  mbed.ar(I2C.o)
    0x00006130   0x00000010   Code   RO          876    i._ZN4mbed5Timer5resetEv  mbed.ar(Timer.o)
    0x00006140   0x00000010   Code   RO          877    i._ZN4mbed5Timer5startEv  mbed.ar(Timer.o)
    0x00006150   0x0000000e   Code   RO          879    i._ZN4mbed5Timer7read_usEv  mbed.ar(Timer.o)
    0x0000615e   0x00000014   Code   RO          880    i._ZN4mbed5Timer9slicetimeEv  mbed.ar(Timer.o)
    0x00006172   0x0000000c   Code   RO          881    i._ZN4mbed5TimerC1Ev  mbed.ar(Timer.o)
    0x0000617e   0x00000012   Code   RO           49    i._ZN4mbed6PwmOutC1E7PinName  main.o
    0x00006190   0x00000016   Code   RO           37    i._ZN4mbed6PwmOutaSEf  main.o
    0x000061a6   0x0000000a   Code   RO          756    i._ZN4mbed6Serial12_irq_handlerEj9SerialIrq  mbed.ar(Serial.o)
    0x000061b0   0x0000000e   Code   RO          761    i._ZN4mbed6Serial5_putcEi  mbed.ar(Serial.o)
    0x000061be   0x00000002   PAD
    0x000061c0   0x00000050   Code   RO          766    i._ZN4mbed6SerialC1E7PinNameS1_PKc  mbed.ar(Serial.o)
    0x00006210   0x0000002c   Code   RO           55    i._ZN4mbed6SerialD1Ev  main.o
    0x0000623c   0x00000004   Code   RO          810    i._ZN4mbed6Stream4flenEv  mbed.ar(Stream.o)
    0x00006240   0x00000004   Code   RO          816    i._ZN4mbed6Stream5closeEv  mbed.ar(Stream.o)
    0x00006244   0x00000004   Code   RO          818    i._ZN4mbed6Stream5lseekEli  mbed.ar(Stream.o)
    0x00006248   0x00000028   Code   RO          820    i._ZN4mbed6Stream5writeEPKvj  mbed.ar(Stream.o)
    0x00006270   0x00000004   Code   RO          821    i._ZN4mbed6Stream6isattyEv  mbed.ar(Stream.o)
    0x00006274   0x0000001e   Code   RO          822    i._ZN4mbed6Stream6printfEPKcz  mbed.ar(Stream.o)
    0x00006292   0x00000002   PAD
    0x00006294   0x0000003c   Code   RO          823    i._ZN4mbed6StreamC2EPKc  mbed.ar(Stream.o)
    0x000062d0   0x00000020   Code   RO          825    i._ZN4mbed6StreamD2Ev  mbed.ar(Stream.o)
    0x000062f0   0x00000004   Code   RO          989    i._ZN4mbed8FileBase11getPathTypeEv  mbed.ar(FileBase.o)
    0x000062f4   0x00000038   Code   RO          991    i._ZN4mbed8FileBase6lookupEPKcj  mbed.ar(FileBase.o)
    0x0000632c   0x00000024   Code   RO          993    i._ZN4mbed8FileBaseC1EPKcNS_8PathTypeE  mbed.ar(FileBase.o)
    0x00006350   0x00000030   Code   RO          995    i._ZN4mbed8FileBaseD1Ev  mbed.ar(FileBase.o)
    0x00006380   0x00000020   Code   RO         1019    i._ZN4mbed8FileLikeC2EPKc  mbed.ar(FileLike.o)
    0x000063a0   0x00000012   Code   RO         1021    i._ZN4mbed8FileLikeD2Ev  mbed.ar(FileLike.o)
    0x000063b2   0x00000010   Code   RO          637    i._ZN4mbed8FilePath10fileSystemEv  mbed.ar(FilePath.o)
    0x000063c2   0x00000014   Code   RO          638    i._ZN4mbed8FilePath12isFileSystemEv  mbed.ar(FilePath.o)
    0x000063d6   0x00000016   Code   RO          639    i._ZN4mbed8FilePath4fileEv  mbed.ar(FilePath.o)
    0x000063ec   0x0000000a   Code   RO          640    i._ZN4mbed8FilePath6existsEv  mbed.ar(FilePath.o)
    0x000063f6   0x00000016   Code   RO          641    i._ZN4mbed8FilePath6isFileEv  mbed.ar(FilePath.o)
    0x0000640c   0x00000004   Code   RO          642    i._ZN4mbed8FilePath8fileNameEv  mbed.ar(FilePath.o)
    0x00006410   0x0000003e   Code   RO          643    i._ZN4mbed8FilePathC1EPKc  mbed.ar(FilePath.o)
    0x0000644e   0x0000001c   Code   RO          591    i._ZN4mbed9CallChain4callEv  mbed.ar(CallChain.o)
    0x0000646a   0x0000002a   Code   RO          592    i._ZN4mbed9CallChain5clearEv  mbed.ar(CallChain.o)
    0x00006494   0x00000028   Code   RO          595    i._ZN4mbed9CallChainC1Ei  mbed.ar(CallChain.o)
    0x000064bc   0x0000001c   Code   RO          597    i._ZN4mbed9CallChainD1Ev  mbed.ar(CallChain.o)
    0x000064d8   0x0000021c   Code   RO           25    i._ZN6Kalman8getAngleEddd  main.o
    0x000066f4   0x00000006   Code   RO           43    i._ZN6Kalman8setAngleEd  main.o
    0x000066fa   0x00000002   PAD
    0x000066fc   0x00000050   Code   RO           31    i._ZN6KalmanC1Ev    main.o
    0x0000674c   0x00000008   Code   RO         1343    i._ZdlPv            cpprt_w.l(delete.o)
    0x00006754   0x00000008   Code   RO         1339    i._Znaj             cpprt_w.l(array_new.o)
    0x0000675c   0x00000028   Code   RO         1346    i._Znwj             cpprt_w.l(new.o)
    0x00006784   0x00000028   Code   RO         1923    i.__ARM_fpclassify  m_ws.l(fpclassify.o)
    0x000067ac   0x00000032   Code   RO         1353    i.__aeabi_atexit    cpprt_w.l(aeabi_atexit.o)
    0x000067de   0x00000022   Code   RO         1356    i.__aeabi_vec_ctor_nocookie_nodtor  cpprt_w.l(aeabi_vec_ctor_nocookie_nodtor.o)
    0x00006800   0x00000042   Code   RO         1748    i.__cxa_finalize    cpprt_w.l(cxa_finalize.o)
    0x00006842   0x00000006   Code   RO         1350    i.__cxa_pure_virtual  cpprt_w.l(pure_virt.o)
    0x00006848   0x000000aa   Code   RO         1925    i.__kernel_poly     m_ws.l(poly.o)
    0x000068f2   0x00000002   PAD
    0x000068f4   0x00000010   Code   RO         1921    i.__mathlib_dbl_underflow  m_ws.l(dunder.o)
    0x00006904   0x00000010   Code   RO          379    i.__user_setup_stackheap  sys.o
    0x00006914   0x0000000e   Code   RO         1257    i._is_digit         c_w.l(__printf_wp.o)
    0x00006922   0x00000002   PAD
    0x00006924   0x00000028   Code   RO          409    i._sys_close        retarget.o
    0x0000694c   0x00000024   Code   RO          412    i._sys_flen         retarget.o
    0x00006970   0x00000024   Code   RO          413    i._sys_istty        retarget.o
    0x00006994   0x000000f4   Code   RO          414    i._sys_open         retarget.o
    0x00006a88   0x00000028   Code   RO          416    i._sys_seek         retarget.o
    0x00006ab0   0x00000054   Code   RO          417    i._sys_write        retarget.o
    0x00006b04   0x00000224   Code   RO         1779    i.atan              m_ws.l(atan.o)
    0x00006d28   0x00000180   Code   RO         1517    i.atan2             m_ws.l(atan2.o)
    0x00006ea8   0x00000014   Code   RO          973    i.exit              mbed.ar(exit.o)
    0x00006ebc   0x0000001a   Code   RO         1285    i.fputc             c_w.l(fputc.o)
    0x00006ed6   0x0000001c   Code   RO         1130    i.gpio_dir          mbed.ar(gpio_api.o)
    0x00006ef2   0x0000004a   Code   RO         1131    i.gpio_init         mbed.ar(gpio_api.o)
    0x00006f3c   0x00000014   Code   RO         1133    i.gpio_set          mbed.ar(gpio_api.o)
    0x00006f50   0x0000000e   Code   RO         1051    i.gpio_write        mbed.ar(board.o)
    0x00006f5e   0x00000022   Code   RO          906    i.i2c_byte_write    mbed.ar(i2c_api.o)
    0x00006f80   0x00000010   Code   RO          907    i.i2c_clear_SI      mbed.ar(i2c_api.o)
    0x00006f90   0x00000018   Code   RO          908    i.i2c_conclr        mbed.ar(i2c_api.o)
    0x00006fa8   0x00000018   Code   RO          909    i.i2c_conset        mbed.ar(i2c_api.o)
    0x00006fc0   0x00000032   Code   RO          910    i.i2c_do_read       mbed.ar(i2c_api.o)
    0x00006ff2   0x0000001a   Code   RO          911    i.i2c_do_write      mbed.ar(i2c_api.o)
    0x0000700c   0x0000001c   Code   RO          912    i.i2c_frequency     mbed.ar(i2c_api.o)
    0x00007028   0x000000cc   Code   RO          913    i.i2c_init          mbed.ar(i2c_api.o)
    0x000070f4   0x0000009e   Code   RO          914    i.i2c_read          mbed.ar(i2c_api.o)
    0x00007192   0x0000003e   Code   RO          921    i.i2c_start         mbed.ar(i2c_api.o)
    0x000071d0   0x00000038   Code   RO          922    i.i2c_stop          mbed.ar(i2c_api.o)
    0x00007208   0x00000024   Code   RO          923    i.i2c_wait_SI       mbed.ar(i2c_api.o)
    0x0000722c   0x00000072   Code   RO          924    i.i2c_write         mbed.ar(i2c_api.o)
    0x0000729e   0x00000002   PAD
    0x000072a0   0x00000084   Code   RO         1052    i.mbed_die          mbed.ar(board.o)
    0x00007324   0x00000004   Code   RO         1059    i.mbed_interface_connected  mbed.ar(mbed_interface.o)
    0x00007328   0x00000002   Code   RO          419    i.mbed_main         retarget.o
    0x0000732a   0x00000002   PAD
    0x0000732c   0x00000034   Code   RO          950    i.pin_function      mbed.ar(pinmap.o)
    0x00007360   0x00000054   Code   RO          951    i.pin_mode          mbed.ar(pinmap.o)
    0x000073b4   0x00000038   Code   RO          979    i.pinmap_merge      mbed.ar(pinmap_common.o)
    0x000073ec   0x0000004c   Code   RO          980    i.pinmap_peripheral  mbed.ar(pinmap_common.o)
    0x00007438   0x00000054   Code   RO          981    i.pinmap_pinout     mbed.ar(pinmap_common.o)
    0x0000748c   0x000000bc   Code   RO          511    i.pwmout_init       mbed.ar(pwmout_api.o)
    0x00007548   0x0000000a   Code   RO          513    i.pwmout_period_ms  mbed.ar(pwmout_api.o)
    0x00007552   0x00000002   PAD
    0x00007554   0x00000038   Code   RO          514    i.pwmout_period_us  mbed.ar(pwmout_api.o)
    0x0000758c   0x0000004c   Code   RO          519    i.pwmout_write      mbed.ar(pwmout_api.o)
    0x000075d8   0x00000010   Code   RO         1080    i.semihost_connected  mbed.ar(semihost_api.o)
    0x000075e8   0x0000000c   Code   RO         1083    i.semihost_exit     mbed.ar(semihost_api.o)
    0x000075f4   0x000001ac   Code   RO          536    i.serial_baud       mbed.ar(serial_api.o)
    0x000077a0   0x000000f0   Code   RO          540    i.serial_format     mbed.ar(serial_api.o)
    0x00007890   0x00000140   Code   RO          543    i.serial_init       mbed.ar(serial_api.o)
    0x000079d0   0x00000018   Code   RO          544    i.serial_irq_handler  mbed.ar(serial_api.o)
    0x000079e8   0x0000000e   Code   RO          547    i.serial_putc       mbed.ar(serial_api.o)
    0x000079f6   0x00000002   PAD
    0x000079f8   0x0000000c   Code   RO          958    i.us_ticker_clear_interrupt  mbed.ar(us_ticker.o)
    0x00007a04   0x00000010   Code   RO          959    i.us_ticker_disable_interrupt  mbed.ar(us_ticker.o)
    0x00007a14   0x00000060   Code   RO          960    i.us_ticker_init    mbed.ar(us_ticker.o)
    0x00007a74   0x00000040   Code   RO         1118    i.us_ticker_irq_handler  mbed.ar(us_ticker_api.o)
    0x00007ab4   0x0000001c   Code   RO          961    i.us_ticker_read    mbed.ar(us_ticker.o)
    0x00007ad0   0x00000014   Code   RO          962    i.us_ticker_set_interrupt  mbed.ar(us_ticker.o)
    0x00007ae4   0x0000000a   Code   RO          580    i.wait_ms           mbed.ar(wait_api.o)
    0x00007aee   0x00000016   Code   RO          581    i.wait_us           mbed.ar(wait_api.o)
    0x00007b04   0x0000002c   Code   RO         1968    locale$$code        c_w.l(lc_numeric_c.o)
    0x00007b30   0x0000002c   Code   RO         2048    locale$$code        c_w.l(lc_ctype_c.o)
    0x00007b5c   0x00000150   Code   RO         1462    x$fpl$dadd          fz_ws.l(daddsub_clz.o)
    0x00007cac   0x00000010   Code   RO         2008    x$fpl$dcheck1       fz_ws.l(dcheck1.o)
    0x00007cbc   0x000002b0   Code   RO         1469    x$fpl$ddiv          fz_ws.l(ddiv.o)
    0x00007f6c   0x0000005e   Code   RO         1472    x$fpl$dfix          fz_ws.l(dfix.o)
    0x00007fca   0x0000002e   Code   RO         1477    x$fpl$dflt          fz_ws.l(dflt_clz.o)
    0x00007ff8   0x00000154   Code   RO         1482    x$fpl$dmul          fz_ws.l(dmul.o)
    0x0000814c   0x0000009c   Code   RO         1761    x$fpl$dnaninf       fz_ws.l(dnaninf.o)
    0x000081e8   0x0000000c   Code   RO         1763    x$fpl$dretinf       fz_ws.l(dretinf.o)
    0x000081f4   0x00000016   Code   RO         1463    x$fpl$drsb          fz_ws.l(daddsub_clz.o)
    0x0000820a   0x00000002   PAD
    0x0000820c   0x000001d4   Code   RO         1464    x$fpl$dsub          fz_ws.l(daddsub_clz.o)
    0x000083e0   0x00000056   Code   RO         1484    x$fpl$f2d           fz_ws.l(f2d.o)
    0x00008436   0x00000002   PAD
    0x00008438   0x000000c4   Code   RO         1486    x$fpl$fadd          fz_ws.l(faddsub_clz.o)
    0x000084fc   0x0000000c   Code   RO         1765    x$fpl$fcheck1       fz_ws.l(fcheck1.o)
    0x00008508   0x00000018   Code   RO         1767    x$fpl$fcmpinf       fz_ws.l(fcmpi.o)
    0x00008520   0x00000184   Code   RO         1493    x$fpl$fdiv          fz_ws.l(fdiv.o)
    0x000086a4   0x00000036   Code   RO         1496    x$fpl$ffix          fz_ws.l(ffix.o)
    0x000086da   0x00000002   PAD
    0x000086dc   0x0000003e   Code   RO         1500    x$fpl$ffixu         fz_ws.l(ffixu.o)
    0x0000871a   0x00000002   PAD
    0x0000871c   0x00000030   Code   RO         1505    x$fpl$fflt          fz_ws.l(fflt_clz.o)
    0x0000874c   0x00000026   Code   RO         1504    x$fpl$ffltu         fz_ws.l(fflt_clz.o)
    0x00008772   0x00000002   PAD
    0x00008774   0x00000068   Code   RO         1510    x$fpl$fleqf         fz_ws.l(fleqf.o)
    0x000087dc   0x00000102   Code   RO         1512    x$fpl$fmul          fz_ws.l(fmul.o)
    0x000088de   0x0000008c   Code   RO         1769    x$fpl$fnaninf       fz_ws.l(fnaninf.o)
    0x0000896a   0x0000000a   Code   RO         1771    x$fpl$fretinf       fz_ws.l(fretinf.o)
    0x00008974   0x000000ea   Code   RO         1488    x$fpl$fsub          fz_ws.l(faddsub_clz.o)
    0x00008a5e   0x00000004   Code   RO         1773    x$fpl$printf1       fz_ws.l(printf1.o)
    0x00008a62   0x00000064   Code   RO         1917    x$fpl$retnan        fz_ws.l(retnan.o)
    0x00008ac6   0x0000005c   Code   RO         1919    x$fpl$scalbn        fz_ws.l(scalbn.o)
    0x00008b22   0x0000004c   Code   RO         1514    x$fpl$scalbnf       fz_ws.l(scalbnf.o)
    0x00008b6e   0x00000030   Code   RO         2021    x$fpl$trapveneer    fz_ws.l(trapv.o)
    0x00008b9e   0x00000000   Code   RO         1777    x$fpl$usenofp       fz_ws.l(usenofp.o)
    0x00008b9e   0x00000017   Data   RO          456    .constdata          retarget.o
    0x00008bb5   0x00000003   PAD
    0x00008bb8   0x000000b4   Data   RO          520    .constdata          mbed.ar(pwmout_api.o)
    0x00008c6c   0x000000d8   Data   RO          556    .constdata          mbed.ar(serial_api.o)
    0x00008d44   0x00000098   Data   RO          925    .constdata          mbed.ar(i2c_api.o)
    0x00008ddc   0x00000028   Data   RO         1245    .constdata          c_w.l(_printf_hex_int_ll_ptr.o)
    0x00008e04   0x00000011   Data   RO         1265    .constdata          c_w.l(__printf_flags_ss_wp.o)
    0x00008e15   0x00000003   PAD
    0x00008e18   0x00000008   Data   RO         1585    .constdata          c_w.l(_printf_wctomb.o)
    0x00008e20   0x00000098   Data   RO         1780    .constdata          m_ws.l(atan.o)
    0x00008eb8   0x00000008   Data   RO         1788    .constdata          m_ws.l(qnan.o)
    0x00008ec0   0x00000094   Data   RO         1941    .constdata          c_w.l(bigflt0.o)
    0x00008f54   0x0000002c   Data   RO          501    .constdata__ZTVN4mbed10FileHandleE  retarget.o
    0x00008f80   0x00000044   Data   RO          796    .constdata__ZTVN4mbed6SerialE  mbed.ar(Serial.o)
    0x00008fc4   0x00000044   Data   RO          869    .constdata__ZTVN4mbed6StreamE  mbed.ar(Stream.o)
    0x00009008   0x00000010   Data   RO         1014    .constdata__ZTVN4mbed8FileBaseE  mbed.ar(FileBase.o)
    0x00009018   0x0000003c   Data   RO         1037    .constdata__ZTVN4mbed8FileLikeE  mbed.ar(FileLike.o)
    0x00009054   0x00000010   Data   RO          632    .constdata__ZTVN4mbed9CallChainE  mbed.ar(CallChain.o)
    0x00009064   0x00000020   Data   RO         2101    Region$$Table       anon$$obj.o
    0x00009084   0x0000001c   Data   RO         1967    locale$$data        c_w.l(lc_numeric_c.o)
    0x000090a0   0x00000110   Data   RO         2047    locale$$data        c_w.l(lc_ctype_c.o)
    0x000091b0   0x00000004   Data   RO            7    .init_array         main.o


    Execution Region RW_IRAM1 (Base: 0x100000c8, Size: 0x0000039c, Max: 0x00007f38, ABSOLUTE)

    Base Addr    Size         Type   Attr      Idx    E Section Name        Object

    0x100000c8   0x000000a0   Data   RW            6    .data               main.o
    0x10000168   0x00000004   Data   RW          394    .data               system_LPC17xx.o
    0x1000016c   0x00000020   Data   RW          521    .data               mbed.ar(pwmout_api.o)
    0x1000018c   0x00000010   Data   RW          557    .data               mbed.ar(serial_api.o)
    0x1000019c   0x00000004   Data   RW          740    .data               mbed.ar(I2C.o)
    0x100001a0   0x00000004   Data   RW          963    .data               mbed.ar(us_ticker.o)
    0x100001a4   0x00000004   Data   RW         1003    .data               mbed.ar(FileBase.o)
    0x100001a8   0x00000008   Data   RW         1121    .data               mbed.ar(us_ticker_api.o)
    0x100001b0   0x00000004   Data   RW         1297    .data               c_w.l(stdio_streams.o)
    0x100001b4   0x00000004   Data   RW         1298    .data               c_w.l(stdio_streams.o)
    0x100001b8   0x00000004   Data   RW         1299    .data               c_w.l(stdio_streams.o)
    0x100001bc   0x00000004   Data   RW         1891    .data               c_w.l(heapauxa.o)
    0x100001c0   0x00000130   Zero   RW            5    .bss                main.o
    0x100002f0   0x00000040   Zero   RW          455    .bss                retarget.o
    0x10000330   0x00000010   Zero   RW          555    .bss                mbed.ar(serial_api.o)
    0x10000340   0x00000054   Zero   RW         1294    .bss                c_w.l(stdio_streams.o)
    0x10000394   0x00000054   Zero   RW         1295    .bss                c_w.l(stdio_streams.o)
    0x100003e8   0x00000054   Zero   RW         1296    .bss                c_w.l(stdio_streams.o)
    0x1000043c   0x00000004   Zero   RW         1532    .bss                c_w.l(rt_heap_descriptor.o)
    0x10000440   0x00000004   Zero   RW         1537    .bss                c_w.l(rt_new_handler_addr.o)
    0x10000444   0x00000004   Zero   RW         1542    .bss                c_w.l(rt_ddtor_pointer_addr.o)
    0x10000448   0x00000004   Zero   RW         1812    .bss                c_w.l(rt_errno_addr.o)
    0x1000044c   0x00000014   Zero   RW         1932    .bss                c_w.l(rt_locale.o)
    0x10000460   0x00000004   Zero   RW         2035    .bss                c_w.l(rt_eh_globals_addr.o)


    Execution Region RW_IRAM2 (Base: 0x2007c000, Size: 0x00000000, Max: 0x00004000, ABSOLUTE)

    **** No section assigned to this execution region ****


    Execution Region RW_IRAM3 (Base: 0x20080000, Size: 0x00000000, Max: 0x00004000, ABSOLUTE)

    **** No section assigned to this execution region ****


    Execution Region RW_IRAM4 (Base: 0x40038000, Size: 0x00000000, Max: 0x00000800, ABSOLUTE)

    **** No section assigned to this execution region ****


==============================================================================

Image component sizes


      Code (inc. data)   RO Data    RW Data    ZI Data      Debug   Object Name

        48          6          0          0          0         84   cmsis_nvic.o
      1088          4          0          0          0      13844   i2cdev.o
     12738        280          4        160        304     117009   main.o
       626         62         67          0         64        808   retarget.o
        40         12        196          0          0        228   startup_LPC17xx.o
        16          6          0          0          0         68   sys.o
       156         10          0          4          0         76   system_LPC17xx.o

    ----------------------------------------------------------------------
     14718        380        302        164        368     132117   Object Totals
         0          0         32          0          0          0   (incl. Generated)
         6          0          3          0          0          0   (incl. Padding)

    ----------------------------------------------------------------------

      Code (inc. data)   RO Data    RW Data    ZI Data      Debug   Library Member Name

        60          8          0          0          0         84   __0sscanf.o
        20          0          0          0          0         84   __2fprintf.o
        44          6          0          0          0         84   __2sprintf.o
         8          0          0          0          0         68   __main.o
       396          6         17          0          0         92   __printf_flags_ss_wp.o
        14          0          0          0          0         68   __printf_wp.o
        52          8          0          0          0          0   __scatter.o
        26          0          0          0          0          0   __scatter_copy.o
        28          0          0          0          0          0   __scatter_zi.o
        28          0          0          0          0         68   _chval.o
         6          0          0          0          0          0   _printf_a.o
         6          0          0          0          0          0   _printf_c.o
        44          0          0          0          0        108   _printf_char.o
        48          6          0          0          0         96   _printf_char_common.o
        36          4          0          0          0         80   _printf_char_file.o
        42          0          0          0          0         68   _printf_charcount.o
         6          0          0          0          0          0   _printf_d.o
       120         18          0          0          0         92   _printf_dec.o
         6          0          0          0          0          0   _printf_e.o
         6          0          0          0          0          0   _printf_f.o
      1056          0          0          0          0        216   _printf_fp_dec.o
       128         16          0          0          0         84   _printf_fp_infnan.o
         6          0          0          0          0          0   _printf_g.o
       156          6         40          0          0        160   _printf_hex_int_ll_ptr.o
         6          0          0          0          0          0   _printf_i.o
       184          0          0          0          0         88   _printf_intcommon.o
        10          0          0          0          0          0   _printf_l.o
         6          0          0          0          0          0   _printf_lc.o
        10          0          0          0          0          0   _printf_ll.o
         6          0          0          0          0          0   _printf_lld.o
         6          0          0          0          0          0   _printf_lli.o
         6          0          0          0          0          0   _printf_llo.o
         6          0          0          0          0          0   _printf_llu.o
         6          0          0          0          0          0   _printf_llx.o
       120         16          0          0          0         92   _printf_longlong_dec.o
         6          0          0          0          0          0   _printf_ls.o
         6          0          0          0          0          0   _printf_n.o
         6          0          0          0          0          0   _printf_o.o
       120          8          0          0          0        124   _printf_oct_int_ll.o
         6          0          0          0          0          0   _printf_p.o
        82          0          0          0          0        108   _printf_pad.o
         0          0          0          0          0          0   _printf_percent.o
         4          0          0          0          0          0   _printf_percent_end.o
         6          0          0          0          0          0   _printf_s.o
        82          0          0          0          0         80   _printf_str.o
        36          0          0          0          0         84   _printf_truncate.o
         6          0          0          0          0          0   _printf_u.o
        44          0          0          0          0        108   _printf_wchar.o
       188          6          8          0          0         92   _printf_wctomb.o
         6          0          0          0          0          0   _printf_x.o
       880          4          0          0          0        100   _scanf.o
       336          0          0          0          0         96   _scanf_int.o
        64          0          0          0          0         84   _sgetc.o
        10          0          0          0          0         68   _sputc.o
        64          0          0          0          0         92   _wcrtomb.o
        16          0          0          0          0         72   abort.o
       228          6        148          0          0         96   bigflt0.o
      1910        128          0          0          0        672   btod.o
        10          0          0          0          0         68   c89vfprintf.o
        48         34          0          0          0         76   defsig_abrt_inner.o
        14          0          0          0          0         80   defsig_abrt_outer.o
        10          0          0          0          0         68   defsig_exit.o
        50          0          0          0          0         88   defsig_general.o
        48         34          0          0          0         76   defsig_pvfn_inner.o
        14          0          0          0          0         80   defsig_pvfn_outer.o
        80         58          0          0          0         76   defsig_rtmem_inner.o
        14          0          0          0          0         80   defsig_rtmem_outer.o
        52         38          0          0          0         76   defsig_rtred_inner.o
        14          0          0          0          0         80   defsig_rtred_outer.o
        76          0          0          0          0         88   fclose.o
         8          0          0          0          0         68   ferror.o
       100          4          0          0          0        120   fflush.o
       478          0          0          0          0         88   flsbuf.o
       236          4          0          0          0        128   fopen.o
        26          0          0          0          0         68   fputc.o
       248          6          0          0          0         84   fseek.o
        70          0          0          0          0         76   ftell.o
        94          0          0          0          0         80   h1_alloc.o
        52          0          0          0          0         68   h1_extend.o
        78          0          0          0          0         80   h1_free.o
        14          0          0          0          0         84   h1_init.o
       184          0          0          0          0         92   h1_realloc.o
        80          6          0          4          0         96   heapauxa.o
         4          0          0          0          0        136   hguard.o
         0          0          0          0          0          0   indicate_semi.o
        36         10          0          0          0         80   init_aeabi.o
       138          0          0          0          0        168   init_alloc.o
       312         46          0          0          0        112   initio.o
        18          0          0          0          0         76   isspace.o
        44         10        272          0          0         76   lc_ctype_c.o
        44         10         28          0          0         76   lc_numeric_c.o
         2          0          0          0          0          0   libinit.o
        46          0          0          0          0          0   libinit2.o
         6          0          0          0          0          0   libshutdown2.o
       138          0          0          0          0         80   lludiv10.o
         0          0          0          0          0          0   maybetermalloc1.o
        88          0          0          0          0         76   memcmp.o
        22          0          0          0          0         76   memset.o
        16          4          0          0          0         76   rt_ctype_table.o
         8          4          0          0          4         68   rt_ddtor_pointer_addr.o
         8          4          0          0          4         68   rt_eh_globals_addr.o
         8          4          0          0          4         68   rt_errno_addr.o
         8          4          0          0          4         68   rt_heap_descriptor.o
         8          4          0          0         20         68   rt_locale.o
        68          0          0          0          0         68   rt_memclr.o
        78          0          0          0          0         80   rt_memclr_w.o
       100          0          0          0          0         80   rt_memcpy_w.o
         8          4          0          0          4         68   rt_new_handler_addr.o
         0          0          0          0          0          0   rtentry.o
        12          0          0          0          0          0   rtentry2.o
         6          0          0          0          0          0   rtentry4.o
        44          8          0          0          0         84   scanf_char.o
        20          0          0          0          0         68   setbuf.o
        70          0          0          0          0         80   setvbuf.o
       240          6          0          0          0        156   stdio.o
         0          0          0         12        252          0   stdio_streams.o
       128          0          0          0          0         68   strcmpv7m.o
        62          0          0          0          0         76   strlen.o
       150          0          0          0          0         80   strncmp.o
        12          4          0          0          0         68   sys_exit.o
        14          0          0          0          0         76   sys_wrch.o
         2          0          0          0          0         68   use_no_semi.o
        50          0          0          0          0         84   aeabi_atexit.o
        34          0          0          0          0         84   aeabi_vec_ctor_nocookie_nodtor.o
        34          0          0          0          0         84   aeabi_vec_dtor_noexceptions.o
        80         12          0          0          0        104   arm_exceptions_globs.o
        60          0          0          0          0        108   arm_exceptions_mem.o
        26          0          0          0          0         76   arm_exceptions_terminate.o
         4          0          0          0          0         68   arm_newhandler_noexceptions.o
         8          0          0          0          0         76   array_new.o
        66          0          0          0          0         84   cxa_finalize.o
         8          0          0          0          0         76   delete.o
        40          6          0          0          0         76   new.o
         6          0          0          0          0         68   pure_virt.o
       826         16          0          0          0        348   daddsub_clz.o
        16          4          0          0          0         68   dcheck1.o
       688        140          0          0          0        208   ddiv.o
        94          4          0          0          0         92   dfix.o
        46          0          0          0          0         68   dflt_clz.o
       340         12          0          0          0        104   dmul.o
       156          4          0          0          0         92   dnaninf.o
        12          0          0          0          0         68   dretinf.o
        86          4          0          0          0         84   f2d.o
       430          8          0          0          0        168   faddsub_clz.o
        12          4          0          0          0         68   fcheck1.o
        24          0          0          0          0         68   fcmpi.o
       388         76          0          0          0         96   fdiv.o
        54          4          0          0          0         84   ffix.o
        62          4          0          0          0         84   ffixu.o
        86          0          0          0          0        136   fflt_clz.o
       104          4          0          0          0         84   fleqf.o
       258          4          0          0          0         84   fmul.o
       140          4          0          0          0         84   fnaninf.o
        10          0          0          0          0         68   fretinf.o
         4          0          0          0          0         68   printf1.o
       100          0          0          0          0         68   retnan.o
        92          0          0          0          0         68   scalbn.o
        76          0          0          0          0         68   scalbnf.o
        48          0          0          0          0         68   trapv.o
         0          0          0          0          0          0   usenofp.o
       548         70        152          0          0        124   atan.o
       384         38          0          0          0        144   atan2.o
        16          6          0          0          0         68   dunder.o
        40          0          0          0          0         68   fpclassify.o
       170          0          0          0          0         96   poly.o
         0          0          8          0          0          0   qnan.o
       138          8         16          0          0        316   CallChain.o
       144         26         16          4          0        284   FileBase.o
        50          8         60          0          0        156   FileLike.o
       156          0          0          0          0        516   FilePath.o
        24          0          0          0          0         68   FunctionPointer.o
       168         12          0          4          0        536   I2C.o
       110         12         68          0          0        292   Serial.o
       178         18         68          0          0        604   Stream.o
        78          0          0          0          0        380   Timer.o
       146          6          0          0          0        144   board.o
        20          0          0          0          0         72   exit.o
       122          0          0          0          0        236   gpio_api.o
       832         62        152          0          0       1020   i2c_api.o
         4          0          0          0          0         68   mbed_interface.o
       136         18          0          0          0        160   pinmap.o
       216         86          0          0          0        236   pinmap_common.o
       330         74        180         32          0        308   pwmout_api.o
        28          6          0          0          0        148   semihost_api.o
      1026        232        216         16         16        404   serial_api.o
       172         48          0          4          0        356   us_ticker.o
        64          4          0          8          0         88   us_ticker_api.o
        32          0          0          0          0        148   wait_api.o

    ----------------------------------------------------------------------
     20828       1596       1452         84        308      18592   Library Totals
        48          0          3          0          0          0   (incl. Padding)

    ----------------------------------------------------------------------

      Code (inc. data)   RO Data    RW Data    ZI Data      Debug   Library Name

     10880        552        513         16        292       8068   c_w.l
       416         18          0          0          0        988   cpprt_w.l
      4152        292          0          0          0       2496   fz_ws.l
      1158        114        160          0          0        500   m_ws.l
      4174        620        776         68         16       6540   mbed.ar

    ----------------------------------------------------------------------
     20828       1596       1452         84        308      18592   Library Totals

    ----------------------------------------------------------------------

==============================================================================


      Code (inc. data)   RO Data    RW Data    ZI Data      Debug   

     35546       1976       1754        248        676     138073   Grand Totals
     35546       1976       1754        248        676     138073   ELF Image Totals
     35546       1976       1754        248          0          0   ROM Totals

==============================================================================

    Total RO  Size (Code + RO Data)                37300 (  36.43kB)
    Total RW  Size (RW Data + ZI Data)               924 (   0.90kB)
    Total ROM Size (Code + RO Data + RW Data)      37548 (  36.67kB)

==============================================================================

