<html>
<body>
<pre>
<h1>µVision Build Log</h1>
<h2>Project:</h2>
D:\Studies\Courses\EE500_embedded Systems\Project\I2c\hello.uvproj
Project File Date:  11/06/2013

<h2>Output:</h2>
Rebuild target 'mbed NXP LPC1768'
compiling main.cpp...
main.cpp(14): warning:  #1-D: last line of file ends without a newline
  }
main.cpp: 1 warning, 0 errors
compiling i2c0.cpp...
i2c0.cpp(300): warning:  #111-D: statement is unreachable
          break;
i2c0.cpp: 1 warning, 0 errors
linking...
Program Size: Code=1764 RO-data=232 RW-data=16 ZI-data=24  
After Build - User command #1: fromelf --bin -o build\hello_LPC1768.bin build\hello.axf
".\build\firmware.axf" - 0 Error(s), 2 Warning(s).
Load "D:\\Studies\\Courses\\EE500_embedded Systems\\Project\\I2c\\build\\firmware.axf" 
Erase Failed!
Error: Flash Download failed  -  "Cortex-M3"
</pre>
</body>
</html>
oad "D:\\Studies\\Courses\\EE500_embedded Systems\\Project\\I2c\\build\\hello.axf" 
Erase Failed!
Error: Flash Download failed  -  "Cortex-M3"
Load "D:\\Studies\\Courses\\EE500_embedded Systems\\Project\\I2c\\build\\hello.axf" 
Erase Failed!
Error: Flash Download failed  -  "Cortex-M3"
Load "D:\\Studies\\Courses\\EE500_embedded Systems\\Project\\I2c\\build\\hello.axf" 
Erase Done.
Programming Done.
Contents mismatch at: 00000190H  (Flash=32H  Required=1AH) !
Verify Failed!
Error: Flash Download failed  -  "Cortex-M3"
Load "D:\\Studies\\Courses\\EE500_embedded Systems\\Project\\I2c\\build\\hello.axf" 
Erase Failed!
Error: Flash Download failed  -  "Cortex-M3"
Load "D:\\Studies\\Courses\\EE500_embedded Systems\\Project\\I2c\\build\\firmware.axf" 
_____^
*** error 56: cannot open file
Error: Flash Download failed  -  Could not load file 'D:\Studies\Courses\EE500_embedded Systems\Project\I2c\build\firmware.axf'
