ARM Linker, 5.03 [Build 76] [MDK-ARM Lite]

==============================================================================

Section Cross References

    main.o(.text) refers to _printf_percent.o(.ARM.Collect$$_printf_percent$$00000000) for _printf_percent
    main.o(.text) refers to _printf_s.o(.ARM.Collect$$_printf_percent$$00000014) for _printf_s
    main.o(.text) refers to _printf_str.o(.text) for _printf_str
    main.o(.text) refers to i2c0.o(.text) for i2c0_init(unsigned, unsigned char)
    main.o(.text) refers to rt_memcpy_w.o(.text) for __aeabi_memcpy4
    main.o(.text) refers to noretval__2printf.o(.text) for __2printf
    main.o(.text) refers to main.o(.constdata) for .constdata
    main.o(.ARM.exidx) refers to main.o(.text) for .text
    i2c0.o(.text) refers to i2c0.o(.bss) for i2c_status_buf
    i2c0.o(.text) refers to i2c0.o(.data) for i2c_status_pos
    i2c0.o(.text) refers to system_LPC17xx.o(.data) for SystemCoreClock
    i2c0.o(.ARM.exidx) refers to i2c0.o(.text) for .text
    sys.o(.ARM.exidx) refers to sys.o(i.__user_setup_stackheap) for i.__user_setup_stackheap
    system_LPC17xx.o(i.SystemCoreClockUpdate) refers to lludivv7m.o(.text) for __aeabi_uldivmod
    system_LPC17xx.o(i.SystemCoreClockUpdate) refers to system_LPC17xx.o(.data) for .data
    startup_LPC17xx.o(RESET) refers to startup_LPC17xx.o(.text) for Reset_Handler
    startup_LPC17xx.o(.text) refers to system_LPC17xx.o(i.SystemInit) for SystemInit
    startup_LPC17xx.o(.text) refers to __main.o(!!!main) for __main
    retarget.o(i.$Sub$$main) refers to retarget.o(i.mbed_main) for mbed_main
    retarget.o(i.$Sub$$main) refers to main.o(.text) for $Super$$main
    retarget.o(i._Z11init_serialv) refers to serial_api.o(i.serial_init) for serial_init
    retarget.o(i._Z11init_serialv) refers to serial_api.o(.data) for stdio_uart_inited
    retarget.o(i._ZN4mbed10FileHandleD0Ev) refers to retarget.o(i._ZN4mbed10FileHandleD2Ev) for mbed::FileHandle::~FileHandle__sub_object()
    retarget.o(i._ZN4mbed10FileHandleD0Ev) refers to delete.o(i._ZdlPv) for operator delete (void*)
    retarget.o(i._ZN4mbed10FileHandleD2Ev) refers to retarget.o(.constdata__ZTVN4mbed10FileHandleE) for vtable for mbed::FileHandle
    retarget.o(i._ZN4mbed10FileHandleD2Ev) refers to retarget.o(.bss) for .bss
    retarget.o(i._sys_close) refers to retarget.o(.bss) for .bss
    retarget.o(i._sys_ensure) refers to retarget.o(.bss) for .bss
    retarget.o(i._sys_flen) refers to retarget.o(.bss) for .bss
    retarget.o(i._sys_istty) refers to retarget.o(.bss) for .bss
    retarget.o(i._sys_open) refers to _scanf_int.o(.text) for _scanf_int
    retarget.o(i._sys_open) refers to strcmpv7m.o(.text) for strcmp
    retarget.o(i._sys_open) refers to retarget.o(i._Z11init_serialv) for init_serial()
    retarget.o(i._sys_open) refers to FilePath.o(i._ZN4mbed8FilePathC1EPKc) for mbed::FilePath::FilePath(const char*)
    retarget.o(i._sys_open) refers to FilePath.o(i._ZN4mbed8FilePath6existsEv) for mbed::FilePath::exists()
    retarget.o(i._sys_open) refers to FilePath.o(i._ZN4mbed8FilePath6isFileEv) for mbed::FilePath::isFile()
    retarget.o(i._sys_open) refers to FilePath.o(i._ZN4mbed8FilePath4fileEv) for mbed::FilePath::file()
    retarget.o(i._sys_open) refers to __0sscanf.o(.text) for __0sscanf
    retarget.o(i._sys_open) refers to FilePath.o(i._ZN4mbed8FilePath10fileSystemEv) for mbed::FilePath::fileSystem()
    retarget.o(i._sys_open) refers to FilePath.o(i._ZN4mbed8FilePath8fileNameEv) for mbed::FilePath::fileName()
    retarget.o(i._sys_open) refers to retarget.o(.constdata) for .constdata
    retarget.o(i._sys_open) refers to retarget.o(.bss) for .bss
    retarget.o(i._sys_read) refers to serial_api.o(i.serial_getc) for serial_getc
    retarget.o(i._sys_read) refers to serial_api.o(.data) for stdio_uart
    retarget.o(i._sys_read) refers to retarget.o(.bss) for .bss
    retarget.o(i._sys_seek) refers to retarget.o(.bss) for .bss
    retarget.o(i._sys_write) refers to retarget.o(i._Z11init_serialv) for init_serial()
    retarget.o(i._sys_write) refers to serial_api.o(i.serial_putc) for serial_putc
    retarget.o(i._sys_write) refers to serial_api.o(.data) for stdio_uart_inited
    retarget.o(i._sys_write) refers to retarget.o(.bss) for .bss
    retarget.o(i.mkdir) refers to FilePath.o(i._ZN4mbed8FilePathC1EPKc) for mbed::FilePath::FilePath(const char*)
    retarget.o(i.mkdir) refers to FilePath.o(i._ZN4mbed8FilePath10fileSystemEv) for mbed::FilePath::fileSystem()
    retarget.o(i.mkdir) refers to FilePath.o(i._ZN4mbed8FilePath8fileNameEv) for mbed::FilePath::fileName()
    retarget.o(i.opendir) refers to FilePath.o(i._ZN4mbed8FilePathC1EPKc) for mbed::FilePath::FilePath(const char*)
    retarget.o(i.opendir) refers to FilePath.o(i._ZN4mbed8FilePath10fileSystemEv) for mbed::FilePath::fileSystem()
    retarget.o(i.opendir) refers to FilePath.o(i._ZN4mbed8FilePath8fileNameEv) for mbed::FilePath::fileName()
[...]
    ../clib/signal.c                         0x00000000   Number         0  defsig_abrt_inner.o ABSOLUTE
    ../clib/signal.c                         0x00000000   Number         0  defsig_stak_inner.o ABSOLUTE
    ../clib/signal.c                         0x00000000   Number         0  defsig_cppl_inner.o ABSOLUTE
    ../clib/signal.c                         0x00000000   Number         0  defsig_segv_inner.o ABSOLUTE
    ../clib/signal.c                         0x00000000   Number         0  defsig_other.o ABSOLUTE
    ../clib/signal.c                         0x00000000   Number         0  defsig_rtred_inner.o ABSOLUTE
    ../clib/signal.c                         0x00000000   Number         0  defsig_rtmem_outer.o ABSOLUTE
    ../clib/signal.s                         0x00000000   Number         0  defsig.o ABSOLUTE
    ../clib/stdio.c                          0x00000000   Number         0  flsbuf.o ABSOLUTE
    ../clib/stdio.c                          0x00000000   Number         0  fputc_locked.o ABSOLUTE
    ../clib/stdio.c                          0x00000000   Number         0  initio_locked.o ABSOLUTE
    ../clib/stdio.c                          0x00000000   Number         0  setvbuf_locked.o ABSOLUTE
    ../clib/stdio.c                          0x00000000   Number         0  fseek.o ABSOLUTE
    ../clib/stdio.c                          0x00000000   Number         0  ftell.o ABSOLUTE
    ../clib/stdio.c                          0x00000000   Number         0  ferror_locked.o ABSOLUTE
    ../clib/stdio.c                          0x00000000   Number         0  fwritefast.o ABSOLUTE
    ../clib/stdio.c                          0x00000000   Number         0  stdio.o ABSOLUTE
    ../clib/stdio.c                          0x00000000   Number         0  fwritefast_locked.o ABSOLUTE
    ../clib/stdio.c                          0x00000000   Number         0  streamlock.o ABSOLUTE
    ../clib/stdio.c                          0x00000000   Number         0  fclose.o ABSOLUTE
    ../clib/stdio.c                          0x00000000   Number         0  initio.o ABSOLUTE
    ../clib/stdio.c                          0x00000000   Number         0  stdio_streams.o ABSOLUTE
    ../clib/stdio.c                          0x00000000   Number         0  fputs_locked.o ABSOLUTE
    ../clib/stdio.c                          0x00000000   Number         0  fflush_locked.o ABSOLUTE
    ../clib/stdio.c                          0x00000000   Number         0  ferror.o ABSOLUTE
    ../clib/stdio.c                          0x00000000   Number         0  fopen_locked.o ABSOLUTE
    ../clib/stdio.c                          0x00000000   Number         0  fopen.o ABSOLUTE
    ../clib/stdio.c                          0x00000000   Number         0  setvbuf.o ABSOLUTE
    ../clib/stdio.c                          0x00000000   Number         0  fflush.o ABSOLUTE
    ../clib/stdio.c                          0x00000000   Number         0  fputs.o ABSOLUTE
    ../clib/stdio.c                          0x00000000   Number         0  fputc.o ABSOLUTE
    ../clib/stdlib.c                         0x00000000   Number         0  bsearchnoex.o ABSOLUTE
    ../clib/stdlib.c                         0x00000000   Number         0  abort.o ABSOLUTE
    ../clib/string.c                         0x00000000   Number         0  strncmp.o ABSOLUTE
    ../clib/string.c                         0x00000000   Number         0  strlen.o ABSOLUTE
    ../clib/unwind_pr.c                      0x00000000   Number         0  unwind_pr0.o ABSOLUTE
    ../clib/unwind_pr.c                      0x00000000   Number         0  unwind_prcommon.o ABSOLUTE
    ../clib/unwinder.c                       0x00000000   Number         0  unwind_activity.o ABSOLUTE
    ../clib/unwinder.c                       0x00000000   Number         0  unwind_activity.o ABSOLUTE
    ../clib/unwinder.c                       0x00000000   Number         0  unwinder.o ABSOLUTE
    ../clib/unwinder.c                       0x00000000   Number         0  unwinder.o ABSOLUTE
    ../clib/wchar.c                          0x00000000   Number         0  flsbuf_fwide.o ABSOLUTE
    ../fplib/faddsub.s                       0x00000000   Number         0  faddsub_clz.o ABSOLUTE
    ../fplib/fcheck1.s                       0x00000000   Number         0  fcheck1.o ABSOLUTE
    ../fplib/fcmpi.s                         0x00000000   Number         0  fcmpi.o ABSOLUTE
    ../fplib/fdiv.s                          0x00000000   Number         0  fdiv.o ABSOLUTE
    ../fplib/ffix.s                          0x00000000   Number         0  ffix.o ABSOLUTE
    ../fplib/fflt.s                          0x00000000   Number         0  fflt_clz.o ABSOLUTE
    ../fplib/fleqf.s                         0x00000000   Number         0  fleqf.o ABSOLUTE
    ../fplib/fmul.s                          0x00000000   Number         0  fmul.o ABSOLUTE
    ../fplib/fnaninf.s                       0x00000000   Number         0  fnaninf.o ABSOLUTE
    ../fplib/fpinit.s                        0x00000000   Number         0  fpinit.o ABSOLUTE
    ../fplib/fretinf.s                       0x00000000   Number         0  fretinf.o ABSOLUTE
    ../fplib/retnan.s                        0x00000000   Number         0  retnan.o ABSOLUTE
    ../fplib/scalbnf.s                       0x00000000   Number         0  scalbnf.o ABSOLUTE
    ../fplib/trapv.s                         0x00000000   Number         0  trapv.o ABSOLUTE
    ../fplib/usenofp.s                       0x00000000   Number         0  usenofp.o ABSOLUTE
    C:\\work\\mbed\\git_arm\\libraries\\mbed\\common\\FileBase.cpp 0x00000000   Number         0  FileBase.o ABSOLUTE
    C:\\work\\mbed\\git_arm\\libraries\\mbed\\common\\FilePath.cpp 0x00000000   Number         0  FilePath.o ABSOLUTE
    C:\\work\\mbed\\git_arm\\libraries\\mbed\\common\\FileSystemLike.cpp 0x00000000   Number         0  FileSystemLike.o ABSOLUTE
    C:\\work\\mbed\\git_arm\\libraries\\mbed\\common\\board.c 0x00000000   Number         0  board.o ABSOLUTE
    C:\\work\\mbed\\git_arm\\libraries\\mbed\\common\\exit.c 0x00000000   Number         0  exit.o ABSOLUTE
    C:\\work\\mbed\\git_arm\\libraries\\mbed\\common\\mbed_interface.c 0x00000000   Number         0  mbed_interface.o ABSOLUTE
    C:\\work\\mbed\\git_arm\\libraries\\mbed\\common\\pinmap_common.c 0x00000000   Number         0  pinmap_common.o ABSOLUTE
    C:\\work\\mbed\\git_arm\\libraries\\mbed\\common\\retarget.cpp 0x00000000   Number         0  retarget.o ABSOLUTE
    C:\\work\\mbed\\git_arm\\libraries\\mbed\\common\\semihost_api.c 0x00000000   Number         0  semihost_api.o ABSOLUTE
    C:\\work\\mbed\\git_arm\\libraries\\mbed\\common\\us_ticker_api.c 0x00000000   Number         0  us_ticker_api.o ABSOLUTE
    C:\\work\\mbed\\git_arm\\libraries\\mbed\\targets\\cmsis\\TARGET_NXP\\TARGET_LPC176X\\cmsis_nvic.c 0x00000000   Number         0  cmsis_nvic.o ABSOLUTE
    C:\\work\\mbed\\git_arm\\libraries\\mbed\\targets\\cmsis\\TARGET_NXP\\TARGET_LPC176X\\system_LPC17xx.c 0x00000000   Number         0  system_LPC17xx.o ABSOLUTE
    C:\\work\\mbed\\git_arm\\libraries\\mbed\\targets\\hal\\TARGET_NXP\\TARGET_LPC176X\\gpio_api.c 0x00000000   Number         0  gpio_api.o ABSOLUTE
    C:\\work\\mbed\\git_arm\\libraries\\mbed\\targets\\hal\\TARGET_NXP\\TARGET_LPC176X\\pinmap.c 0x00000000   Number         0  pinmap.o ABSOLUTE
    C:\\work\\mbed\\git_arm\\libraries\\mbed\\targets\\hal\\TARGET_NXP\\TARGET_LPC176X\\serial_api.c 0x00000000   Number         0  serial_api.o ABSOLUTE
    C:\\work\\mbed\\git_arm\\libraries\\mbed\\targets\\hal\\TARGET_NXP\\TARGET_LPC176X\\us_ticker.c 0x00000000   Number         0  us_ticker.o ABSOLUTE
    C:\work\mbed\git_arm\libraries\mbed\common\FileBase.cpp 0x00000000   Number         0  FileBase.o ABSOLUTE
    C:\work\mbed\git_arm\libraries\mbed\common\FilePath.cpp 0x00000000   Number         0  FilePath.o ABSOLUTE
    C:\work\mbed\git_arm\libraries\mbed\common\FileSystemLike.cpp 0x00000000   Number         0  FileSystemLike.o ABSOLUTE
    C:\work\mbed\git_arm\libraries\mbed\common\board.c 0x00000000   Number         0  board.o ABSOLUTE
    C:\work\mbed\git_arm\libraries\mbed\common\exit.c 0x00000000   Number         0  exit.o ABSOLUTE
    C:\work\mbed\git_arm\libraries\mbed\common\mbed_interface.c 0x00000000   Number         0  mbed_interface.o ABSOLUTE
    C:\work\mbed\git_arm\libraries\mbed\common\pinmap_common.c 0x00000000   Number         0  pinmap_common.o ABSOLUTE
    C:\work\mbed\git_arm\libraries\mbed\common\retarget.cpp 0x00000000   Number         0  retarget.o ABSOLUTE
    C:\work\mbed\git_arm\libraries\mbed\common\semihost_api.c 0x00000000   Number         0  semihost_api.o ABSOLUTE
    C:\work\mbed\git_arm\libraries\mbed\common\us_ticker_api.c 0x00000000   Number         0  us_ticker_api.o ABSOLUTE
    C:\work\mbed\git_arm\libraries\mbed\common\wait_api.c 0x00000000   Number         0  wait_api.o ABSOLUTE
    C:\work\mbed\git_arm\libraries\mbed\targets\cmsis\TARGET_NXP\TARGET_LPC176X\TOOLCHAIN_ARM_STD\startup_LPC17xx.s 0x00000000   Number         0  startup_LPC17xx.o ABSOLUTE
    C:\work\mbed\git_arm\libraries\mbed\targets\cmsis\TARGET_NXP\TARGET_LPC176X\TOOLCHAIN_ARM_STD\sys.cpp 0x00000000   Number         0  sys.o ABSOLUTE
    C:\work\mbed\git_arm\libraries\mbed\targets\cmsis\TARGET_NXP\TARGET_LPC176X\cmsis_nvic.c 0x00000000   Number         0  cmsis_nvic.o ABSOLUTE
    C:\work\mbed\git_arm\libraries\mbed\targets\cmsis\TARGET_NXP\TARGET_LPC176X\system_LPC17xx.c 0x00000000   Number         0  system_LPC17xx.o ABSOLUTE
    C:\work\mbed\git_arm\libraries\mbed\targets\hal\TARGET_NXP\TARGET_LPC176X\gpio_api.c 0x00000000   Number         0  gpio_api.o ABSOLUTE
    C:\work\mbed\git_arm\libraries\mbed\targets\hal\TARGET_NXP\TARGET_LPC176X\pinmap.c 0x00000000   Number         0  pinmap.o ABSOLUTE
    C:\work\mbed\git_arm\libraries\mbed\targets\hal\TARGET_NXP\TARGET_LPC176X\serial_api.c 0x00000000   Number         0  serial_api.o ABSOLUTE
    C:\work\mbed\git_arm\libraries\mbed\targets\hal\TARGET_NXP\TARGET_LPC176X\us_ticker.c 0x00000000   Number         0  us_ticker.o ABSOLUTE
    dc.s                                     0x00000000   Number         0  dc.o ABSOLUTE
    i2c0.cpp                                 0x00000000   Number         0  i2c0.o ABSOLUTE
    i2c0.cpp                                 0x00000000   Number         0  i2c0.o ABSOLUTE
    main.cpp                                 0x00000000   Number         0  main.o ABSOLUTE
    main.cpp                                 0x00000000   Number         0  main.o ABSOLUTE
    !!!main                                  0x000000c4   Section        8  __main.o(!!!main)
    !!!scatter                               0x000000cc   Section       52  __scatter.o(!!!scatter)
    !!handler_copy                           0x00000100   Section       26  __scatter_copy.o(!!handler_copy)
    !!handler_zi                             0x0000011c   Section       28  __scatter_zi.o(!!handler_zi)
    .ARM.Collect$$_printf_percent$$00000000  0x00000138   Section        0  _printf_percent.o(.ARM.Collect$$_printf_percent$$00000000)
    .ARM.Collect$$_printf_percent$$00000009  0x00000138   Section        6  _printf_d.o(.ARM.Collect$$_printf_percent$$00000009)
    .ARM.Collect$$_printf_percent$$00000014  0x0000013e   Section        6  _printf_s.o(.ARM.Collect$$_printf_percent$$00000014)
    .ARM.Collect$$_printf_percent$$00000017  0x00000144   Section        4  _printf_percent_end.o(.ARM.Collect$$_printf_percent$$00000017)
    .ARM.Collect$$libinit$$00000000          0x00000148   Section        2  libinit.o(.ARM.Collect$$libinit$$00000000)
    .ARM.Collect$$libinit$$00000002          0x0000014a   Section        0  libinit2.o(.ARM.Collect$$libinit$$00000002)
    .ARM.Collect$$libinit$$00000003          0x0000014a   Section        8  libinit2.o(.ARM.Collect$$libinit$$00000003)
    .ARM.Collect$$libinit$$00000008          0x00000152   Section        0  libinit2.o(.ARM.Collect$$libinit$$00000008)
    .ARM.Collect$$libinit$$0000000A          0x00000152   Section        0  libinit2.o(.ARM.Collect$$libinit$$0000000A)
    .ARM.Collect$$libinit$$0000000C          0x00000152   Section        0  libinit2.o(.ARM.Collect$$libinit$$0000000C)
    .ARM.Collect$$libinit$$0000000D          0x00000152   Section        6  libinit2.o(.ARM.Collect$$libinit$$0000000D)
    .ARM.Collect$$libinit$$0000000F          0x00000158   Section        0  libinit2.o(.ARM.Collect$$libinit$$0000000F)
    .ARM.Collect$$libinit$$00000010          0x00000158   Section       12  libinit2.o(.ARM.Collect$$libinit$$00000010)
    .ARM.Collect$$libinit$$00000011          0x00000164   Section        0  libinit2.o(.ARM.Collect$$libinit$$00000011)
    .ARM.Collect$$libinit$$00000013          0x00000164   Section        0  libinit2.o(.ARM.Collect$$libinit$$00000013)
    .ARM.Collect$$libinit$$00000015          0x00000164   Section        0  libinit2.o(.ARM.Collect$$libinit$$00000015)
    .ARM.Collect$$libinit$$00000017          0x00000164   Section        0  libinit2.o(.ARM.Collect$$libinit$$00000017)
    .ARM.Collect$$libinit$$00000019          0x00000164   Section        0  libinit2.o(.ARM.Collect$$libinit$$00000019)
    .ARM.Collect$$libinit$$0000001B          0x00000164   Section        0  libinit2.o(.ARM.Collect$$libinit$$0000001B)
    .ARM.Collect$$libinit$$0000001D          0x00000164   Section        0  libinit2.o(.ARM.Collect$$libinit$$0000001D)
    .ARM.Collect$$libinit$$0000001F          0x00000164   Section        0  libinit2.o(.ARM.Collect$$libinit$$0000001F)
    .ARM.Collect$$libinit$$00000021          0x00000164   Section        0  libinit2.o(.ARM.Collect$$libinit$$00000021)
    .ARM.Collect$$libinit$$00000022          0x00000164   Section        4  libinit2.o(.ARM.Collect$$libinit$$00000022)
    .ARM.Collect$$libinit$$00000023          0x00000168   Section        0  libinit2.o(.ARM.Collect$$libinit$$00000023)
    .ARM.Collect$$libinit$$0000002A          0x00000168   Section        0  libinit2.o(.ARM.Collect$$libinit$$0000002A)
    .ARM.Collect$$libinit$$0000002C          0x00000168   Section        0  libinit2.o(.ARM.Collect$$libinit$$0000002C)
    .ARM.Collect$$libinit$$0000002E          0x00000168   Section        0  libinit2.o(.ARM.Collect$$libinit$$0000002E)
    .ARM.Collect$$libinit$$00000030          0x00000168   Section        0  libinit2.o(.ARM.Collect$$libinit$$00000030)
    .ARM.Collect$$libinit$$00000031          0x00000168   Section        2  libinit2.o(.ARM.Collect$$libinit$$00000031)
    .ARM.Collect$$libshutdown$$00000003      0x0000016a   Section        0  libshutdown2.o(.ARM.Collect$$libshutdown$$00000003)
    .ARM.Collect$$rtentry$$00000000          0x0000016a   Section        0  rtentry.o(.ARM.Collect$$rtentry$$00000000)
    .ARM.Collect$$rtentry$$00000002          0x0000016a   Section        0  rtentry2.o(.ARM.Collect$$rtentry$$00000002)
    .ARM.Collect$$rtentry$$00000004          0x0000016a   Section        6  rtentry4.o(.ARM.Collect$$rtentry$$00000004)
    .ARM.Collect$$rtentry$$00000009          0x00000170   Section        0  rtentry2.o(.ARM.Collect$$rtentry$$00000009)
    .ARM.Collect$$rtentry$$0000000A          0x00000170   Section        4  rtentry2.o(.ARM.Collect$$rtentry$$0000000A)
    .ARM.Collect$$rtentry$$0000000C          0x00000174   Section        0  rtentry2.o(.ARM.Collect$$rtentry$$0000000C)
    .ARM.Collect$$rtentry$$0000000D          0x00000174   Section        8  rtentry2.o(.ARM.Collect$$rtentry$$0000000D)
    .emb_text                                0x0000017c   Section        0  maybetermalloc1.o(.emb_text)
    .text                                    0x0000017c   Section        0  main.o(.text)
    .text                                    0x000001e4   Section       36  startup_LPC17xx.o(.text)
    .text                                    0x00000208   Section        0  noretval__2printf.o(.text)
    .text                                    0x00000220   Section        0  noretval__2fprintf.o(.text)
    .text                                    0x00000234   Section        0  __printf.o(.text)
    .text                                    0x0000029c   Section        0  _printf_str.o(.text)
    .text                                    0x000002f0   Section        8  rt_heap_descriptor.o(.text)
    .text                                    0x000002f8   Section        0  hguard.o(.text)
    .ARM.__at_0x02FC                         0x000002fc   Section        4  startup_LPC17xx.o(.ARM.__at_0x02FC)
    .text                                    0x00000300   Section        0  i2c0.o(.text)
    .text                                    0x00000690   Section        0  _printf_dec.o(.text)
    .text                                    0x00000708   Section        0  __0sscanf.o(.text)
    .text                                    0x00000744   Section        0  _scanf_int.o(.text)
    .text                                    0x00000894   Section        0  strlen.o(.text)
    .text                                    0x000008d2   Section        0  strncmp.o(.text)
    .text                                    0x00000968   Section      100  rt_memcpy_w.o(.text)
    .text                                    0x000009cc   Section      128  strcmpv7m.o(.text)
    .text                                    0x00000a4c   Section        0  h1_alloc.o(.text)
    .text                                    0x00000aaa   Section        0  h1_free.o(.text)
    .text                                    0x00000af8   Section        0  _printf_intcommon.o(.text)
    .text                                    0x00000bb0   Section        0  _printf_char.o(.text)
    .text                                    0x00000bdc   Section        0  _printf_char_file.o(.text)
    .text                                    0x00000c00   Section        0  _chval.o(.text)
    .text                                    0x00000c1c   Section        0  scanf_char.o(.text)
    _scanf_char_input                        0x00000c1d   Thumb Code    12  scanf_char.o(.text)
    .text                                    0x00000c48   Section        0  _sgetc.o(.text)
    .text                                    0x00000c88   Section        0  initio.o(.text)
    .text                                    0x00000dc0   Section        0  init_alloc.o(.text)
    .text                                    0x00000e4a   Section        0  h1_init.o(.text)
    .text                                    0x00000e58   Section        0  isspace.o(.text)
    .text                                    0x00000e6c   Section        0  _printf_char_common.o(.text)
    _printf_input_char                       0x00000e6d   Thumb Code    10  _printf_char_common.o(.text)
    .text                                    0x00000e9c   Section        0  _scanf.o(.text)
    .text                                    0x0000120c   Section        0  ferror.o(.text)
    .text                                    0x00001214   Section        0  setvbuf.o(.text)
    .text                                    0x0000125c   Section        0  fopen.o(.text)
    _freopen_locked                          0x0000125d   Thumb Code     0  fopen.o(.text)
    .text                                    0x00001348   Section        0  fclose.o(.text)
    .text                                    0x00001394   Section        0  defsig_exit.o(.text)
    .text                                    0x0000139e   Section        0  defsig_rtred_outer.o(.text)
    .text                                    0x000013ac   Section       78  rt_memclr_w.o(.text)
    .text                                    0x000013fc   Section        0  sys_exit.o(.text)
    .text                                    0x00001408   Section       16  rt_ctype_table.o(.text)
    .text                                    0x00001418   Section        0  h1_extend.o(.text)
    .text                                    0x0000144c   Section        0  flsbuf.o(.text)
    .text                                    0x0000162c   Section        0  fseek.o(.text)
    .text                                    0x00001724   Section        0  stdio.o(.text)
    .text                                    0x00001814   Section        0  defsig_general.o(.text)
    .text                                    0x00001848   Section        0  defsig_rtred_inner.o(.text)
    .text                                    0x0000187c   Section        0  defsig_rtmem_outer.o(.text)
    .text                                    0x0000188c   Section        0  heapauxa.o(.text)
    .text                                    0x000018dc   Section        0  sys_wrch.o(.text)
    .text                                    0x000018ea   Section        2  use_no_semi.o(.text)
    .text                                    0x000018ec   Section        8  rt_locale.o(.text)
    .text                                    0x000018ec   Section        0  indicate_semi.o(.text)
    .text                                    0x000018f4   Section        0  ftell.o(.text)
    .text                                    0x0000193c   Section        0  defsig_rtmem_inner.o(.text)
    .text                                    0x0000198c   Section        8  rt_errno_addr.o(.text)
    i.$Sub$$main                             0x00001994   Section        0  retarget.o(i.$Sub$$main)
    i.NVIC_SetVector                         0x000019a4   Section        0  cmsis_nvic.o(i.NVIC_SetVector)
    i.SystemInit                             0x000019d4   Section        0  system_LPC17xx.o(i.SystemInit)
    i._Z11init_serialv                       0x00001a70   Section        0  retarget.o(i._Z11init_serialv)
    init_serial()                            0x00001a71   Thumb Code    20  retarget.o(i._Z11init_serialv)
    i._ZN4mbed8FileBase11getPathTypeEv       0x00001a90   Section        0  FileBase.o(i._ZN4mbed8FileBase11getPathTypeEv)
    i._ZN4mbed8FileBase6lookupEPKcj          0x00001a94   Section        0  FileBase.o(i._ZN4mbed8FileBase6lookupEPKcj)
    i._ZN4mbed8FilePath10fileSystemEv        0x00001acc   Section        0  FilePath.o(i._ZN4mbed8FilePath10fileSystemEv)
    i._ZN4mbed8FilePath12isFileSystemEv      0x00001adc   Section        0  FilePath.o(i._ZN4mbed8FilePath12isFileSystemEv)
    i._ZN4mbed8FilePath4fileEv               0x00001af0   Section        0  FilePath.o(i._ZN4mbed8FilePath4fileEv)
    i._ZN4mbed8FilePath6existsEv             0x00001b06   Section        0  FilePath.o(i._ZN4mbed8FilePath6existsEv)
    i._ZN4mbed8FilePath6isFileEv             0x00001b10   Section        0  FilePath.o(i._ZN4mbed8FilePath6isFileEv)
    i._ZN4mbed8FilePath8fileNameEv           0x00001b26   Section        0  FilePath.o(i._ZN4mbed8FilePath8fileNameEv)
    i._ZN4mbed8FilePathC1EPKc                0x00001b2a   Section        0  FilePath.o(i._ZN4mbed8FilePathC1EPKc)
    i.__user_setup_stackheap                 0x00001b68   Section        0  sys.o(i.__user_setup_stackheap)
    i._sys_close                             0x00001b78   Section        0  retarget.o(i._sys_close)
    i._sys_flen                              0x00001ba0   Section        0  retarget.o(i._sys_flen)
    i._sys_istty                             0x00001bc4   Section        0  retarget.o(i._sys_istty)
    i._sys_open                              0x00001be8   Section        0  retarget.o(i._sys_open)
    i._sys_seek                              0x00001cdc   Section        0  retarget.o(i._sys_seek)
    i._sys_write                             0x00001d04   Section        0  retarget.o(i._sys_write)
    i.exit                                   0x00001d58   Section        0  exit.o(i.exit)
    i.fputc                                  0x00001d6c   Section        0  fputc.o(i.fputc)
    i.gpio_dir                               0x00001d86   Section        0  gpio_api.o(i.gpio_dir)
    i.gpio_init                              0x00001da2   Section        0  gpio_api.o(i.gpio_init)
    i.gpio_set                               0x00001dec   Section        0  gpio_api.o(i.gpio_set)
    i.gpio_write                             0x00001e00   Section        0  board.o(i.gpio_write)
    gpio_write                               0x00001e01   Thumb Code    14  board.o(i.gpio_write)
    i.mbed_die                               0x00001e10   Section        0  board.o(i.mbed_die)
    i.mbed_interface_connected               0x00001e94   Section        0  mbed_interface.o(i.mbed_interface_connected)
    i.mbed_main                              0x00001e98   Section        0  retarget.o(i.mbed_main)
    i.pin_function                           0x00001e9c   Section        0  pinmap.o(i.pin_function)
    i.pin_mode                               0x00001ed0   Section        0  pinmap.o(i.pin_mode)
    i.pinmap_merge                           0x00001f24   Section        0  pinmap_common.o(i.pinmap_merge)
    i.pinmap_peripheral                      0x00001f5c   Section        0  pinmap_common.o(i.pinmap_peripheral)
    i.pinmap_pinout                          0x00001fa8   Section        0  pinmap_common.o(i.pinmap_pinout)
    i.semihost_connected                     0x00001ffc   Section        0  semihost_api.o(i.semihost_connected)
    i.semihost_exit                          0x0000200c   Section        0  semihost_api.o(i.semihost_exit)
    i.serial_baud                            0x00002018   Section        0  serial_api.o(i.serial_baud)
    i.serial_format                          0x000021c4   Section        0  serial_api.o(i.serial_format)
    i.serial_init                            0x000022b4   Section        0  serial_api.o(i.serial_init)
    i.serial_putc                            0x000023f4   Section        0  serial_api.o(i.serial_putc)
    i.us_ticker_clear_interrupt              0x00002404   Section        0  us_ticker.o(i.us_ticker_clear_interrupt)
    i.us_ticker_disable_interrupt            0x00002410   Section        0  us_ticker.o(i.us_ticker_disable_interrupt)
    i.us_ticker_init                         0x00002420   Section        0  us_ticker.o(i.us_ticker_init)
    i.us_ticker_irq_handler                  0x00002480   Section        0  us_ticker_api.o(i.us_ticker_irq_handler)
    i.us_ticker_read                         0x000024c0   Section        0  us_ticker.o(i.us_ticker_read)
    i.us_ticker_set_interrupt                0x000024dc   Section        0  us_ticker.o(i.us_ticker_set_interrupt)
    i.wait_ms                                0x000024f0   Section        0  wait_api.o(i.wait_ms)
    i.wait_us                                0x000024fa   Section        0  wait_api.o(i.wait_us)
    locale$$code                             0x00002510   Section       44  lc_ctype_c.o(locale$$code)
    x$fpl$fadd                               0x0000253c   Section      196  faddsub_clz.o(x$fpl$fadd)
    _fadd1                                   0x0000254b   Thumb Code     0  faddsub_clz.o(x$fpl$fadd)
    x$fpl$fcheck1                            0x00002600   Section       12  fcheck1.o(x$fpl$fcheck1)
    x$fpl$fcmpinf                            0x0000260c   Section       24  fcmpi.o(x$fpl$fcmpinf)
    x$fpl$fdiv                               0x00002624   Section      388  fdiv.o(x$fpl$fdiv)
    _fdiv1                                   0x00002625   Thumb Code     0  fdiv.o(x$fpl$fdiv)
    x$fpl$fflt                               0x000027a8   Section       48  fflt_clz.o(x$fpl$fflt)
    x$fpl$ffltu                              0x000027d8   Section       38  fflt_clz.o(x$fpl$ffltu)
    x$fpl$fleqf                              0x00002800   Section      104  fleqf.o(x$fpl$fleqf)
    x$fpl$fmul                               0x00002868   Section      258  fmul.o(x$fpl$fmul)
    x$fpl$fnaninf                            0x0000296a   Section      140  fnaninf.o(x$fpl$fnaninf)
    x$fpl$fretinf                            0x000029f6   Section       10  fretinf.o(x$fpl$fretinf)
    x$fpl$fsub                               0x00002a00   Section      234  faddsub_clz.o(x$fpl$fsub)
    _fsub1                                   0x00002a0f   Thumb Code     0  faddsub_clz.o(x$fpl$fsub)
    x$fpl$retnan                             0x00002aea   Section      100  retnan.o(x$fpl$retnan)
    x$fpl$scalbnf                            0x00002b4e   Section       76  scalbnf.o(x$fpl$scalbnf)
    x$fpl$trapveneer                         0x00002b9a   Section       48  trapv.o(x$fpl$trapveneer)
    x$fpl$usenofp                            0x00002bca   Section        0  usenofp.o(x$fpl$usenofp)
    .constdata                               0x00002bcc   Section      100  main.o(.constdata)
    .constdata                               0x00002c30   Section       23  retarget.o(.constdata)
    .constdata                               0x00002c48   Section      216  serial_api.o(.constdata)
    PinMap_UART_TX                           0x00002c48   Data         108  serial_api.o(.constdata)
    PinMap_UART_RX                           0x00002cb4   Data         108  serial_api.o(.constdata)
    locale$$data                             0x00002d40   Section      272  lc_ctype_c.o(locale$$data)
    __lcctype_c_name                         0x00002d44   Data           2  lc_ctype_c.o(locale$$data)
    __lcctype_c_start                        0x00002d4c   Data           0  lc_ctype_c.o(locale$$data)
    __lcctype_c_end                          0x00002e50   Data           0  lc_ctype_c.o(locale$$data)
    .data                                    0x100000c8   Section       33  i2c0.o(.data)
    slave_address                            0x100000cc   Data           1  i2c0.o(.data)
    buf                                      0x100000d0   Data           4  i2c0.o(.data)
    buf_len                                  0x100000d4   Data           4  i2c0.o(.data)
    num_transferred                          0x100000d8   Data           4  i2c0.o(.data)
    i2c0_busy                                0x100000dc   Data           4  i2c0.o(.data)
    .data                                    0x100000ec   Section        4  system_LPC17xx.o(.data)
    .data                                    0x100000f0   Section       16  serial_api.o(.data)
    irq_handler                              0x100000f4   Data           4  serial_api.o(.data)
    .data                                    0x10000100   Section        4  FileBase.o(.data)
    .data                                    0x10000104   Section        4  us_ticker.o(.data)
    .data                                    0x10000108   Section        8  us_ticker_api.o(.data)
    head                                     0x10000108   Data           4  us_ticker_api.o(.data)
    event_handler                            0x1000010c   Data           4  us_ticker_api.o(.data)
    .data                                    0x10000110   Section        4  stdio_streams.o(.data)
    .data                                    0x10000114   Section        4  stdio_streams.o(.data)
    .data                                    0x10000118   Section        4  stdio_streams.o(.data)
    .data                                    0x1000011c   Section        4  heapauxa.o(.data)
    __rt_heap_escrow_base                    0x1000011c   Data           4  heapauxa.o(.data)
    .bss                                     0x10000120   Section      100  i2c0.o(.bss)
    .bss                                     0x10000184   Section       64  retarget.o(.bss)
    filehandles                              0x10000184   Data          64  retarget.o(.bss)
    .bss                                     0x100001c4   Section       84  stdio_streams.o(.bss)
    .bss                                     0x10000218   Section       84  stdio_streams.o(.bss)
    .bss                                     0x1000026c   Section       84  stdio_streams.o(.bss)
    .bss                                     0x100002c0   Section        4  rt_heap_descriptor.o(.bss)
    __rt_heap_descriptor_data                0x100002c0   Data           4  rt_heap_descriptor.o(.bss)
    .bss                                     0x100002c4   Section       20  rt_locale.o(.bss)
    __rt_locale_data                         0x100002c4   Data          20  rt_locale.o(.bss)
    .bss                                     0x100002d8   Section        4  rt_errno_addr.o(.bss)
    __aeabi_errno_addr_data                  0x100002d8   Data           4  rt_errno_addr.o(.bss)

    Global Symbols

    Symbol Name                              Value     Ov Type        Size  Object(Section)

    BuildAttributes$$THM_ISAv4$P$D$K$B$S$PE$A:L22UL41UL21$X:L11$S22US41US21$IEEE1$IW$USESV6$~STKCKD$USESV7$~SHL$OTIME$ROPI$EBA8$UX$STANDARDLIB$REQ8$PRES8$EABIv2 0x00000000   Number         0  anon$$obj.o ABSOLUTE
    __ARM_use_no_argv                        0x00000000   Number         0  main.o ABSOLUTE
    __Vectors                                0x00000000   Data           4  startup_LPC17xx.o(RESET)
    SHT$$ARM_EXIDX$$Base                      - Undefined Reference
    SHT$$ARM_EXIDX$$Limit                     - Undefined Reference
    __ARM::default_unexpected_handler()       - Undefined Weak Reference
    __ARM_exceptions_buffer_required          - Undefined Weak Reference
    __ARM_exceptions_init                     - Undefined Weak Reference
    __aeabi_unwind_cpp_pr1                    - Undefined Weak Reference
    __aeabi_unwind_cpp_pr2                    - Undefined Weak Reference
    __alloca_initialize                       - Undefined Weak Reference
    __cpp_initialize__aeabi_                  - Undefined Weak Reference
    __cxa_begin_cleanup                       - Undefined Weak Reference
    __cxa_finalize                            - Undefined Weak Reference
    __cxa_type_match                          - Undefined Weak Reference
    __rt_lib_shutdown                         - Undefined Weak Reference
    __sigvec_lookup                           - Undefined Weak Reference
    __user_heap_extent                        - Undefined Weak Reference
    _atexit_init                              - Undefined Weak Reference
    _clock_init                               - Undefined Weak Reference
    _fp_trap_init                             - Undefined Weak Reference
    _fp_trap_shutdown                         - Undefined Weak Reference
    _get_lc_collate                           - Undefined Weak Reference
    _get_lc_monetary                          - Undefined Weak Reference
    _get_lc_numeric                           - Undefined Weak Reference
    _get_lc_time                              - Undefined Weak Reference
    _getenv_init                              - Undefined Weak Reference
    _handle_redirection                       - Undefined Weak Reference
    _mutex_acquire                            - Undefined Weak Reference
    _mutex_free                               - Undefined Weak Reference
    _mutex_release                            - Undefined Weak Reference
    _printf_mbtowc                            - Undefined Weak Reference
    _printf_post_padding                      - Undefined Weak Reference
    _printf_pre_padding                       - Undefined Weak Reference
    _printf_truncate_signed                   - Undefined Weak Reference
    _printf_truncate_unsigned                 - Undefined Weak Reference
    _rand_init                                - Undefined Weak Reference
    _scanf_longlong                           - Undefined Weak Reference
    _scanf_mbtowc                             - Undefined Weak Reference
    _scanf_real                               - Undefined Weak Reference
    _scanf_string                             - Undefined Weak Reference
    _scanf_wctomb                             - Undefined Weak Reference
    _scanf_wstring                            - Undefined Weak Reference
    _signal_finish                            - Undefined Weak Reference
    _signal_init                              - Undefined Weak Reference
    __main                                   0x000000c5   Thumb Code     8  __main.o(!!!main)
    __scatterload                            0x000000cd   Thumb Code     0  __scatter.o(!!!scatter)
    __scatterload_rt2                        0x000000cd   Thumb Code    44  __scatter.o(!!!scatter)
    __scatterload_rt2_thumb_only             0x000000cd   Thumb Code     0  __scatter.o(!!!scatter)
    __scatterload_null                       0x000000db   Thumb Code     0  __scatter.o(!!!scatter)
    __scatterload_copy                       0x00000101   Thumb Code    26  __scatter_copy.o(!!handler_copy)
    __scatterload_zeroinit                   0x0000011d   Thumb Code    28  __scatter_zi.o(!!handler_zi)
    _printf_d                                0x00000139   Thumb Code     0  _printf_d.o(.ARM.Collect$$_printf_percent$$00000009)
    _printf_percent                          0x00000139   Thumb Code     0  _printf_percent.o(.ARM.Collect$$_printf_percent$$00000000)
    _printf_s                                0x0000013f   Thumb Code     0  _printf_s.o(.ARM.Collect$$_printf_percent$$00000014)
    _printf_percent_end                      0x00000145   Thumb Code     0  _printf_percent_end.o(.ARM.Collect$$_printf_percent$$00000017)
    __rt_lib_init                            0x00000149   Thumb Code     0  libinit.o(.ARM.Collect$$libinit$$00000000)
    __rt_lib_init_fp_1                       0x0000014b   Thumb Code     0  libinit2.o(.ARM.Collect$$libinit$$00000002)
    __rt_lib_init_heap_2                     0x0000014b   Thumb Code     0  libinit2.o(.ARM.Collect$$libinit$$00000003)
    __rt_lib_init_heap_1                     0x00000153   Thumb Code     0  libinit2.o(.ARM.Collect$$libinit$$00000008)
    __rt_lib_init_lc_common                  0x00000153   Thumb Code     0  libinit2.o(.ARM.Collect$$libinit$$0000000D)
    __rt_lib_init_rand_1                     0x00000153   Thumb Code     0  libinit2.o(.ARM.Collect$$libinit$$0000000C)
    __rt_lib_init_user_alloc_1               0x00000153   Thumb Code     0  libinit2.o(.ARM.Collect$$libinit$$0000000A)
    __rt_lib_init_lc_collate_1               0x00000159   Thumb Code     0  libinit2.o(.ARM.Collect$$libinit$$0000000F)
    __rt_lib_init_lc_ctype_2                 0x00000159   Thumb Code     0  libinit2.o(.ARM.Collect$$libinit$$00000010)
    __rt_lib_init_atexit_1                   0x00000165   Thumb Code     0  libinit2.o(.ARM.Collect$$libinit$$00000019)
    __rt_lib_init_clock_1                    0x00000165   Thumb Code     0  libinit2.o(.ARM.Collect$$libinit$$0000001F)
    __rt_lib_init_fp_trap_1                  0x00000165   Thumb Code     0  libinit2.o(.ARM.Collect$$libinit$$0000001D)
    __rt_lib_init_getenv_1                   0x00000165   Thumb Code     0  libinit2.o(.ARM.Collect$$libinit$$00000021)
    __rt_lib_init_lc_ctype_1                 0x00000165   Thumb Code     0  libinit2.o(.ARM.Collect$$libinit$$00000011)
    __rt_lib_init_lc_monetary_1              0x00000165   Thumb Code     0  libinit2.o(.ARM.Collect$$libinit$$00000013)
    __rt_lib_init_lc_numeric_1               0x00000165   Thumb Code     0  libinit2.o(.ARM.Collect$$libinit$$00000015)
    __rt_lib_init_lc_time_1                  0x00000165   Thumb Code     0  libinit2.o(.ARM.Collect$$libinit$$00000017)
    __rt_lib_init_signal_1                   0x00000165   Thumb Code     0  libinit2.o(.ARM.Collect$$libinit$$0000001B)
    __rt_lib_init_stdio_2                    0x00000165   Thumb Code     0  libinit2.o(.ARM.Collect$$libinit$$00000022)
    __rt_lib_init_alloca_1                   0x00000169   Thumb Code     0  libinit2.o(.ARM.Collect$$libinit$$0000002C)
    __rt_lib_init_argv_1                     0x00000169   Thumb Code     0  libinit2.o(.ARM.Collect$$libinit$$0000002A)
    __rt_lib_init_cpp_1                      0x00000169   Thumb Code     0  libinit2.o(.ARM.Collect$$libinit$$00000030)
    __rt_lib_init_exceptions_1               0x00000169   Thumb Code     0  libinit2.o(.ARM.Collect$$libinit$$0000002E)
    __rt_lib_init_return                     0x00000169   Thumb Code     0  libinit2.o(.ARM.Collect$$libinit$$00000031)
    __rt_lib_init_stdio_1                    0x00000169   Thumb Code     0  libinit2.o(.ARM.Collect$$libinit$$00000023)
    __rt_entry                               0x0000016b   Thumb Code     0  rtentry.o(.ARM.Collect$$rtentry$$00000000)
    __rt_entry_presh_1                       0x0000016b   Thumb Code     0  rtentry2.o(.ARM.Collect$$rtentry$$00000002)
    __rt_entry_sh                            0x0000016b   Thumb Code     0  rtentry4.o(.ARM.Collect$$rtentry$$00000004)
    __rt_lib_shutdown_stdio_2                0x0000016b   Thumb Code     0  libshutdown2.o(.ARM.Collect$$libshutdown$$00000003)
    __rt_entry_li                            0x00000171   Thumb Code     0  rtentry2.o(.ARM.Collect$$rtentry$$0000000A)
    __rt_entry_postsh_1                      0x00000171   Thumb Code     0  rtentry2.o(.ARM.Collect$$rtentry$$00000009)
    __rt_entry_main                          0x00000175   Thumb Code     0  rtentry2.o(.ARM.Collect$$rtentry$$0000000D)
    __rt_entry_postli_1                      0x00000175   Thumb Code     0  rtentry2.o(.ARM.Collect$$rtentry$$0000000C)
    $Super$$main                             0x0000017d   Thumb Code    72  main.o(.text)
    _maybe_terminate_alloc                   0x0000017d   Thumb Code     0  maybetermalloc1.o(.emb_text)
    Reset_Handler                            0x000001e5   Thumb Code     8  startup_LPC17xx.o(.text)
    NMI_Handler                              0x000001ed   Thumb Code     2  startup_LPC17xx.o(.text)
    HardFault_Handler                        0x000001ef   Thumb Code     2  startup_LPC17xx.o(.text)
    MemManage_Handler                        0x000001f1   Thumb Code     2  startup_LPC17xx.o(.text)
    BusFault_Handler                         0x000001f3   Thumb Code     2  startup_LPC17xx.o(.text)
    UsageFault_Handler                       0x000001f5   Thumb Code     2  startup_LPC17xx.o(.text)
    SVC_Handler                              0x000001f7   Thumb Code     2  startup_LPC17xx.o(.text)
    DebugMon_Handler                         0x000001f9   Thumb Code     2  startup_LPC17xx.o(.text)
    PendSV_Handler                           0x000001fb   Thumb Code     2  startup_LPC17xx.o(.text)
    SysTick_Handler                          0x000001fd   Thumb Code     2  startup_LPC17xx.o(.text)
    ADC_IRQHandler                           0x000001ff   Thumb Code     0  startup_LPC17xx.o(.text)
    BOD_IRQHandler                           0x000001ff   Thumb Code     0  startup_LPC17xx.o(.text)
    CAN_IRQHandler                           0x000001ff   Thumb Code     0  startup_LPC17xx.o(.text)
    DMA_IRQHandler                           0x000001ff   Thumb Code     0  startup_LPC17xx.o(.text)
    EINT0_IRQHandler                         0x000001ff   Thumb Code     0  startup_LPC17xx.o(.text)
    EINT1_IRQHandler                         0x000001ff   Thumb Code     0  startup_LPC17xx.o(.text)
    EINT2_IRQHandler                         0x000001ff   Thumb Code     0  startup_LPC17xx.o(.text)
    EINT3_IRQHandler                         0x000001ff   Thumb Code     0  startup_LPC17xx.o(.text)
    ENET_IRQHandler                          0x000001ff   Thumb Code     0  startup_LPC17xx.o(.text)
    I2C0_IRQHandler                          0x000001ff   Thumb Code     0  startup_LPC17xx.o(.text)
    I2C1_IRQHandler                          0x000001ff   Thumb Code     0  startup_LPC17xx.o(.text)
    I2C2_IRQHandler                          0x000001ff   Thumb Code     0  startup_LPC17xx.o(.text)
    I2S_IRQHandler                           0x000001ff   Thumb Code     0  startup_LPC17xx.o(.text)
    MCPWM_IRQHandler                         0x000001ff   Thumb Code     0  startup_LPC17xx.o(.text)
    PLL0_IRQHandler                          0x000001ff   Thumb Code     0  startup_LPC17xx.o(.text)
    PLL1_IRQHandler                          0x000001ff   Thumb Code     0  startup_LPC17xx.o(.text)
    PWM1_IRQHandler                          0x000001ff   Thumb Code     0  startup_LPC17xx.o(.text)
    QEI_IRQHandler                           0x000001ff   Thumb Code     0  startup_LPC17xx.o(.text)
    RIT_IRQHandler                           0x000001ff   Thumb Code     0  startup_LPC17xx.o(.text)
    RTC_IRQHandler                           0x000001ff   Thumb Code     0  startup_LPC17xx.o(.text)
    SPI_IRQHandler                           0x000001ff   Thumb Code     0  startup_LPC17xx.o(.text)
    SSP0_IRQHandler                          0x000001ff   Thumb Code     0  startup_LPC17xx.o(.text)
    SSP1_IRQHandler                          0x000001ff   Thumb Code     0  startup_LPC17xx.o(.text)
    TIMER0_IRQHandler                        0x000001ff   Thumb Code     0  startup_LPC17xx.o(.text)
    TIMER1_IRQHandler                        0x000001ff   Thumb Code     0  startup_LPC17xx.o(.text)
    TIMER2_IRQHandler                        0x000001ff   Thumb Code     0  startup_LPC17xx.o(.text)
    TIMER3_IRQHandler                        0x000001ff   Thumb Code     0  startup_LPC17xx.o(.text)
    UART0_IRQHandler                         0x000001ff   Thumb Code     0  startup_LPC17xx.o(.text)
    UART1_IRQHandler                         0x000001ff   Thumb Code     0  startup_LPC17xx.o(.text)
    UART2_IRQHandler                         0x000001ff   Thumb Code     0  startup_LPC17xx.o(.text)
    UART3_IRQHandler                         0x000001ff   Thumb Code     0  startup_LPC17xx.o(.text)
    USB_IRQHandler                           0x000001ff   Thumb Code     0  startup_LPC17xx.o(.text)
    WDT_IRQHandler                           0x000001ff   Thumb Code     0  startup_LPC17xx.o(.text)
    __2printf                                0x00000209   Thumb Code    20  noretval__2printf.o(.text)
    __2fprintf                               0x00000221   Thumb Code    20  noretval__2fprintf.o(.text)
    __printf                                 0x00000235   Thumb Code   104  __printf.o(.text)
    _printf_str                              0x0000029d   Thumb Code    82  _printf_str.o(.text)
    __rt_heap_descriptor                     0x000002f1   Thumb Code     8  rt_heap_descriptor.o(.text)
    __use_no_heap                            0x000002f9   Thumb Code     2  hguard.o(.text)
    __heap$guard                             0x000002fb   Thumb Code     2  hguard.o(.text)
    i2c_buf()                                0x00000301   Thumb Code     4  i2c0.o(.text)
    i2c_pos()                                0x00000305   Thumb Code     6  i2c0.o(.text)
    i2c0_init(unsigned, unsigned char)       0x0000030b   Thumb Code   228  i2c0.o(.text)
    i2c0_send(unsigned char, unsigned char*, unsigned) 0x000003ef   Thumb Code    68  i2c0.o(.text)
    i2c0_recv(unsigned char, unsigned char*, unsigned) 0x00000433   Thumb Code    70  i2c0.o(.text)
    I2C0_IRQHandler()                        0x00000479   Thumb Code   468  i2c0.o(.text)
    _printf_int_dec                          0x00000691   Thumb Code   102  _printf_dec.o(.text)
    __0sscanf                                0x00000709   Thumb Code    52  __0sscanf.o(.text)
    _scanf_int                               0x00000745   Thumb Code   336  _scanf_int.o(.text)
    strlen                                   0x00000895   Thumb Code    62  strlen.o(.text)
    strncmp                                  0x000008d3   Thumb Code   150  strncmp.o(.text)
    __aeabi_memcpy4                          0x00000969   Thumb Code     0  rt_memcpy_w.o(.text)
    __aeabi_memcpy8                          0x00000969   Thumb Code     0  rt_memcpy_w.o(.text)
    __rt_memcpy_w                            0x00000969   Thumb Code   100  rt_memcpy_w.o(.text)
    _memcpy_lastbytes_aligned                0x000009b1   Thumb Code     0  rt_memcpy_w.o(.text)
    strcmp                                   0x000009cd   Thumb Code   128  strcmpv7m.o(.text)
    malloc                                   0x00000a4d   Thumb Code    94  h1_alloc.o(.text)
    free                                     0x00000aab   Thumb Code    78  h1_free.o(.text)
    _printf_int_common                       0x00000af9   Thumb Code   184  _printf_intcommon.o(.text)
    _printf_cs_common                        0x00000bb1   Thumb Code    20  _printf_char.o(.text)
    _printf_char                             0x00000bc5   Thumb Code    16  _printf_char.o(.text)
    _printf_string                           0x00000bd5   Thumb Code     8  _printf_char.o(.text)
    _printf_char_file                        0x00000bdd   Thumb Code    32  _printf_char_file.o(.text)
    _chval                                   0x00000c01   Thumb Code    28  _chval.o(.text)
    __vfscanf_char                           0x00000c29   Thumb Code    24  scanf_char.o(.text)
    _sgetc                                   0x00000c49   Thumb Code    30  _sgetc.o(.text)
    _sbackspace                              0x00000c67   Thumb Code    34  _sgetc.o(.text)
    _initio                                  0x00000c89   Thumb Code   210  initio.o(.text)
    _terminateio                             0x00000d5b   Thumb Code    56  initio.o(.text)
    _terminate_user_alloc                    0x00000dc1   Thumb Code     2  init_alloc.o(.text)
    _init_user_alloc                         0x00000dc3   Thumb Code     2  init_alloc.o(.text)
    __Heap_Full                              0x00000dc5   Thumb Code    34  init_alloc.o(.text)
    __Heap_Broken                            0x00000de7   Thumb Code     6  init_alloc.o(.text)
    _init_alloc                              0x00000ded   Thumb Code    94  init_alloc.o(.text)
    __Heap_Initialize                        0x00000e4b   Thumb Code    10  h1_init.o(.text)
    __Heap_DescSize                          0x00000e55   Thumb Code     4  h1_init.o(.text)
    isspace                                  0x00000e59   Thumb Code    18  isspace.o(.text)
    _printf_char_common                      0x00000e77   Thumb Code    32  _printf_char_common.o(.text)
    __vfscanf                                0x00000e9d   Thumb Code   876  _scanf.o(.text)
    ferror                                   0x0000120d   Thumb Code     8  ferror.o(.text)
    setvbuf                                  0x00001215   Thumb Code    70  setvbuf.o(.text)
    freopen                                  0x0000125d   Thumb Code   158  fopen.o(.text)
    fopen                                    0x000012fb   Thumb Code    74  fopen.o(.text)
    _fclose_internal                         0x00001349   Thumb Code    76  fclose.o(.text)
    fclose                                   0x00001349   Thumb Code     0  fclose.o(.text)
    __sig_exit                               0x00001395   Thumb Code    10  defsig_exit.o(.text)
    __rt_SIGRTRED                            0x0000139f   Thumb Code    14  defsig_rtred_outer.o(.text)
    __aeabi_memclr4                          0x000013ad   Thumb Code     0  rt_memclr_w.o(.text)
    __aeabi_memclr8                          0x000013ad   Thumb Code     0  rt_memclr_w.o(.text)
    __rt_memclr_w                            0x000013ad   Thumb Code    78  rt_memclr_w.o(.text)
    _memset_w                                0x000013b1   Thumb Code     0  rt_memclr_w.o(.text)
    _sys_exit                                0x000013fd   Thumb Code     8  sys_exit.o(.text)
    __rt_ctype_table                         0x00001409   Thumb Code    16  rt_ctype_table.o(.text)
    __Heap_ProvideMemory                     0x00001419   Thumb Code    52  h1_extend.o(.text)
    __flsbuf                                 0x0000144d   Thumb Code   478  flsbuf.o(.text)
    __flsbuf_byte                            0x0000144d   Thumb Code     0  flsbuf.o(.text)
    __flsbuf_wide                            0x0000144d   Thumb Code     0  flsbuf.o(.text)
    _fseek                                   0x0000162d   Thumb Code   242  fseek.o(.text)
    fseek                                    0x0000162d   Thumb Code     0  fseek.o(.text)
    _seterr                                  0x00001725   Thumb Code    20  stdio.o(.text)
    _writebuf                                0x00001739   Thumb Code    84  stdio.o(.text)
    _fflush                                  0x0000178d   Thumb Code    70  stdio.o(.text)
    _deferredlazyseek                        0x000017d3   Thumb Code    60  stdio.o(.text)
    __default_signal_display                 0x00001815   Thumb Code    50  defsig_general.o(.text)
    __rt_SIGRTRED_inner                      0x00001849   Thumb Code    14  defsig_rtred_inner.o(.text)
    __rt_SIGRTMEM                            0x0000187d   Thumb Code    14  defsig_rtmem_outer.o(.text)
    __rt_heap_escrow                         0x0000188d   Thumb Code    22  heapauxa.o(.text)
    __rt_heap_expand                         0x000018a3   Thumb Code    52  heapauxa.o(.text)
    _ttywrch                                 0x000018dd   Thumb Code    14  sys_wrch.o(.text)
    __I$use$semihosting                      0x000018eb   Thumb Code     0  use_no_semi.o(.text)
    __use_no_semihosting_swi                 0x000018eb   Thumb Code     2  use_no_semi.o(.text)
    __rt_locale                              0x000018ed   Thumb Code     8  rt_locale.o(.text)
    __semihosting_library_function           0x000018ed   Thumb Code     0  indicate_semi.o(.text)
    _ftell_internal                          0x000018f5   Thumb Code    70  ftell.o(.text)
    ftell                                    0x000018f5   Thumb Code     0  ftell.o(.text)
    __rt_SIGRTMEM_inner                      0x0000193d   Thumb Code    22  defsig_rtmem_inner.o(.text)
    __aeabi_errno_addr                       0x0000198d   Thumb Code     8  rt_errno_addr.o(.text)
    __errno                                  0x0000198d   Thumb Code     0  rt_errno_addr.o(.text)
    __rt_errno_addr                          0x0000198d   Thumb Code     0  rt_errno_addr.o(.text)
    main                                     0x00001995   Thumb Code    14  retarget.o(i.$Sub$$main)
    NVIC_SetVector                           0x000019a5   Thumb Code    42  cmsis_nvic.o(i.NVIC_SetVector)
    SystemInit                               0x000019d5   Thumb Code   146  system_LPC17xx.o(i.SystemInit)
    mbed::FileBase::getPathType()            0x00001a91   Thumb Code     4  FileBase.o(i._ZN4mbed8FileBase11getPathTypeEv)
    mbed::FileBase::lookup(const char*, unsigned) 0x00001a95   Thumb Code    50  FileBase.o(i._ZN4mbed8FileBase6lookupEPKcj)
    mbed::FilePath::fileSystem()             0x00001acd   Thumb Code    16  FilePath.o(i._ZN4mbed8FilePath10fileSystemEv)
    mbed::FilePath::isFileSystem()           0x00001add   Thumb Code    20  FilePath.o(i._ZN4mbed8FilePath12isFileSystemEv)
    mbed::FilePath::file()                   0x00001af1   Thumb Code    22  FilePath.o(i._ZN4mbed8FilePath4fileEv)
    mbed::FilePath::exists()                 0x00001b07   Thumb Code    10  FilePath.o(i._ZN4mbed8FilePath6existsEv)
    mbed::FilePath::isFile()                 0x00001b11   Thumb Code    22  FilePath.o(i._ZN4mbed8FilePath6isFileEv)
    mbed::FilePath::fileName()               0x00001b27   Thumb Code     4  FilePath.o(i._ZN4mbed8FilePath8fileNameEv)
    mbed::FilePath::FilePath(const char*)    0x00001b2b   Thumb Code    62  FilePath.o(i._ZN4mbed8FilePathC1EPKc)
    mbed::FilePath::FilePath__sub_object(const char*) 0x00001b2b   Thumb Code     0  FilePath.o(i._ZN4mbed8FilePathC1EPKc)
    __user_setup_stackheap                   0x00001b69   Thumb Code    10  sys.o(i.__user_setup_stackheap)
    _sys_close                               0x00001b79   Thumb Code    36  retarget.o(i._sys_close)
    _sys_flen                                0x00001ba1   Thumb Code    32  retarget.o(i._sys_flen)
    _sys_istty                               0x00001bc5   Thumb Code    32  retarget.o(i._sys_istty)
    _sys_open                                0x00001be9   Thumb Code   232  retarget.o(i._sys_open)
    _sys_seek                                0x00001cdd   Thumb Code    34  retarget.o(i._sys_seek)
    _sys_write                               0x00001d05   Thumb Code    72  retarget.o(i._sys_write)
    exit                                     0x00001d59   Thumb Code    20  exit.o(i.exit)
    fputc                                    0x00001d6d   Thumb Code    26  fputc.o(i.fputc)
    gpio_dir                                 0x00001d87   Thumb Code    28  gpio_api.o(i.gpio_dir)
    gpio_init                                0x00001da3   Thumb Code    74  gpio_api.o(i.gpio_init)
    gpio_set                                 0x00001ded   Thumb Code    20  gpio_api.o(i.gpio_set)
    mbed_die                                 0x00001e11   Thumb Code   126  board.o(i.mbed_die)
    mbed_interface_connected                 0x00001e95   Thumb Code     4  mbed_interface.o(i.mbed_interface_connected)
    mbed_main                                0x00001e99   Thumb Code     2  retarget.o(i.mbed_main)
    pin_function                             0x00001e9d   Thumb Code    42  pinmap.o(i.pin_function)
    pin_mode                                 0x00001ed1   Thumb Code    76  pinmap.o(i.pin_mode)
    pinmap_merge                             0x00001f25   Thumb Code    32  pinmap_common.o(i.pinmap_merge)
    pinmap_peripheral                        0x00001f5d   Thumb Code    40  pinmap_common.o(i.pinmap_peripheral)
    pinmap_pinout                            0x00001fa9   Thumb Code    58  pinmap_common.o(i.pinmap_pinout)
    semihost_connected                       0x00001ffd   Thumb Code    10  semihost_api.o(i.semihost_connected)
    semihost_exit                            0x0000200d   Thumb Code    12  semihost_api.o(i.semihost_exit)
    serial_baud                              0x00002019   Thumb Code   396  serial_api.o(i.serial_baud)
    serial_format                            0x000021c5   Thumb Code   110  serial_api.o(i.serial_format)
    serial_init                              0x000022b5   Thumb Code   266  serial_api.o(i.serial_init)
    serial_putc                              0x000023f5   Thumb Code    14  serial_api.o(i.serial_putc)
    us_ticker_clear_interrupt                0x00002405   Thumb Code     8  us_ticker.o(i.us_ticker_clear_interrupt)
    us_ticker_disable_interrupt              0x00002411   Thumb Code    12  us_ticker.o(i.us_ticker_disable_interrupt)
    us_ticker_init                           0x00002421   Thumb Code    72  us_ticker.o(i.us_ticker_init)
    us_ticker_irq_handler                    0x00002481   Thumb Code    60  us_ticker_api.o(i.us_ticker_irq_handler)
    us_ticker_read                           0x000024c1   Thumb Code    18  us_ticker.o(i.us_ticker_read)
    us_ticker_set_interrupt                  0x000024dd   Thumb Code    14  us_ticker.o(i.us_ticker_set_interrupt)
    wait_ms                                  0x000024f1   Thumb Code    10  wait_api.o(i.wait_ms)
    wait_us                                  0x000024fb   Thumb Code    22  wait_api.o(i.wait_us)
    _get_lc_ctype                            0x00002511   Thumb Code    44  lc_ctype_c.o(locale$$code)
    __aeabi_fadd                             0x0000253d   Thumb Code     0  faddsub_clz.o(x$fpl$fadd)
    _fadd                                    0x0000253d   Thumb Code   196  faddsub_clz.o(x$fpl$fadd)
    __fpl_fcheck_NaN1                        0x00002601   Thumb Code     6  fcheck1.o(x$fpl$fcheck1)
    __fpl_fcmp_Inf                           0x0000260d   Thumb Code    24  fcmpi.o(x$fpl$fcmpinf)
    __aeabi_fdiv                             0x00002625   Thumb Code     0  fdiv.o(x$fpl$fdiv)
    _fdiv                                    0x00002625   Thumb Code   384  fdiv.o(x$fpl$fdiv)
    __aeabi_i2f                              0x000027a9   Thumb Code     0  fflt_clz.o(x$fpl$fflt)
    _fflt                                    0x000027a9   Thumb Code    48  fflt_clz.o(x$fpl$fflt)
    __aeabi_ui2f                             0x000027d9   Thumb Code     0  fflt_clz.o(x$fpl$ffltu)
    _ffltu                                   0x000027d9   Thumb Code    38  fflt_clz.o(x$fpl$ffltu)
    __aeabi_cfcmple                          0x00002801   Thumb Code     0  fleqf.o(x$fpl$fleqf)
    _fcmple                                  0x00002801   Thumb Code   104  fleqf.o(x$fpl$fleqf)
    __fpl_fcmple_InfNaN                      0x00002853   Thumb Code     0  fleqf.o(x$fpl$fleqf)
    __aeabi_fmul                             0x00002869   Thumb Code     0  fmul.o(x$fpl$fmul)
    _fmul                                    0x00002869   Thumb Code   258  fmul.o(x$fpl$fmul)
    __fpl_fnaninf                            0x0000296b   Thumb Code   140  fnaninf.o(x$fpl$fnaninf)
    __fpl_fretinf                            0x000029f7   Thumb Code    10  fretinf.o(x$fpl$fretinf)
    __aeabi_fsub                             0x00002a01   Thumb Code     0  faddsub_clz.o(x$fpl$fsub)
    _fsub                                    0x00002a01   Thumb Code   234  faddsub_clz.o(x$fpl$fsub)
    __fpl_return_NaN                         0x00002aeb   Thumb Code   100  retnan.o(x$fpl$retnan)
    __ARM_scalbnf                            0x00002b4f   Thumb Code    76  scalbnf.o(x$fpl$scalbnf)
    __fpl_cmpreturn                          0x00002b9b   Thumb Code    48  trapv.o(x$fpl$trapveneer)
    __I$use$fp                               0x00002bca   Number         0  usenofp.o(x$fpl$usenofp)
    __stdin_name                             0x00002c30   Data           7  retarget.o(.constdata)
    __stdout_name                            0x00002c37   Data           8  retarget.o(.constdata)
    __stderr_name                            0x00002c3f   Data           8  retarget.o(.constdata)
    Region$$Table$$Base                      0x00002d20   Number         0  anon$$obj.o(Region$$Table)
    Region$$Table$$Limit                     0x00002d40   Number         0  anon$$obj.o(Region$$Table)
    __ctype                                  0x00002d4d   Data           0  lc_ctype_c.o(locale$$data)
    ignore_data_nack                         0x100000c8   Data           4  i2c0.o(.data)
    i2c_status_pos                           0x100000e0   Data           4  i2c0.o(.data)
    regs                                     0x100000e4   Data           4  i2c0.o(.data)
    irqn                                     0x100000e8   Data           1  i2c0.o(.data)
    SystemCoreClock                          0x100000ec   Data           4  system_LPC17xx.o(.data)
    stdio_uart_inited                        0x100000f0   Data           4  serial_api.o(.data)
    stdio_uart                               0x100000f8   Data           8  serial_api.o(.data)
    mbed::FileBase::_head                    0x10000100   Data           4  FileBase.o(.data)
    us_ticker_inited                         0x10000104   Data           4  us_ticker.o(.data)
    __aeabi_stdin                            0x10000110   Data           4  stdio_streams.o(.data)
    __aeabi_stdout                           0x10000114   Data           4  stdio_streams.o(.data)
    __aeabi_stderr                           0x10000118   Data           4  stdio_streams.o(.data)
    i2c_status_buf                           0x10000120   Data         100  i2c0.o(.bss)
    __stdin                                  0x100001c4   Data          84  stdio_streams.o(.bss)
    __stdout                                 0x10000218   Data          84  stdio_streams.o(.bss)
    __stderr                                 0x1000026c   Data          84  stdio_streams.o(.bss)
    Image$$RW_IRAM1$$ZI$$Limit               0x100002dc   Number         0  rt_errno_addr.o(.bss)



==============================================================================

Memory Map of the image

  Image Entry point : 0x000000c5

  Load Region LR_IROM1 (Base: 0x00000000, Size: 0x00002ea8, Max: 0x00080000, ABSOLUTE)

    Execution Region ER_IROM1 (Base: 0x00000000, Size: 0x00002e50, Max: 0x00080000, ABSOLUTE)

    Base Addr    Size         Type   Attr      Idx    E Section Name        Object

    0x00000000   0x000000c4   Data   RO          314    RESET               startup_LPC17xx.o
    0x000000c4   0x00000008   Code   RO          780  * !!!main             c_w.l(__main.o)
    0x000000cc   0x00000034   Code   RO         1363    !!!scatter          c_w.l(__scatter.o)
    0x00000100   0x0000001a   Code   RO         1365    !!handler_copy      c_w.l(__scatter_copy.o)
    0x0000011a   0x00000002   PAD
    0x0000011c   0x0000001c   Code   RO         1367    !!handler_zi        c_w.l(__scatter_zi.o)
    0x00000138   0x00000000   Code   RO          759    .ARM.Collect$$_printf_percent$$00000000  c_w.l(_printf_percent.o)
    0x00000138   0x00000006   Code   RO          758    .ARM.Collect$$_printf_percent$$00000009  c_w.l(_printf_d.o)
    0x0000013e   0x00000006   Code   RO          757    .ARM.Collect$$_printf_percent$$00000014  c_w.l(_printf_s.o)
    0x00000144   0x00000004   Code   RO          996    .ARM.Collect$$_printf_percent$$00000017  c_w.l(_printf_percent_end.o)
    0x00000148   0x00000002   Code   RO         1264    .ARM.Collect$$libinit$$00000000  c_w.l(libinit.o)
    0x0000014a   0x00000000   Code   RO         1139    .ARM.Collect$$libinit$$00000002  c_w.l(libinit2.o)
    0x0000014a   0x00000008   Code   RO         1140    .ARM.Collect$$libinit$$00000003  c_w.l(libinit2.o)
    0x00000152   0x00000000   Code   RO         1142    .ARM.Collect$$libinit$$00000008  c_w.l(libinit2.o)
    0x00000152   0x00000000   Code   RO         1144    .ARM.Collect$$libinit$$0000000A  c_w.l(libinit2.o)
    0x00000152   0x00000000   Code   RO         1146    .ARM.Collect$$libinit$$0000000C  c_w.l(libinit2.o)
    0x00000152   0x00000006   Code   RO         1147    .ARM.Collect$$libinit$$0000000D  c_w.l(libinit2.o)
    0x00000158   0x00000000   Code   RO         1149    .ARM.Collect$$libinit$$0000000F  c_w.l(libinit2.o)
    0x00000158   0x0000000c   Code   RO         1150    .ARM.Collect$$libinit$$00000010  c_w.l(libinit2.o)
    0x00000164   0x00000000   Code   RO         1151    .ARM.Collect$$libinit$$00000011  c_w.l(libinit2.o)
    0x00000164   0x00000000   Code   RO         1153    .ARM.Collect$$libinit$$00000013  c_w.l(libinit2.o)
    0x00000164   0x00000000   Code   RO         1155    .ARM.Collect$$libinit$$00000015  c_w.l(libinit2.o)
    0x00000164   0x00000000   Code   RO         1157    .ARM.Collect$$libinit$$00000017  c_w.l(libinit2.o)
    0x00000164   0x00000000   Code   RO         1159    .ARM.Collect$$libinit$$00000019  c_w.l(libinit2.o)
    0x00000164   0x00000000   Code   RO         1161    .ARM.Collect$$libinit$$0000001B  c_w.l(libinit2.o)
    0x00000164   0x00000000   Code   RO         1163    .ARM.Collect$$libinit$$0000001D  c_w.l(libinit2.o)
    0x00000164   0x00000000   Code   RO         1165    .ARM.Collect$$libinit$$0000001F  c_w.l(libinit2.o)
    0x00000164   0x00000000   Code   RO         1167    .ARM.Collect$$libinit$$00000021  c_w.l(libinit2.o)
    0x00000164   0x00000004   Code   RO         1168    .ARM.Collect$$libinit$$00000022  c_w.l(libinit2.o)
    0x00000168   0x00000000   Code   RO         1169    .ARM.Collect$$libinit$$00000023  c_w.l(libinit2.o)
    0x00000168   0x00000000   Code   RO         1173    .ARM.Collect$$libinit$$0000002A  c_w.l(libinit2.o)
    0x00000168   0x00000000   Code   RO         1175    .ARM.Collect$$libinit$$0000002C  c_w.l(libinit2.o)
    0x00000168   0x00000000   Code   RO         1177    .ARM.Collect$$libinit$$0000002E  c_w.l(libinit2.o)
    0x00000168   0x00000000   Code   RO         1179    .ARM.Collect$$libinit$$00000030  c_w.l(libinit2.o)
    0x00000168   0x00000002   Code   RO         1180    .ARM.Collect$$libinit$$00000031  c_w.l(libinit2.o)
    0x0000016a   0x00000000   Code   RO         1183    .ARM.Collect$$libshutdown$$00000003  c_w.l(libshutdown2.o)
    0x0000016a   0x00000000   Code   RO          918    .ARM.Collect$$rtentry$$00000000  c_w.l(rtentry.o)
    0x0000016a   0x00000000   Code   RO         1056    .ARM.Collect$$rtentry$$00000002  c_w.l(rtentry2.o)
    0x0000016a   0x00000006   Code   RO         1068    .ARM.Collect$$rtentry$$00000004  c_w.l(rtentry4.o)
    0x00000170   0x00000000   Code   RO         1058    .ARM.Collect$$rtentry$$00000009  c_w.l(rtentry2.o)
    0x00000170   0x00000004   Code   RO         1059    .ARM.Collect$$rtentry$$0000000A  c_w.l(rtentry2.o)
    0x00000174   0x00000000   Code   RO         1061    .ARM.Collect$$rtentry$$0000000C  c_w.l(rtentry2.o)
    0x00000174   0x00000008   Code   RO         1062    .ARM.Collect$$rtentry$$0000000D  c_w.l(rtentry2.o)
    0x0000017c   0x00000000   Code   RO         1222    .emb_text           c_w.l(maybetermalloc1.o)
    0x0000017c   0x00000068   Code   RO            3    .text               main.o
    0x000001e4   0x00000024   Code   RO          316    .text               startup_LPC17xx.o
    0x00000208   0x00000018   Code   RO          727    .text               c_w.l(noretval__2printf.o)
    0x00000220   0x00000014   Code   RO          729    .text               c_w.l(noretval__2fprintf.o)
    0x00000234   0x00000068   Code   RO          731    .text               c_w.l(__printf.o)
    0x0000029c   0x00000052   Code   RO          733    .text               c_w.l(_printf_str.o)
    0x000002ee   0x00000002   PAD
    0x000002f0   0x00000008   Code   RO         1074    .text               c_w.l(rt_heap_descriptor.o)
    0x000002f8   0x00000004   Code   RO         1079    .text               c_w.l(hguard.o)
    0x000002fc   0x00000004   Code   RO          315    .ARM.__at_0x02FC    startup_LPC17xx.o
    0x00000300   0x00000390   Code   RO          263    .text               i2c0.o
    0x00000690   0x00000078   Code   RO          735    .text               c_w.l(_printf_dec.o)
    0x00000708   0x0000003c   Code   RO          760    .text               c_w.l(__0sscanf.o)
    0x00000744   0x00000150   Code   RO          762    .text               c_w.l(_scanf_int.o)
    0x00000894   0x0000003e   Code   RO          770    .text               c_w.l(strlen.o)
    0x000008d2   0x00000096   Code   RO          772    .text               c_w.l(strncmp.o)
    0x00000968   0x00000064   Code   RO          774    .text               c_w.l(rt_memcpy_w.o)
    0x000009cc   0x00000080   Code   RO          778    .text               c_w.l(strcmpv7m.o)
    0x00000a4c   0x0000005e   Code   RO          932    .text               c_w.l(h1_alloc.o)
    0x00000aaa   0x0000004e   Code   RO          934    .text               c_w.l(h1_free.o)
    0x00000af8   0x000000b8   Code   RO          990    .text               c_w.l(_printf_intcommon.o)
    0x00000bb0   0x0000002c   Code   RO          992    .text               c_w.l(_printf_char.o)
    0x00000bdc   0x00000024   Code   RO          994    .text               c_w.l(_printf_char_file.o)
    0x00000c00   0x0000001c   Code   RO          997    .text               c_w.l(_chval.o)
    0x00000c1c   0x0000002c   Code   RO          999    .text               c_w.l(scanf_char.o)
    0x00000c48   0x00000040   Code   RO         1001    .text               c_w.l(_sgetc.o)
    0x00000c88   0x00000138   Code   RO         1003    .text               c_w.l(initio.o)
    0x00000dc0   0x0000008a   Code   RO         1081    .text               c_w.l(init_alloc.o)
    0x00000e4a   0x0000000e   Code   RO         1085    .text               c_w.l(h1_init.o)
    0x00000e58   0x00000012   Code   RO         1099    .text               c_w.l(isspace.o)
    0x00000e6a   0x00000002   PAD
    0x00000e6c   0x00000030   Code   RO         1101    .text               c_w.l(_printf_char_common.o)
    0x00000e9c   0x00000370   Code   RO         1103    .text               c_w.l(_scanf.o)
    0x0000120c   0x00000008   Code   RO         1105    .text               c_w.l(ferror.o)
    0x00001214   0x00000046   Code   RO         1111    .text               c_w.l(setvbuf.o)
    0x0000125a   0x00000002   PAD
    0x0000125c   0x000000ec   Code   RO         1114    .text               c_w.l(fopen.o)
    0x00001348   0x0000004c   Code   RO         1116    .text               c_w.l(fclose.o)
    0x00001394   0x0000000a   Code   RO         1126    .text               c_w.l(defsig_exit.o)
    0x0000139e   0x0000000e   Code   RO         1128    .text               c_w.l(defsig_rtred_outer.o)
    0x000013ac   0x0000004e   Code   RO         1134    .text               c_w.l(rt_memclr_w.o)
    0x000013fa   0x00000002   PAD
    0x000013fc   0x0000000c   Code   RO         1216    .text               c_w.l(sys_exit.o)
    0x00001408   0x00000010   Code   RO         1218    .text               c_w.l(rt_ctype_table.o)
    0x00001418   0x00000034   Code   RO         1224    .text               c_w.l(h1_extend.o)
    0x0000144c   0x000001de   Code   RO         1230    .text               c_w.l(flsbuf.o)
    0x0000162a   0x00000002   PAD
    0x0000162c   0x000000f8   Code   RO         1232    .text               c_w.l(fseek.o)
    0x00001724   0x000000f0   Code   RO         1234    .text               c_w.l(stdio.o)
    0x00001814   0x00000032   Code   RO         1240    .text               c_w.l(defsig_general.o)
    0x00001846   0x00000002   PAD
    0x00001848   0x00000034   Code   RO         1246    .text               c_w.l(defsig_rtred_inner.o)
    0x0000187c   0x0000000e   Code   RO         1248    .text               c_w.l(defsig_rtmem_outer.o)
    0x0000188a   0x00000002   PAD
    0x0000188c   0x00000050   Code   RO         1252    .text               c_w.l(heapauxa.o)
    0x000018dc   0x0000000e   Code   RO         1283    .text               c_w.l(sys_wrch.o)
    0x000018ea   0x00000002   Code   RO         1285    .text               c_w.l(use_no_semi.o)
    0x000018ec   0x00000000   Code   RO         1287    .text               c_w.l(indicate_semi.o)
    0x000018ec   0x00000008   Code   RO         1288    .text               c_w.l(rt_locale.o)
    0x000018f4   0x00000046   Code   RO         1302    .text               c_w.l(ftell.o)
    0x0000193a   0x00000002   PAD
    0x0000193c   0x00000050   Code   RO         1319    .text               c_w.l(defsig_rtmem_inner.o)
    0x0000198c   0x00000008   Code   RO         1332    .text               c_w.l(rt_errno_addr.o)
    0x00001994   0x0000000e   Code   RO          320    i.$Sub$$main        retarget.o
    0x000019a2   0x00000002   PAD
    0x000019a4   0x00000030   Code   RO          300    i.NVIC_SetVector    cmsis_nvic.o
    0x000019d4   0x0000009c   Code   RO          308    i.SystemInit        system_LPC17xx.o
    0x00001a70   0x00000020   Code   RO          321    i._Z11init_serialv  retarget.o
    0x00001a90   0x00000004   Code   RO          579    i._ZN4mbed8FileBase11getPathTypeEv  mbed.ar(FileBase.o)
    0x00001a94   0x00000038   Code   RO          581    i._ZN4mbed8FileBase6lookupEPKcj  mbed.ar(FileBase.o)
    0x00001acc   0x00000010   Code   RO          470    i._ZN4mbed8FilePath10fileSystemEv  mbed.ar(FilePath.o)
    0x00001adc   0x00000014   Code   RO          471    i._ZN4mbed8FilePath12isFileSystemEv  mbed.ar(FilePath.o)
    0x00001af0   0x00000016   Code   RO          472    i._ZN4mbed8FilePath4fileEv  mbed.ar(FilePath.o)
    0x00001b06   0x0000000a   Code   RO          473    i._ZN4mbed8FilePath6existsEv  mbed.ar(FilePath.o)
    0x00001b10   0x00000016   Code   RO          474    i._ZN4mbed8FilePath6isFileEv  mbed.ar(FilePath.o)
    0x00001b26   0x00000004   Code   RO          475    i._ZN4mbed8FilePath8fileNameEv  mbed.ar(FilePath.o)
    0x00001b2a   0x0000003e   Code   RO          476    i._ZN4mbed8FilePathC1EPKc  mbed.ar(FilePath.o)
    0x00001b68   0x00000010   Code   RO          294    i.__user_setup_stackheap  sys.o
    0x00001b78   0x00000028   Code   RO          324    i._sys_close        retarget.o
    0x00001ba0   0x00000024   Code   RO          327    i._sys_flen         retarget.o
    0x00001bc4   0x00000024   Code   RO          328    i._sys_istty        retarget.o
    0x00001be8   0x000000f4   Code   RO          329    i._sys_open         retarget.o
    0x00001cdc   0x00000028   Code   RO          331    i._sys_seek         retarget.o
    0x00001d04   0x00000054   Code   RO          332    i._sys_write        retarget.o
    0x00001d58   0x00000014   Code   RO          563    i.exit              mbed.ar(exit.o)
    0x00001d6c   0x0000001a   Code   RO         1108    i.fputc             c_w.l(fputc.o)
    0x00001d86   0x0000001c   Code   RO          675    i.gpio_dir          mbed.ar(gpio_api.o)
    0x00001da2   0x0000004a   Code   RO          676    i.gpio_init         mbed.ar(gpio_api.o)
    0x00001dec   0x00000014   Code   RO          678    i.gpio_set          mbed.ar(gpio_api.o)
    0x00001e00   0x0000000e   Code   RO          609    i.gpio_write        mbed.ar(board.o)
    0x00001e0e   0x00000002   PAD
    0x00001e10   0x00000084   Code   RO          610    i.mbed_die          mbed.ar(board.o)
    0x00001e94   0x00000004   Code   RO          617    i.mbed_interface_connected  mbed.ar(mbed_interface.o)
    0x00001e98   0x00000002   Code   RO          334    i.mbed_main         retarget.o
    0x00001e9a   0x00000002   PAD
    0x00001e9c   0x00000034   Code   RO          555    i.pin_function      mbed.ar(pinmap.o)
    0x00001ed0   0x00000054   Code   RO          556    i.pin_mode          mbed.ar(pinmap.o)
    0x00001f24   0x00000038   Code   RO          569    i.pinmap_merge      mbed.ar(pinmap_common.o)
    0x00001f5c   0x0000004c   Code   RO          570    i.pinmap_peripheral  mbed.ar(pinmap_common.o)
    0x00001fa8   0x00000054   Code   RO          571    i.pinmap_pinout     mbed.ar(pinmap_common.o)
    0x00001ffc   0x00000010   Code   RO          638    i.semihost_connected  mbed.ar(semihost_api.o)
    0x0000200c   0x0000000c   Code   RO          641    i.semihost_exit     mbed.ar(semihost_api.o)
    0x00002018   0x000001ac   Code   RO          425    i.serial_baud       mbed.ar(serial_api.o)
    0x000021c4   0x000000f0   Code   RO          429    i.serial_format     mbed.ar(serial_api.o)
    0x000022b4   0x00000140   Code   RO          432    i.serial_init       mbed.ar(serial_api.o)
    0x000023f4   0x0000000e   Code   RO          436    i.serial_putc       mbed.ar(serial_api.o)
    0x00002402   0x00000002   PAD
    0x00002404   0x0000000c   Code   RO          693    i.us_ticker_clear_interrupt  mbed.ar(us_ticker.o)
    0x00002410   0x00000010   Code   RO          694    i.us_ticker_disable_interrupt  mbed.ar(us_ticker.o)
    0x00002420   0x00000060   Code   RO          695    i.us_ticker_init    mbed.ar(us_ticker.o)
    0x00002480   0x00000040   Code   RO          709    i.us_ticker_irq_handler  mbed.ar(us_ticker_api.o)
    0x000024c0   0x0000001c   Code   RO          696    i.us_ticker_read    mbed.ar(us_ticker.o)
    0x000024dc   0x00000014   Code   RO          697    i.us_ticker_set_interrupt  mbed.ar(us_ticker.o)
    0x000024f0   0x0000000a   Code   RO          686    i.wait_ms           mbed.ar(wait_api.o)
    0x000024fa   0x00000016   Code   RO          687    i.wait_us           mbed.ar(wait_api.o)
    0x00002510   0x0000002c   Code   RO         1309    locale$$code        c_w.l(lc_ctype_c.o)
    0x0000253c   0x000000c4   Code   RO          892    x$fpl$fadd          fz_ws.l(faddsub_clz.o)
    0x00002600   0x0000000c   Code   RO         1041    x$fpl$fcheck1       fz_ws.l(fcheck1.o)
    0x0000260c   0x00000018   Code   RO         1043    x$fpl$fcmpinf       fz_ws.l(fcmpi.o)
    0x00002624   0x00000184   Code   RO          899    x$fpl$fdiv          fz_ws.l(fdiv.o)
    0x000027a8   0x00000030   Code   RO          907    x$fpl$fflt          fz_ws.l(fflt_clz.o)
    0x000027d8   0x00000026   Code   RO          906    x$fpl$ffltu         fz_ws.l(fflt_clz.o)
    0x000027fe   0x00000002   PAD
    0x00002800   0x00000068   Code   RO          912    x$fpl$fleqf         fz_ws.l(fleqf.o)
    0x00002868   0x00000102   Code   RO          914    x$fpl$fmul          fz_ws.l(fmul.o)
    0x0000296a   0x0000008c   Code   RO         1045    x$fpl$fnaninf       fz_ws.l(fnaninf.o)
    0x000029f6   0x0000000a   Code   RO         1047    x$fpl$fretinf       fz_ws.l(fretinf.o)
    0x00002a00   0x000000ea   Code   RO          894    x$fpl$fsub          fz_ws.l(faddsub_clz.o)
    0x00002aea   0x00000064   Code   RO         1214    x$fpl$retnan        fz_ws.l(retnan.o)
    0x00002b4e   0x0000004c   Code   RO          916    x$fpl$scalbnf       fz_ws.l(scalbnf.o)
    0x00002b9a   0x00000030   Code   RO         1281    x$fpl$trapveneer    fz_ws.l(trapv.o)
    0x00002bca   0x00000000   Code   RO         1049    x$fpl$usenofp       fz_ws.l(usenofp.o)
    0x00002bca   0x00000002   PAD
    0x00002bcc   0x00000064   Data   RO            5    .constdata          main.o
    0x00002c30   0x00000017   Data   RO          371    .constdata          retarget.o
    0x00002c47   0x00000001   PAD
    0x00002c48   0x000000d8   Data   RO          445    .constdata          mbed.ar(serial_api.o)
    0x00002d20   0x00000020   Data   RO         1361    Region$$Table       anon$$obj.o
    0x00002d40   0x00000110   Data   RO         1308    locale$$data        c_w.l(lc_ctype_c.o)


    Execution Region RW_IRAM1 (Base: 0x100000c8, Size: 0x00000214, Max: 0x00007f38, ABSOLUTE)

    Base Addr    Size         Type   Attr      Idx    E Section Name        Object

    0x100000c8   0x00000021   Data   RW          266    .data               i2c0.o
    0x100000e9   0x00000003   PAD
    0x100000ec   0x00000004   Data   RW          309    .data               system_LPC17xx.o
    0x100000f0   0x00000010   Data   RW          446    .data               mbed.ar(serial_api.o)
    0x10000100   0x00000004   Data   RW          593    .data               mbed.ar(FileBase.o)
    0x10000104   0x00000004   Data   RW          698    .data               mbed.ar(us_ticker.o)
    0x10000108   0x00000008   Data   RW          712    .data               mbed.ar(us_ticker_api.o)
    0x10000110   0x00000004   Data   RW          767    .data               c_w.l(stdio_streams.o)
    0x10000114   0x00000004   Data   RW          768    .data               c_w.l(stdio_streams.o)
    0x10000118   0x00000004   Data   RW          769    .data               c_w.l(stdio_streams.o)
    0x1000011c   0x00000004   Data   RW         1253    .data               c_w.l(heapauxa.o)
    0x10000120   0x00000064   Zero   RW          265    .bss                i2c0.o
    0x10000184   0x00000040   Zero   RW          370    .bss                retarget.o
    0x100001c4   0x00000054   Zero   RW          764    .bss                c_w.l(stdio_streams.o)
    0x10000218   0x00000054   Zero   RW          765    .bss                c_w.l(stdio_streams.o)
    0x1000026c   0x00000054   Zero   RW          766    .bss                c_w.l(stdio_streams.o)
    0x100002c0   0x00000004   Zero   RW         1075    .bss                c_w.l(rt_heap_descriptor.o)
    0x100002c4   0x00000014   Zero   RW         1289    .bss                c_w.l(rt_locale.o)
    0x100002d8   0x00000004   Zero   RW         1333    .bss                c_w.l(rt_errno_addr.o)


    Execution Region RW_IRAM2 (Base: 0x2007c000, Size: 0x00000000, Max: 0x00004000, ABSOLUTE)

    **** No section assigned to this execution region ****


    Execution Region RW_IRAM3 (Base: 0x20080000, Size: 0x00000000, Max: 0x00004000, ABSOLUTE)

    **** No section assigned to this execution region ****


    Execution Region RW_IRAM4 (Base: 0x40038000, Size: 0x00000000, Max: 0x00000800, ABSOLUTE)

    **** No section assigned to this execution region ****


==============================================================================

Image component sizes


      Code (inc. data)   RO Data    RW Data    ZI Data      Debug   Object Name

        48          6          0          0          0         84   cmsis_nvic.o
       912         80          0         33        100      26806   i2c0.o
       104         32        100          0          0      21459   main.o
       528         54         23          0         64        652   retarget.o
        40         12        196          0          0        228   startup_LPC17xx.o
        16          6          0          0          0         68   sys.o
       156         10          0          4          0         76   system_LPC17xx.o

    ----------------------------------------------------------------------
      1808        200        352         40        164      49373   Object Totals
         0          0         32          0          0          0   (incl. Generated)
         4          0          1          3          0          0   (incl. Padding)

    ----------------------------------------------------------------------

      Code (inc. data)   RO Data    RW Data    ZI Data      Debug   Library Member Name

        60          8          0          0          0         84   __0sscanf.o
         8          0          0          0          0         68   __main.o
       104          0          0          0          0         84   __printf.o
        52          8          0          0          0          0   __scatter.o
        26          0          0          0          0          0   __scatter_copy.o
        28          0          0          0          0          0   __scatter_zi.o
        28          0          0          0          0         68   _chval.o
        44          0          0          0          0        108   _printf_char.o
        48          6          0          0          0         96   _printf_char_common.o
        36          4          0          0          0         80   _printf_char_file.o
         6          0          0          0          0          0   _printf_d.o
       120         18          0          0          0         92   _printf_dec.o
       184          0          0          0          0         88   _printf_intcommon.o
         0          0          0          0          0          0   _printf_percent.o
         4          0          0          0          0          0   _printf_percent_end.o
         6          0          0          0          0          0   _printf_s.o
        82          0          0          0          0         80   _printf_str.o
       880          4          0          0          0        100   _scanf.o
       336          0          0          0          0         96   _scanf_int.o
        64          0          0          0          0         84   _sgetc.o
        10          0          0          0          0         68   defsig_exit.o
        50          0          0          0          0         88   defsig_general.o
        80         58          0          0          0         76   defsig_rtmem_inner.o
        14          0          0          0          0         80   defsig_rtmem_outer.o
        52         38          0          0          0         76   defsig_rtred_inner.o
        14          0          0          0          0         80   defsig_rtred_outer.o
        76          0          0          0          0         88   fclose.o
         8          0          0          0          0         68   ferror.o
       478          0          0          0          0         88   flsbuf.o
       236          4          0          0          0        128   fopen.o
        26          0          0          0          0         68   fputc.o
       248          6          0          0          0         84   fseek.o
        70          0          0          0          0         76   ftell.o
        94          0          0          0          0         80   h1_alloc.o
        52          0          0          0          0         68   h1_extend.o
        78          0          0          0          0         80   h1_free.o
        14          0          0          0          0         84   h1_init.o
        80          6          0          4          0         96   heapauxa.o
         4          0          0          0          0        136   hguard.o
         0          0          0          0          0          0   indicate_semi.o
       138          0          0          0          0        168   init_alloc.o
       312         46          0          0          0        112   initio.o
        18          0          0          0          0         76   isspace.o
        44         10        272          0          0         76   lc_ctype_c.o
         2          0          0          0          0          0   libinit.o
        32          0          0          0          0          0   libinit2.o
         0          0          0          0          0          0   libshutdown2.o
         0          0          0          0          0          0   maybetermalloc1.o
        20          0          0          0          0         84   noretval__2fprintf.o
        24          4          0          0          0         84   noretval__2printf.o
        16          4          0          0          0         76   rt_ctype_table.o
         8          4          0          0          4         68   rt_errno_addr.o
         8          4          0          0          4         68   rt_heap_descriptor.o
         8          4          0          0         20         68   rt_locale.o
        78          0          0          0          0         80   rt_memclr_w.o
       100          0          0          0          0         80   rt_memcpy_w.o
         0          0          0          0          0          0   rtentry.o
        12          0          0          0          0          0   rtentry2.o
         6          0          0          0          0          0   rtentry4.o
        44          8          0          0          0         84   scanf_char.o
        70          0          0          0          0         80   setvbuf.o
       240          6          0          0          0        156   stdio.o
         0          0          0         12        252          0   stdio_streams.o
       128          0          0          0          0         68   strcmpv7m.o
        62          0          0          0          0         76   strlen.o
       150          0          0          0          0         80   strncmp.o
        12          4          0          0          0         68   sys_exit.o
        14          0          0          0          0         76   sys_wrch.o
         2          0          0          0          0         68   use_no_semi.o
       430          8          0          0          0        168   faddsub_clz.o
        12          4          0          0          0         68   fcheck1.o
        24          0          0          0          0         68   fcmpi.o
       388         76          0          0          0         96   fdiv.o
        86          0          0          0          0        136   fflt_clz.o
       104          4          0          0          0         84   fleqf.o
       258          4          0          0          0         84   fmul.o
       140          4          0          0          0         84   fnaninf.o
        10          0          0          0          0         68   fretinf.o
       100          0          0          0          0         68   retnan.o
        76          0          0          0          0         68   scalbnf.o
        48          0          0          0          0         68   trapv.o
         0          0          0          0          0          0   usenofp.o
        60          6          0          4          0        148   FileBase.o
       156          0          0          0          0        516   FilePath.o
       146          6          0          0          0        144   board.o
        20          0          0          0          0         72   exit.o
       122          0          0          0          0        236   gpio_api.o
         4          0          0          0          0         68   mbed_interface.o
       136         18          0          0          0        160   pinmap.o
       216         86          0          0          0        236   pinmap_common.o
        28          6          0          0          0        148   semihost_api.o
      1002        222        216         16          0        336   serial_api.o
       172         48          0          4          0        356   us_ticker.o
        64          4          0          8          0         88   us_ticker_api.o
        32          0          0          0          0        148   wait_api.o

    ----------------------------------------------------------------------
      9208        750        488         48        280       8252   Library Totals
        26          0          0          0          0          0   (incl. Padding)

    ----------------------------------------------------------------------

      Code (inc. data)   RO Data    RW Data    ZI Data      Debug   Library Name

      5348        254        272         16        280       4536   c_w.l
      1676        100          0          0          0       1060   fz_ws.l
      2158        396        216         32          0       2656   mbed.ar

    ----------------------------------------------------------------------
      9208        750        488         48        280       8252   Library Totals

    ----------------------------------------------------------------------

==============================================================================


      Code (inc. data)   RO Data    RW Data    ZI Data      Debug   

     11016        950        840         88        444      51853   Grand Totals
     11016        950        840         88        444      51853   ELF Image Totals
     11016        950        840         88          0          0   ROM Totals

==============================================================================

    Total RO  Size (Code + RO Data)                11856 (  11.58kB)
    Total RW  Size (RW Data + ZI Data)               532 (   0.52kB)
    Total ROM Size (Code + RO Data + RW Data)      11944 (  11.66kB)

==============================================================================

